******************************************************************************
             TMS320C2000 Linker PC v22.6.2                     
******************************************************************************
>> Linked Wed Dec 10 14:45:04 2025

OUTPUT FILE NAME:   <dual_axis_servo_drive_fcl_qep_f28002x.out>
ENTRY POINT SYMBOL: "code_start"  address: 00080000


MEMORY CONFIGURATION

         name            origin    length      used     unused   attr    fill
----------------------  --------  ---------  --------  --------  ----  --------
  BOOT_RSVD             00000000   00000050  00000000  00000050  RWIX
  RAMM0S                00000050   000001b0  0000013c  00000074  RWIX
  RAMM1D                00000200   00000600  000003f1  0000020f  RWIX
  ADCA_RESULT           00000b00   00000020  00000000  00000020  RWIX
  ADCB_RESULT           00000b20   00000020  00000000  00000020  RWIX
  ADCC_RESULT           00000b40   00000020  00000000  00000020  RWIX
  CPU_TIMER0            00000c00   00000008  00000000  00000008  RWIX
  CPU_TIMER1            00000c08   00000008  00000000  00000008  RWIX
  CPU_TIMER2            00000c10   00000008  00000000  00000008  RWIX
  PIE_CTRL              00000ce0   00000020  00000000  00000020  RWIX
  PIE_VECT              00000d00   00000200  00000000  00000200  RWIX
  DMA                   00001000   00000200  00000000  00000200  RWIX
  CLA1                  00001400   00000080  00000000  00000080  RWIX
  EPWM1                 00004000   00000100  00000000  00000100  RWIX
  EPWM2                 00004100   00000100  00000000  00000100  RWIX
  EPWM3                 00004200   00000100  00000000  00000100  RWIX
  EPWM4                 00004300   00000100  00000000  00000100  RWIX
  EPWM5                 00004400   00000100  00000000  00000100  RWIX
  EPWM6                 00004500   00000100  00000000  00000100  RWIX
  EPWM7                 00004600   00000100  00000000  00000100  RWIX
  EPWM8                 00004700   00000100  00000000  00000100  RWIX
  EQEP1                 00005100   00000040  00000000  00000040  RWIX
  EQEP2                 00005140   00000040  00000000  00000040  RWIX
  ECAP1                 00005200   00000040  00000000  00000040  RWIX
  ECAP2                 00005240   00000040  00000000  00000040  RWIX
  ECAP3                 00005280   00000040  00000000  00000040  RWIX
  ECAP4                 000052c0   00000040  00000000  00000040  RWIX
  ECAP5                 00005300   00000040  00000000  00000040  RWIX
  ECAP6                 00005340   00000040  00000000  00000040  RWIX
  ECAP7                 00005380   00000040  00000000  00000040  RWIX
  PGA1                  00005b00   00000010  00000000  00000010  RWIX
  PGA2                  00005b10   00000010  00000000  00000010  RWIX
  PGA3                  00005b20   00000010  00000000  00000010  RWIX
  PGA4                  00005b30   00000010  00000000  00000010  RWIX
  PGA5                  00005b40   00000010  00000000  00000010  RWIX
  PGA6                  00005b50   00000010  00000000  00000010  RWIX
  PGA7                  00005b60   00000010  00000000  00000010  RWIX
  DACA                  00005c00   00000010  00000000  00000010  RWIX
  DACB                  00005c10   00000010  00000000  00000010  RWIX
  CMPSS1                00005c80   00000020  00000000  00000020  RWIX
  CMPSS2                00005ca0   00000020  00000000  00000020  RWIX
  CMPSS3                00005cc0   00000020  00000000  00000020  RWIX
  CMPSS4                00005ce0   00000020  00000000  00000020  RWIX
  CMPSS5                00005d00   00000020  00000000  00000020  RWIX
  CMPSS6                00005d20   00000020  00000000  00000020  RWIX
  CMPSS7                00005d40   00000020  00000000  00000020  RWIX
  SDFM1                 00005e00   00000080  00000000  00000080  RWIX
  SPIA                  00006100   00000010  00000000  00000010  RWIX
  SPIB                  00006110   00000010  00000000  00000010  RWIX
  CLAPROMCRC            000061c0   00000020  00000000  00000020  RWIX
  PMBUSA                00006400   00000020  00000000  00000020  RWIX
  FSITXA                00006600   00000080  00000000  00000080  RWIX
  FSIRXA                00006680   00000080  00000000  00000080  RWIX
  LINA                  00006a00   00000100  00000000  00000100  RWIX
  LINB                  00006b00   00000100  00000000  00000100  RWIX
  WD                    00007000   00000040  00000000  00000040  RWIX
  NMIINTRUPT            00007060   00000010  00000000  00000010  RWIX
  XINT                  00007070   00000010  00000000  00000010  RWIX
  SCIA                  00007200   00000010  00000000  00000010  RWIX
  SCIB                  00007210   00000010  00000000  00000010  RWIX
  I2CA                  00007300   00000040  00000000  00000040  RWIX
  ADCA                  00007400   00000080  00000000  00000080  RWIX
  ADCB                  00007480   00000080  00000000  00000080  RWIX
  ADCC                  00007500   00000080  00000000  00000080  RWIX
  INPUT_XBAR            00007900   00000020  00000000  00000020  RWIX
  XBAR                  00007920   00000020  00000000  00000020  RWIX
  SYNC_SOC              00007940   00000010  00000000  00000010  RWIX
  DMACLASRCSEL          00007980   00000040  00000000  00000040  RWIX
  EPWM_XBAR             00007a00   00000040  00000000  00000040  RWIX
  CLB_XBAR              00007a40   00000040  00000000  00000040  RWIX
  OUTPUT_XBAR           00007a80   00000040  00000000  00000040  RWIX
  GPIOCTRL              00007c00   00000200  00000000  00000200  RWIX
  GPIODAT               00007f00   00000040  00000000  00000040  RWIX
  RAMLS4P               0000a000   00000800  00000000  00000800  RWIX
  RAMLS5                0000a800   00000700  00000000  00000700  RWIX
  RAMLS67               0000af00   00001100  00000add  00000623  RWIX
  RAMGS0                0000c000   00000800  00000336  000004ca  RWIX
  CANA                  00048000   00000800  00000000  00000800  RWIX
  CANB                  0004a000   00000800  00000000  00000800  RWIX
  DEV_CFG               0005d000   00000180  00000000  00000180  RWIX
  CLK_CFG               0005d200   00000100  00000000  00000100  RWIX
  CPU_SYS               0005d300   00000100  00000000  00000100  RWIX
  PERIPH_AC             0005d500   00000200  00000000  00000200  RWIX
  ANALOG_SUBSYS         0005d700   00000100  00000000  00000100  RWIX
  DCC0                  0005e700   00000040  00000000  00000040  RWIX
  ERAD_GLOBAL           0005e800   00000013  00000000  00000013  RWIX
  ERAD_HWBP1            0005e900   00000008  00000000  00000008  RWIX
  ERAD_HWBP2            0005e908   00000008  00000000  00000008  RWIX
  ERAD_HWBP3            0005e910   00000008  00000000  00000008  RWIX
  ERAD_HWBP4            0005e918   00000008  00000000  00000008  RWIX
  ERAD_HWBP5            0005e920   00000008  00000000  00000008  RWIX
  ERAD_HWBP6            0005e928   00000008  00000000  00000008  RWIX
  ERAD_HWBP7            0005e930   00000008  00000000  00000008  RWIX
  ERAD_HWBP8            0005e938   00000008  00000000  00000008  RWIX
  ERAD_CTR1             0005e980   00000010  00000000  00000010  RWIX
  ERAD_CTR2             0005e990   00000010  00000000  00000010  RWIX
  ERAD_CTR3             0005e9a0   00000010  00000000  00000010  RWIX
  ERAD_CTR4             0005e9b0   00000010  00000000  00000010  RWIX
  DCSM_BANK0_Z1         0005f000   00000030  00000000  00000030  RWIX
  DCSM_BANK0_Z2         0005f040   00000030  00000000  00000030  RWIX
  DCSM_COMMON           0005f070   00000010  00000000  00000010  RWIX
  DCSM_BANK1_Z1         0005f100   00000030  00000000  00000030  RWIX
  DCSM_BANK1_Z2         0005f140   00000030  00000000  00000030  RWIX
  MEMCFG                0005f400   00000080  00000000  00000080  RWIX
  ACCESSPROTECTION      0005f4c0   00000040  00000000  00000040  RWIX
  MEMORYERROR           0005f500   00000040  00000000  00000040  RWIX
  FLASH0_CTRL           0005f800   00000300  00000000  00000300  RWIX
  FLASH0_ECC            0005fb00   00000040  00000000  00000040  RWIX
  TI_OTP1               00070000   000003f0  00000000  000003f0  RWIX
  TI_OTP1_SECDC         000703f0   00000010  00000000  00000010  RWIX
  USER_OTP1             00078000   00000400  00000000  00000400  RWIX
  BEGIN                 00080000   00000002  00000002  00000000  RWIX
  FLASHBANK0_BOOT       00080002   00000ffe  00000000  00000ffe  RWIX
  FLASHBANK0_CODE       00081000   0000e000  0000238e  0000bc72  RWIX
  FLASHBANK0_DATA       0008f000   00001000  00000000  00001000  RWIX
  SCC_Z1                003e8000   00002800  00000000  00002800  RWIX
  SCC_Z2                003ea800   00000800  00000000  00000800  RWIX
  INSTASPIN_CODE        003eb000   00005000  00000000  00005000  RWIX
  FPUTABLES             003f2a70   0000081a  00000000  0000081a  RWIX
  RESET                 003fffc0   00000002  00000000  00000002  RWIX


SECTION ALLOCATION MAP

 output                                  attributes/
section   page    origin      length       input sections
--------  ----  ----------  ----------   ----------------
.reset     0    003fffc0    00000000     DSECT

ctrlfuncs 
*          0    0000a000    00000000     UNINITIALIZED

codestart 
*          0    00080000    00000002     
                  00080000    00000002     f28002x_codestartbranch.obj (codestart)

.text      0    00081000    00001865     
                  00081000    0000029f     dual_axis_servo_drive_hal.obj (.text:HAL_setupGPIOs)
                  0008129f    00000269     dual_axis_servo_drive_user_cpu.obj (.text:initMotorParameters)
                  00081508    0000018d     dual_axis_servo_drive_user_cpu.obj (.text:initControlVars)
                  00081695    0000016a     dual_axis_servo_drive_user_cpu.obj (.text:runOffsetsCalculation)
                  000817ff    00000143     dual_axis_servo_drive_cpu.obj (.text:runMotorControl)
                  00081942    0000011d     driverlib.lib : sysctl.obj (.text:SysCtl_setClock)
                  00081a5f    00000117     dual_axis_servo_drive_hal.obj (.text:HAL_setupMotorPWMs)
                  00081b76    0000010c     dual_axis_servo_drive_hal.obj (.text:HAL_setupCMPSS)
                  00081c82    000000ff     dual_axis_servo_drive_main_cpu.obj (.text:main)
                  00081d81    000000f7     dual_axis_servo_drive_hal.obj (.text:HAL_setupMotorFaultProtection)
                  00081e78    000000f6     dual_axis_servo_drive_hal.obj (.text:HAL_setupADCs)
                  00081f6e    000000e9     driverlib.lib : sysctl.obj (.text:SysCtl_isPLLValid)
                  00082057    000000a0     device.obj (.text:Device_enableAllPeripherals)
                  000820f7    0000008a     fcl_foc_cpu_dm.obj (.text:FCL_initPWM)
                  00082181    0000005d     dual_axis_servo_drive_hal.obj (.text:HAL_setupQEP)
                  000821de    00000057     dual_axis_servo_drive_hal.obj (.text:HAL_setupInterrupts)
                  00082235    0000004c     dual_axis_servo_drive_cpu.obj (.text:runSyncControl)
                  00082281    00000049     dual_axis_servo_drive_hal.obj (.text:HAL_MTR_init)
                  000822ca    00000045     driverlib.lib : sysctl.obj (.text:SysCtl_selectXTAL)
                  0008230f    00000041                   : interrupt.obj (.text:Interrupt_initModule)
                  00082350    0000003f                   : gpio.obj (.text:GPIO_setPadConfig)
                  0008238f    0000003e                   : sysctl.obj (.text:SysCtl_pollX1Counter)
                  000823cd    00000037     device.obj (.text:Device_init)
                  00082404    00000036     driverlib.lib : interrupt.obj (.text:Interrupt_enable)
                  0008243a    00000030                   : gpio.obj (.text:GPIO_setPinConfig)
                  0008246a    0000002f     dual_axis_servo_drive_hal.obj (.text:HAL_init)
                  00082499    0000002e     fcl_foc_cpu_dm.obj (.text:FCL_initADC_2In)
                  000824c7    0000002e     rts2800_fpu32_eabi.lib : copy_decompress_lzss.c.obj (.text:decompress:lzss)
                  000824f5    0000002e     dual_axis_servo_drive_user_cpu.obj (.text:resetControlVars)
                  00082523    0000002c     dual_axis_servo_drive_hal.obj (.text:HAL_setParams)
                  0008254f    0000002b     driverlib.lib : sysctl.obj (.text:SysCtl_selectOscSource)
                  0008257a    0000002b                   : xbar.obj (.text:XBAR_setEPWMMuxConfig)
                  000825a5    0000002b     rts2800_fpu32_eabi.lib : autoinit.c.obj (.text:__TI_auto_init_nobinit_nopinit)
                  000825d0    00000029                            : exit.c.obj (.text)
                  000825f9    00000022     driverlib.lib : gpio.obj (.text:GPIO_setQualificationMode)
                  0008261b    00000021                   : sysctl.obj (.text:SysCtl_selectXTALSingleEnded)
                  0008263c    00000020                   : gpio.obj (.text:GPIO_setDirectionMode)
                  0008265c    0000001d     rts2800_fpu32_eabi.lib : memcpy.c.obj (.text)
                  00082679    0000001b     driverlib.lib : gpio.obj (.text:GPIO_setQualificationPeriod)
                  00082694    0000001a     dual_axis_servo_drive_main_cpu.obj (.text:A0)
                  000826ae    0000001a     dlog_2ch_f.obj (.text:DLOG_2CH_F_init)
                  000826c8    0000001a     dual_axis_servo_drive_hal.obj (.text:HAL_setupCpuTimer)
                  000826e2    00000019     driverlib.lib : adc.obj (.text:ADC_setVREF)
                  000826fb    00000019                   : cmpss.obj (.text:CMPSS_configFilterHigh)
                  00082714    00000019                   : cmpss.obj (.text:CMPSS_configFilterLow)
                  0008272d    00000019     rts2800_fpu32_fast_supplement_eabi.lib : div_f32.obj (.text)
                  00082746    00000018     dual_axis_servo_drive_hal.obj (.text:HAL_enableInterrupts)
                  0008275e    00000017     dual_axis_servo_drive_main_cpu.obj (.text:B0)
                  00082775    00000017     rts2800_fpu32_eabi.lib : boot28.asm.obj (.text)
                  0008278c    00000015     driverlib.lib : adc.obj (.text:ADC_setOffsetTrimAll)
                  000827a1    00000015                   : interrupt.obj (.text:Interrupt_initVectorTable)
                  000827b6    00000011     dual_axis_servo_drive_hal.obj (.text:HAL_setupCMPSS_DACValue)
                  000827c7    00000010     device.obj (.text:Device_initGPIO)
                  000827d7    0000000e     dual_axis_servo_drive_main_cpu.obj (.text:A3)
                  000827e5    0000000c     dual_axis_servo_drive_hal.obj (.text:HAL_setMotorParams)
                  000827f1    0000000c     driverlib.lib : interrupt.obj (.text:Interrupt_defaultHandler)
                  000827fd    0000000c     rts2800_fpu32_eabi.lib : args_main.c.obj (.text)
                  00082809    0000000a     driverlib.lib : interrupt.obj (.text:Interrupt_illegalOperationHandler)
                  00082813    0000000a                   : interrupt.obj (.text:Interrupt_nmiHandler)
                  0008281d    00000008     rts2800_fpu32_eabi.lib : copy_decompress_none.c.obj (.text:decompress:none)
                  00082825    00000008     f28002x_codestartbranch.obj (.text)
                  0008282d    00000007     dual_axis_servo_drive_hal.obj (.text:HAL_clearDataRAM)
                  00082834    00000006     dual_axis_servo_drive_main_cpu.obj (.text:A1)
                  0008283a    00000006     dual_axis_servo_drive_main_cpu.obj (.text:A2)
                  00082840    00000006     dual_axis_servo_drive_main_cpu.obj (.text:B1)
                  00082846    00000006     dual_axis_servo_drive_main_cpu.obj (.text:B2)
                  0008284c    00000006     dual_axis_servo_drive_main_cpu.obj (.text:B3)
                  00082852    00000006     driverlib.lib : cputimer.obj (.text:CPUTimer_setEmulationMode)
                  00082858    00000006     rts2800_fpu32_eabi.lib : copy_zero_init.c.obj (.text:decompress:ZI)
                  0008285e    00000003     fcl_foc_cpu_dm.obj (.text:FCL_getSwVersion)
                  00082861    00000002     rts2800_fpu32_eabi.lib : pre_init.c.obj (.text)
                  00082863    00000001                            : _lock.c.obj (.text)
                  00082864    00000001                            : startup.c.obj (.text)

.TI.ramfunc 
*          0    00082866    00000add     RUN ADDR = 0000af00
                  00082866    0000056c     dual_axis_servo_drive_cpu.obj (.TI.ramfunc:motor2ControlISR)
                  00082dd2    0000052e     dual_axis_servo_drive_cpu.obj (.TI.ramfunc:motor1ControlISR)
                  00083300    0000003f     driverlib.lib : flash.obj (.TI.ramfunc:Flash_initModule)
                  0008333f    00000004                   : sysctl.obj (.TI.ramfunc)

ramfuncs   0    00083343    00000000     UNINITIALIZEDRUN ADDR = 0000b9dd

.cinit     0    00083344    0000004c     
                  00083344    0000001d     (.cinit.ramInitVars.load) [load image, compression = lzss]
                  00083361    00000009     (.cinit..data.load) [load image, compression = lzss]
                  0008336a    00000006     (__TI_handler_table)
                  00083370    00000004     (.cinit..bss.load) [load image, compression = zero_init]
                  00083374    00000004     (.cinit.datalog_data.load) [load image, compression = zero_init]
                  00083378    00000004     (.cinit.motor_data.load) [load image, compression = zero_init]
                  0008337c    00000014     (__TI_cinit_table)

.init_array 
*          0    00081000    00000000     UNINITIALIZED

.stack     0    00000050    00000120     UNINITIALIZED
                  00000050    00000120     --HOLE--

.bss       0    00000594    00000054     UNINITIALIZED
                  00000594    00000024     dual_axis_servo_drive_cpu.obj (.bss:halMtr)
                  000005b8    00000004     dual_axis_servo_drive_cpu.obj (.bss:halMtrHandle)
                  000005bc    00000004     dual_axis_servo_drive_main_cpu.obj (.bss:vTimer0)
                  000005c0    00000018     dual_axis_servo_drive_cpu.obj (.bss)
                  000005d8    0000000c     dual_axis_servo_drive_main_cpu.obj (.bss)
                  000005e4    00000004     dual_axis_servo_drive_main_cpu.obj (.bss:vTimer1)

.data      0    000005e8    00000009     UNINITIALIZED
                  000005e8    00000006     rts2800_fpu32_eabi.lib : exit.c.obj (.data)
                  000005ee    00000002                            : _lock.c.obj (.data:_lock)
                  000005f0    00000001     dual_axis_servo_drive_user_cpu.obj (.data)

ramInitVars 
*          0    00000180    0000001c     UNINITIALIZED
                  00000180    0000001c     dual_axis_servo_drive_cpu.obj (ramInitVars)

motor_data 
*          0    00000200    00000394     UNINITIALIZED
                  00000200    00000394     dual_axis_servo_drive_cpu.obj (motor_data)

datalog_data 
*          0    0000c000    00000336     UNINITIALIZED
                  0000c000    00000336     dual_axis_servo_drive_main_cpu.obj (datalog_data)

Cla1SoftIntRegsFile 
*          0    00000ce0    00000000     DSECT

MODULE SUMMARY

       Module                               code    ro data   rw data
       ------                               ----    -------   -------
    .\sources\
       dual_axis_servo_drive_cpu.obj        5827    0         1008   
       dual_axis_servo_drive_hal.obj        2141    0         0      
       dual_axis_servo_drive_user_cpu.obj   1422    0         1      
       dual_axis_servo_drive_main_cpu.obj   348     0         842    
       fcl_foc_cpu_dm.obj                   187     0         0      
       dlog_2ch_f.obj                       26      0         0      
    +--+------------------------------------+-------+---------+---------+
       Total:                               9951    0         1851   
                                                                     
    .\src_device\
       device.obj                           231     0         0      
       f28002x_codestartbranch.obj          10      0         0      
    +--+------------------------------------+-------+---------+---------+
       Total:                               241     0         0      
                                                                     
    C:/ti/C2000Ware_MotorControl_SDK_5_04_00_00/c2000ware/driverlib/f28002x/driverlib/ccs/Release/driverlib.lib
       sysctl.obj                           733     0         0      
       gpio.obj                             204     0         0      
       interrupt.obj                        172     0         0      
       flash.obj                            126     0         0      
       cmpss.obj                            50      0         0      
       adc.obj                              46      0         0      
       xbar.obj                             43      0         0      
       cputimer.obj                         6       0         0      
    +--+------------------------------------+-------+---------+---------+
       Total:                               1380    0         0      
                                                                     
    C:/ti/C2000Ware_MotorControl_SDK_5_04_00_00/c2000ware/libraries/math/FPUfastRTS/c28/lib/rts2800_fpu32_fast_supplement_eabi.lib
       div_f32.obj                          25      0         0      
    +--+------------------------------------+-------+---------+---------+
       Total:                               25      0         0      
                                                                     
    C:\ti\ccs2031\ccs\tools\compiler\ti-cgt-c2000_22.6.2.LTS\lib\rts2800_fpu32_eabi.lib
       exit.c.obj                           41      0         6      
       copy_decompress_lzss.c.obj           46      0         0      
       autoinit.c.obj                       43      0         0      
       memcpy.c.obj                         29      0         0      
       boot28.asm.obj                       23      0         0      
       args_main.c.obj                      12      0         0      
       copy_decompress_none.c.obj           8       0         0      
       copy_zero_init.c.obj                 6       0         0      
       _lock.c.obj                          1       0         2      
       pre_init.c.obj                       2       0         0      
       startup.c.obj                        1       0         0      
    +--+------------------------------------+-------+---------+---------+
       Total:                               212     0         8      
                                                                     
       Stack:                               0       0         288    
       Linker Generated:                    0       76        0      
    +--+------------------------------------+-------+---------+---------+
       Grand Total:                         11809   76        2147   


LINKER GENERATED COPY TABLES

__TI_cinit_table @ 0008337c records: 5, size/record: 4, table size: 20
	ramInitVars: load addr=00083344, load size=0000001d bytes, run addr=00000180, run size=0000001c bytes, compression=lzss
	.data: load addr=00083361, load size=00000009 bytes, run addr=000005e8, run size=00000009 bytes, compression=lzss
	.bss: load addr=00083370, load size=00000004 bytes, run addr=00000594, run size=00000054 bytes, compression=zero_init
	datalog_data: load addr=00083374, load size=00000004 bytes, run addr=0000c000, run size=00000336 bytes, compression=zero_init
	motor_data: load addr=00083378, load size=00000004 bytes, run addr=00000200, run size=00000394 bytes, compression=zero_init


LINKER GENERATED HANDLER TABLE

__TI_handler_table @ 0008336a records: 3, size/record: 2, table size: 6
	index: 0, handler: __TI_zero_init
	index: 1, handler: __TI_decompress_lzss
	index: 2, handler: __TI_decompress_none


GLOBAL DATA SYMBOLS: SORTED BY DATA PAGE

address     data page           name
--------    ----------------    ----
00000050       1 (00000040)     __stack

00000180       6 (00000180)     VdTesting
00000182       6 (00000180)     VqTesting
00000184       6 (00000180)     posPtrMax
00000186       6 (00000180)     speedRef
00000188       6 (00000180)     IdRef
0000018a       6 (00000180)     IqRef
0000018c       6 (00000180)     posArray

00000200       8 (00000200)     motorVars

00000594      16 (00000580)     halMtr
000005b8      16 (00000580)     halMtrHandle
000005bc      16 (00000580)     vTimer0

000005c0      17 (000005c0)     runMotor
000005c1      17 (000005c0)     ctrlState
000005c2      17 (000005c0)     flagSyncRun
000005c4      17 (000005c0)     halHandle
000005c6      17 (000005c0)     hal
000005d8      17 (000005c0)     serialCommsTimer
000005d9      17 (000005c0)     enableFlag
000005da      17 (000005c0)     backTicker
000005db      17 (000005c0)     led1Cnt
000005dc      17 (000005c0)     led2Cnt
000005de      17 (000005c0)     Alpha_State_Ptr
000005e0      17 (000005c0)     A_Task_Ptr
000005e2      17 (000005c0)     B_Task_Ptr
000005e4      17 (000005c0)     vTimer1
000005e8      17 (000005c0)     __TI_enable_exit_profile_output
000005ea      17 (000005c0)     __TI_cleanup_ptr
000005ec      17 (000005c0)     __TI_dtors_ptr
000005ee      17 (000005c0)     _lock
000005f0      17 (000005c0)     offsetCalCounter

0000c000     300 (0000c000)     dlogCh1
0000c002     300 (0000c000)     dlogCh2
0000c004     300 (0000c000)     dlog_2ch1
0000c016     300 (0000c000)     DBUFF_4CH1

0000c1a6     306 (0000c180)     DBUFF_4CH2


GLOBAL SYMBOLS: SORTED ALPHABETICALLY BY Name 

page  address   name                             
----  -------   ----                             
0     00082694  A0                               
0     00082834  A1                               
0     0008283a  A2                               
0     000827d7  A3                               
0     0008278c  ADC_setOffsetTrimAll             
0     000826e2  ADC_setVREF                      
0     000005e0  A_Task_Ptr                       
0     000005de  Alpha_State_Ptr                  
0     0008275e  B0                               
0     00082840  B1                               
0     00082846  B2                               
0     0008284c  B3                               
0     000005e2  B_Task_Ptr                       
0     000825d0  C$$EXIT                          
0     000826fb  CMPSS_configFilterHigh           
0     00082714  CMPSS_configFilterLow            
0     00082852  CPUTimer_setEmulationMode        
0     0000c016  DBUFF_4CH1                       
0     0000c1a6  DBUFF_4CH2                       
0     000826ae  DLOG_2CH_F_init                  
0     00082057  Device_enableAllPeripherals      
0     000823cd  Device_init                      
0     000827c7  Device_initGPIO                  
0     0008285e  FCL_getSwVersion                 
0     00082499  FCL_initADC_2In                  
0     000820f7  FCL_initPWM                      
0     0000b99a  Flash_initModule                 
0     0008263c  GPIO_setDirectionMode            
0     00082350  GPIO_setPadConfig                
0     0008243a  GPIO_setPinConfig                
0     000825f9  GPIO_setQualificationMode        
0     00082679  GPIO_setQualificationPeriod      
0     00082281  HAL_MTR_init                     
0     0008282d  HAL_clearDataRAM                 
0     00082746  HAL_enableInterrupts             
0     0008246a  HAL_init                         
0     000827e5  HAL_setMotorParams               
0     00082523  HAL_setParams                    
0     00081e78  HAL_setupADCs                    
0     00081b76  HAL_setupCMPSS                   
0     000827b6  HAL_setupCMPSS_DACValue          
0     000826c8  HAL_setupCpuTimer                
0     00081000  HAL_setupGPIOs                   
0     000821de  HAL_setupInterrupts              
0     00081d81  HAL_setupMotorFaultProtection    
0     00081a5f  HAL_setupMotorPWMs               
0     00082181  HAL_setupQEP                     
0     00000188  IdRef                            
0     000827f1  Interrupt_defaultHandler         
0     00082404  Interrupt_enable                 
0     00082809  Interrupt_illegalOperationHandler
0     0008230f  Interrupt_initModule             
0     000827a1  Interrupt_initVectorTable        
0     00082813  Interrupt_nmiHandler             
0     0000018a  IqRef                            
abs   00083343  RamfuncsLoadEnd                  
abs   00000add  RamfuncsLoadSize                 
abs   00082866  RamfuncsLoadStart                
abs   0000b9dd  RamfuncsRunEnd                   
abs   00000add  RamfuncsRunSize                  
abs   0000af00  RamfuncsRunStart                 
0     0000b9d9  SysCtl_delay                     
0     00081f6e  SysCtl_isPLLValid                
0     0008254f  SysCtl_selectOscSource           
0     000822ca  SysCtl_selectXTAL                
0     0008261b  SysCtl_selectXTALSingleEnded     
0     00081942  SysCtl_setClock                  
0     00000180  VdTesting                        
0     00000182  VqTesting                        
0     0008257a  XBAR_setEPWMMuxConfig            
0     0008337c  __TI_CINIT_Base                  
0     00083390  __TI_CINIT_Limit                 
0     00083390  __TI_CINIT_Warm                  
0     0008336a  __TI_Handler_Table_Base          
0     00083370  __TI_Handler_Table_Limit         
0     00000170  __TI_STACK_END                   
abs   00000120  __TI_STACK_SIZE                  
0     000825a5  __TI_auto_init_nobinit_nopinit   
0     000005ea  __TI_cleanup_ptr                 
0     000824c7  __TI_decompress_lzss             
0     0008281d  __TI_decompress_none             
0     000005ec  __TI_dtors_ptr                   
0     000005e8  __TI_enable_exit_profile_output  
abs   ffffffff  __TI_pprof_out_hndl              
abs   ffffffff  __TI_prof_data_size              
abs   ffffffff  __TI_prof_data_start             
0     00082858  __TI_zero_init                   
0     0008272d  __c28xabi_divf                   
n/a   UNDEFED   __c_args__                       
0     00000050  __stack                          
0     000827fd  _args_main                       
0     00082775  _c_int00                         
0     000005ee  _lock                            
0     00082863  _nop                             
0     00082864  _system_post_cinit               
0     00082861  _system_pre_init                 
0     000825d0  abort                            
0     000005da  backTicker                       
0     00080000  code_start                       
0     000005c1  ctrlState                        
0     0000a000  ctrlfuncsLoadEnd                 
abs   00000000  ctrlfuncsLoadSize                
0     0000a000  ctrlfuncsLoadStart               
0     0000a000  ctrlfuncsRunEnd                  
abs   00000000  ctrlfuncsRunSize                 
0     0000a000  ctrlfuncsRunStart                
0     0000c000  dlogCh1                          
0     0000c002  dlogCh2                          
0     0000c004  dlog_2ch1                        
0     000005d9  enableFlag                       
0     000825d2  exit                             
0     000005c2  flagSyncRun                      
0     000005c6  hal                              
0     000005c4  halHandle                        
0     00000594  halMtr                           
0     000005b8  halMtrHandle                     
0     00081508  initControlVars                  
0     0008129f  initMotorParameters              
0     000005db  led1Cnt                          
0     000005dc  led2Cnt                          
0     00081c82  main                             
0     0008265c  memcpy                           
0     0000b46c  motor1ControlISR                 
0     0000af00  motor2ControlISR                 
0     00000200  motorVars                        
0     000005f0  offsetCalCounter                 
0     0000018c  posArray                         
0     00000184  posPtrMax                        
0     000824f5  resetControlVars                 
0     000005c0  runMotor                         
0     000817ff  runMotorControl                  
0     00081695  runOffsetsCalculation            
0     00082235  runSyncControl                   
0     000005d8  serialCommsTimer                 
0     00000186  speedRef                         
0     000005bc  vTimer0                          
0     000005e4  vTimer1                          


GLOBAL SYMBOLS: SORTED BY Symbol Address 

page  address   name                             
----  -------   ----                             
0     00000050  __stack                          
0     00000170  __TI_STACK_END                   
0     00000180  VdTesting                        
0     00000182  VqTesting                        
0     00000184  posPtrMax                        
0     00000186  speedRef                         
0     00000188  IdRef                            
0     0000018a  IqRef                            
0     0000018c  posArray                         
0     00000200  motorVars                        
0     00000594  halMtr                           
0     000005b8  halMtrHandle                     
0     000005bc  vTimer0                          
0     000005c0  runMotor                         
0     000005c1  ctrlState                        
0     000005c2  flagSyncRun                      
0     000005c4  halHandle                        
0     000005c6  hal                              
0     000005d8  serialCommsTimer                 
0     000005d9  enableFlag                       
0     000005da  backTicker                       
0     000005db  led1Cnt                          
0     000005dc  led2Cnt                          
0     000005de  Alpha_State_Ptr                  
0     000005e0  A_Task_Ptr                       
0     000005e2  B_Task_Ptr                       
0     000005e4  vTimer1                          
0     000005e8  __TI_enable_exit_profile_output  
0     000005ea  __TI_cleanup_ptr                 
0     000005ec  __TI_dtors_ptr                   
0     000005ee  _lock                            
0     000005f0  offsetCalCounter                 
0     0000a000  ctrlfuncsLoadEnd                 
0     0000a000  ctrlfuncsLoadStart               
0     0000a000  ctrlfuncsRunEnd                  
0     0000a000  ctrlfuncsRunStart                
0     0000af00  motor2ControlISR                 
0     0000b46c  motor1ControlISR                 
0     0000b99a  Flash_initModule                 
0     0000b9d9  SysCtl_delay                     
0     0000c000  dlogCh1                          
0     0000c002  dlogCh2                          
0     0000c004  dlog_2ch1                        
0     0000c016  DBUFF_4CH1                       
0     0000c1a6  DBUFF_4CH2                       
0     00080000  code_start                       
0     00081000  HAL_setupGPIOs                   
0     0008129f  initMotorParameters              
0     00081508  initControlVars                  
0     00081695  runOffsetsCalculation            
0     000817ff  runMotorControl                  
0     00081942  SysCtl_setClock                  
0     00081a5f  HAL_setupMotorPWMs               
0     00081b76  HAL_setupCMPSS                   
0     00081c82  main                             
0     00081d81  HAL_setupMotorFaultProtection    
0     00081e78  HAL_setupADCs                    
0     00081f6e  SysCtl_isPLLValid                
0     00082057  Device_enableAllPeripherals      
0     000820f7  FCL_initPWM                      
0     00082181  HAL_setupQEP                     
0     000821de  HAL_setupInterrupts              
0     00082235  runSyncControl                   
0     00082281  HAL_MTR_init                     
0     000822ca  SysCtl_selectXTAL                
0     0008230f  Interrupt_initModule             
0     00082350  GPIO_setPadConfig                
0     000823cd  Device_init                      
0     00082404  Interrupt_enable                 
0     0008243a  GPIO_setPinConfig                
0     0008246a  HAL_init                         
0     00082499  FCL_initADC_2In                  
0     000824c7  __TI_decompress_lzss             
0     000824f5  resetControlVars                 
0     00082523  HAL_setParams                    
0     0008254f  SysCtl_selectOscSource           
0     0008257a  XBAR_setEPWMMuxConfig            
0     000825a5  __TI_auto_init_nobinit_nopinit   
0     000825d0  C$$EXIT                          
0     000825d0  abort                            
0     000825d2  exit                             
0     000825f9  GPIO_setQualificationMode        
0     0008261b  SysCtl_selectXTALSingleEnded     
0     0008263c  GPIO_setDirectionMode            
0     0008265c  memcpy                           
0     00082679  GPIO_setQualificationPeriod      
0     00082694  A0                               
0     000826ae  DLOG_2CH_F_init                  
0     000826c8  HAL_setupCpuTimer                
0     000826e2  ADC_setVREF                      
0     000826fb  CMPSS_configFilterHigh           
0     00082714  CMPSS_configFilterLow            
0     0008272d  __c28xabi_divf                   
0     00082746  HAL_enableInterrupts             
0     0008275e  B0                               
0     00082775  _c_int00                         
0     0008278c  ADC_setOffsetTrimAll             
0     000827a1  Interrupt_initVectorTable        
0     000827b6  HAL_setupCMPSS_DACValue          
0     000827c7  Device_initGPIO                  
0     000827d7  A3                               
0     000827e5  HAL_setMotorParams               
0     000827f1  Interrupt_defaultHandler         
0     000827fd  _args_main                       
0     00082809  Interrupt_illegalOperationHandler
0     00082813  Interrupt_nmiHandler             
0     0008281d  __TI_decompress_none             
0     0008282d  HAL_clearDataRAM                 
0     00082834  A1                               
0     0008283a  A2                               
0     00082840  B1                               
0     00082846  B2                               
0     0008284c  B3                               
0     00082852  CPUTimer_setEmulationMode        
0     00082858  __TI_zero_init                   
0     0008285e  FCL_getSwVersion                 
0     00082861  _system_pre_init                 
0     00082863  _nop                             
0     00082864  _system_post_cinit               
0     0008336a  __TI_Handler_Table_Base          
0     00083370  __TI_Handler_Table_Limit         
0     0008337c  __TI_CINIT_Base                  
0     00083390  __TI_CINIT_Limit                 
0     00083390  __TI_CINIT_Warm                  
abs   00000000  ctrlfuncsLoadSize                
abs   00000000  ctrlfuncsRunSize                 
abs   00000120  __TI_STACK_SIZE                  
abs   00000add  RamfuncsLoadSize                 
abs   00000add  RamfuncsRunSize                  
abs   0000af00  RamfuncsRunStart                 
abs   0000b9dd  RamfuncsRunEnd                   
abs   00082866  RamfuncsLoadStart                
abs   00083343  RamfuncsLoadEnd                  
abs   ffffffff  __TI_pprof_out_hndl              
abs   ffffffff  __TI_prof_data_size              
abs   ffffffff  __TI_prof_data_start             
n/a   UNDEFED   __c_args__                       

[137 symbols]
