<?xml version="1.0" encoding="ISO-8859-1" ?>
<link_info>
   <banner>TMS320C2000 Linker PC v22.6.2.LTS</banner>
   <copyright>Copyright (c) 1996-2018 Texas Instruments Incorporated</copyright>
   <link_time>0x693908e0</link_time>
   <link_errors>0x0</link_errors>
   <output_file>dual_axis_servo_drive_fcl_qep_f28002x.out</output_file>
   <entry_point>
      <name>code_start</name>
      <address>0x80000</address>
   </entry_point>
   <input_file_list>
      <input_file id="fl-2">
         <path>.\sources\</path>
         <kind>object</kind>
         <file>dac128s085.obj</file>
         <name>dac128s085.obj</name>
      </input_file>
      <input_file id="fl-3">
         <path>.\sources\</path>
         <kind>object</kind>
         <file>dlog_2ch_f.obj</file>
         <name>dlog_2ch_f.obj</name>
      </input_file>
      <input_file id="fl-4">
         <path>.\sources\</path>
         <kind>object</kind>
         <file>dual_axis_servo_drive_cpu.obj</file>
         <name>dual_axis_servo_drive_cpu.obj</name>
      </input_file>
      <input_file id="fl-7">
         <path>.\sources\</path>
         <kind>object</kind>
         <file>dual_axis_servo_drive_user_cpu.obj</file>
         <name>dual_axis_servo_drive_user_cpu.obj</name>
      </input_file>
      <input_file id="fl-8">
         <path>.\sources\</path>
         <kind>object</kind>
         <file>fcl_foc_cpu_dm.obj</file>
         <name>fcl_foc_cpu_dm.obj</name>
      </input_file>
      <input_file id="fl-9">
         <path>.\sources\</path>
         <kind>object</kind>
         <file>sfra_gui.obj</file>
         <name>sfra_gui.obj</name>
      </input_file>
      <input_file id="fl-d">
         <path>.\src_device\</path>
         <kind>object</kind>
         <file>f28002x_globalvariabledefs.obj</file>
         <name>f28002x_globalvariabledefs.obj</name>
      </input_file>
      <input_file id="fl-31">
         <path>C:\ti\ccs2031\ccs\tools\compiler\ti-cgt-c2000_22.6.2.LTS\lib\</path>
         <kind>archive</kind>
         <file>rts2800_fpu32_eabi.lib</file>
         <name>memcpy.c.obj</name>
      </input_file>
      <input_file id="fl-32">
         <path>C:\ti\ccs2031\ccs\tools\compiler\ti-cgt-c2000_22.6.2.LTS\lib\</path>
         <kind>archive</kind>
         <file>rts2800_fpu32_eabi.lib</file>
         <name>pre_init.c.obj</name>
      </input_file>
      <input_file id="fl-34">
         <path>C:\ti\ccs2031\ccs\tools\compiler\ti-cgt-c2000_22.6.2.LTS\lib\</path>
         <kind>archive</kind>
         <file>rts2800_fpu32_eabi.lib</file>
         <name>copy_zero_init.c.obj</name>
      </input_file>
      <input_file id="fl-35">
         <path>C:\ti\ccs2031\ccs\tools\compiler\ti-cgt-c2000_22.6.2.LTS\lib\</path>
         <kind>archive</kind>
         <file>rts2800_fpu32_eabi.lib</file>
         <name>copy_decompress_none.c.obj</name>
      </input_file>
      <input_file id="fl-36">
         <path>C:\ti\ccs2031\ccs\tools\compiler\ti-cgt-c2000_22.6.2.LTS\lib\</path>
         <kind>archive</kind>
         <file>rts2800_fpu32_eabi.lib</file>
         <name>copy_decompress_lzss.c.obj</name>
      </input_file>
      <input_file id="fl-38">
         <path>C:\ti\ccs2031\ccs\tools\compiler\ti-cgt-c2000_22.6.2.LTS\lib\</path>
         <kind>archive</kind>
         <file>rts2800_fpu32_eabi.lib</file>
         <name>_lock.c.obj</name>
      </input_file>
      <input_file id="fl-3a">
         <path>C:\ti\ccs2031\ccs\tools\compiler\ti-cgt-c2000_22.6.2.LTS\lib\</path>
         <kind>archive</kind>
         <file>rts2800_fpu32_eabi.lib</file>
         <name>memset.c.obj</name>
      </input_file>
      <input_file id="fl-3b">
         <path>C:\ti\ccs2031\ccs\tools\compiler\ti-cgt-c2000_22.6.2.LTS\lib\</path>
         <kind>archive</kind>
         <file>rts2800_fpu32_eabi.lib</file>
         <name>cpy_tbl.c.obj</name>
      </input_file>
      <input_file id="fl-3d">
         <path>C:\Users\Teddy\AppData\Local\Temp\</path>
         <kind>object</kind>
         <file>{02E215ED-BB30-448C-A7A6-3C4878665975}</file>
         <name>{02E215ED-BB30-448C-A7A6-3C4878665975}</name>
      </input_file>
      <input_file id="fl-5">
         <path>.\sources\</path>
         <kind>object</kind>
         <file>dual_axis_servo_drive_hal.obj</file>
         <name>dual_axis_servo_drive_hal.obj</name>
      </input_file>
      <input_file id="fl-6">
         <path>.\sources\</path>
         <kind>object</kind>
         <file>dual_axis_servo_drive_main_cpu.obj</file>
         <name>dual_axis_servo_drive_main_cpu.obj</name>
      </input_file>
      <input_file id="fl-a">
         <path>.\sources\</path>
         <kind>object</kind>
         <file>sfra_gui_scicomms_driverlib.obj</file>
         <name>sfra_gui_scicomms_driverlib.obj</name>
      </input_file>
      <input_file id="fl-b">
         <path>.\src_device\</path>
         <kind>object</kind>
         <file>device.obj</file>
         <name>device.obj</name>
      </input_file>
      <input_file id="fl-c">
         <path>.\src_device\</path>
         <kind>object</kind>
         <file>f28002x_codestartbranch.obj</file>
         <name>f28002x_codestartbranch.obj</name>
      </input_file>
      <input_file id="fl-16">
         <kind>object</kind>
         <file>&lt;internal&gt;</file>
         <name>&lt;internal&gt;</name>
      </input_file>
      <input_file id="fl-17">
         <path>C:\ti\C2000Ware_MotorControl_SDK_5_04_00_00\c2000ware\driverlib\f28002x\driverlib\ccs\Release\</path>
         <kind>archive</kind>
         <file>driverlib.lib</file>
         <name>adc.obj</name>
      </input_file>
      <input_file id="fl-18">
         <path>C:\ti\C2000Ware_MotorControl_SDK_5_04_00_00\c2000ware\driverlib\f28002x\driverlib\ccs\Release\</path>
         <kind>archive</kind>
         <file>driverlib.lib</file>
         <name>cmpss.obj</name>
      </input_file>
      <input_file id="fl-19">
         <path>C:\ti\C2000Ware_MotorControl_SDK_5_04_00_00\c2000ware\driverlib\f28002x\driverlib\ccs\Release\</path>
         <kind>archive</kind>
         <file>driverlib.lib</file>
         <name>cputimer.obj</name>
      </input_file>
      <input_file id="fl-1a">
         <path>C:\ti\C2000Ware_MotorControl_SDK_5_04_00_00\c2000ware\driverlib\f28002x\driverlib\ccs\Release\</path>
         <kind>archive</kind>
         <file>driverlib.lib</file>
         <name>dcc.obj</name>
      </input_file>
      <input_file id="fl-1b">
         <path>C:\ti\C2000Ware_MotorControl_SDK_5_04_00_00\c2000ware\driverlib\f28002x\driverlib\ccs\Release\</path>
         <kind>archive</kind>
         <file>driverlib.lib</file>
         <name>flash.obj</name>
      </input_file>
      <input_file id="fl-1c">
         <path>C:\ti\C2000Ware_MotorControl_SDK_5_04_00_00\c2000ware\driverlib\f28002x\driverlib\ccs\Release\</path>
         <kind>archive</kind>
         <file>driverlib.lib</file>
         <name>gpio.obj</name>
      </input_file>
      <input_file id="fl-1d">
         <path>C:\ti\C2000Ware_MotorControl_SDK_5_04_00_00\c2000ware\driverlib\f28002x\driverlib\ccs\Release\</path>
         <kind>archive</kind>
         <file>driverlib.lib</file>
         <name>interrupt.obj</name>
      </input_file>
      <input_file id="fl-1e">
         <path>C:\ti\C2000Ware_MotorControl_SDK_5_04_00_00\c2000ware\driverlib\f28002x\driverlib\ccs\Release\</path>
         <kind>archive</kind>
         <file>driverlib.lib</file>
         <name>sci.obj</name>
      </input_file>
      <input_file id="fl-1f">
         <path>C:\ti\C2000Ware_MotorControl_SDK_5_04_00_00\c2000ware\driverlib\f28002x\driverlib\ccs\Release\</path>
         <kind>archive</kind>
         <file>driverlib.lib</file>
         <name>spi.obj</name>
      </input_file>
      <input_file id="fl-20">
         <path>C:\ti\C2000Ware_MotorControl_SDK_5_04_00_00\c2000ware\driverlib\f28002x\driverlib\ccs\Release\</path>
         <kind>archive</kind>
         <file>driverlib.lib</file>
         <name>sysctl.obj</name>
      </input_file>
      <input_file id="fl-21">
         <path>C:\ti\C2000Ware_MotorControl_SDK_5_04_00_00\c2000ware\driverlib\f28002x\driverlib\ccs\Release\</path>
         <kind>archive</kind>
         <file>driverlib.lib</file>
         <name>xbar.obj</name>
      </input_file>
      <input_file id="fl-22">
         <path>C:\ti\C2000Ware_MotorControl_SDK_5_04_00_00\libraries\sfra\lib\</path>
         <kind>archive</kind>
         <file>sfra_f32_tmu_eabi.lib</file>
         <name>sfra_f32_tmu_config_reset.obj</name>
      </input_file>
      <input_file id="fl-23">
         <path>C:\ti\C2000Ware_MotorControl_SDK_5_04_00_00\c2000ware\libraries\math\FPUfastRTS\c28\lib\</path>
         <kind>archive</kind>
         <file>rts2800_fpu32_fast_supplement_eabi.lib</file>
         <name>div_f32.obj</name>
      </input_file>
      <input_file id="fl-2f">
         <path>C:\ti\ccs2031\ccs\tools\compiler\ti-cgt-c2000_22.6.2.LTS\lib\</path>
         <kind>archive</kind>
         <file>rts2800_fpu32_eabi.lib</file>
         <name>boot28.asm.obj</name>
      </input_file>
      <input_file id="fl-30">
         <path>C:\ti\ccs2031\ccs\tools\compiler\ti-cgt-c2000_22.6.2.LTS\lib\</path>
         <kind>archive</kind>
         <file>rts2800_fpu32_eabi.lib</file>
         <name>ll_cmp28.asm.obj</name>
      </input_file>
      <input_file id="fl-33">
         <path>C:\ti\ccs2031\ccs\tools\compiler\ti-cgt-c2000_22.6.2.LTS\lib\</path>
         <kind>archive</kind>
         <file>rts2800_fpu32_eabi.lib</file>
         <name>autoinit.c.obj</name>
      </input_file>
      <input_file id="fl-37">
         <path>C:\ti\ccs2031\ccs\tools\compiler\ti-cgt-c2000_22.6.2.LTS\lib\</path>
         <kind>archive</kind>
         <file>rts2800_fpu32_eabi.lib</file>
         <name>exit.c.obj</name>
      </input_file>
      <input_file id="fl-39">
         <path>C:\ti\ccs2031\ccs\tools\compiler\ti-cgt-c2000_22.6.2.LTS\lib\</path>
         <kind>archive</kind>
         <file>rts2800_fpu32_eabi.lib</file>
         <name>args_main.c.obj</name>
      </input_file>
      <input_file id="fl-3c">
         <path>C:\ti\ccs2031\ccs\tools\compiler\ti-cgt-c2000_22.6.2.LTS\lib\</path>
         <kind>archive</kind>
         <file>rts2800_fpu32_eabi.lib</file>
         <name>startup.c.obj</name>
      </input_file>
   </input_file_list>
   <object_component_list>
      <object_component id="oc-a7">
         <name>codestart</name>
         <load_address>0x80000</load_address>
         <run_address>0x80000</run_address>
         <size>0x2</size>
         <input_file_ref idref="fl-c"/>
      </object_component>
      <object_component id="oc-b8">
         <name>.TI.ramfunc:motor2ControlISR</name>
         <load_address>0x82866</load_address>
         <run_address>0xaf00</run_address>
         <size>0x56c</size>
         <input_file_ref idref="fl-4"/>
      </object_component>
      <object_component id="oc-c4">
         <name>.TI.ramfunc:motor1ControlISR</name>
         <load_address>0x82dd2</load_address>
         <run_address>0xb46c</run_address>
         <size>0x52e</size>
         <input_file_ref idref="fl-4"/>
      </object_component>
      <object_component id="oc-22a">
         <name>.TI.ramfunc:Flash_initModule</name>
         <load_address>0x83300</load_address>
         <run_address>0xb99a</run_address>
         <size>0x3f</size>
         <input_file_ref idref="fl-1b"/>
      </object_component>
      <object_component id="oc-2c3">
         <name>.TI.ramfunc</name>
         <load_address>0x8333f</load_address>
         <run_address>0xb9d9</run_address>
         <size>0x4</size>
         <input_file_ref idref="fl-20"/>
      </object_component>
      <object_component id="oc-255">
         <name>.text:HAL_setupGPIOs</name>
         <load_address>0x81000</load_address>
         <run_address>0x81000</run_address>
         <size>0x29f</size>
         <input_file_ref idref="fl-5"/>
      </object_component>
      <object_component id="oc-1c2">
         <name>.text:initMotorParameters</name>
         <load_address>0x8129f</load_address>
         <run_address>0x8129f</run_address>
         <size>0x269</size>
         <input_file_ref idref="fl-7"/>
      </object_component>
      <object_component id="oc-1c8">
         <name>.text:initControlVars</name>
         <load_address>0x81508</load_address>
         <run_address>0x81508</run_address>
         <size>0x18d</size>
         <input_file_ref idref="fl-7"/>
      </object_component>
      <object_component id="oc-1f8">
         <name>.text:runOffsetsCalculation</name>
         <load_address>0x81695</load_address>
         <run_address>0x81695</run_address>
         <size>0x16a</size>
         <input_file_ref idref="fl-7"/>
      </object_component>
      <object_component id="oc-20a">
         <name>.text:runMotorControl</name>
         <load_address>0x817ff</load_address>
         <run_address>0x817ff</run_address>
         <size>0x143</size>
         <input_file_ref idref="fl-4"/>
      </object_component>
      <object_component id="oc-230">
         <name>.text:SysCtl_setClock</name>
         <load_address>0x81942</load_address>
         <run_address>0x81942</run_address>
         <size>0x11d</size>
         <input_file_ref idref="fl-20"/>
      </object_component>
      <object_component id="oc-262">
         <name>.text:HAL_setupMotorPWMs</name>
         <load_address>0x81a5f</load_address>
         <run_address>0x81a5f</run_address>
         <size>0x117</size>
         <input_file_ref idref="fl-5"/>
      </object_component>
      <object_component id="oc-268">
         <name>.text:HAL_setupCMPSS</name>
         <load_address>0x81b76</load_address>
         <run_address>0x81b76</run_address>
         <size>0x10c</size>
         <input_file_ref idref="fl-5"/>
      </object_component>
      <object_component id="oc-176">
         <name>.text:main</name>
         <load_address>0x81c82</load_address>
         <run_address>0x81c82</run_address>
         <size>0xff</size>
         <input_file_ref idref="fl-6"/>
      </object_component>
      <object_component id="oc-1ce">
         <name>.text:HAL_setupMotorFaultProtection</name>
         <load_address>0x81d81</load_address>
         <run_address>0x81d81</run_address>
         <size>0xf7</size>
         <input_file_ref idref="fl-5"/>
      </object_component>
      <object_component id="oc-25b">
         <name>.text:HAL_setupADCs</name>
         <load_address>0x81e78</load_address>
         <run_address>0x81e78</run_address>
         <size>0xf6</size>
         <input_file_ref idref="fl-5"/>
      </object_component>
      <object_component id="oc-2ca">
         <name>.text:SysCtl_isPLLValid</name>
         <load_address>0x81f6e</load_address>
         <run_address>0x81f6e</run_address>
         <size>0xe9</size>
         <input_file_ref idref="fl-20"/>
      </object_component>
      <object_component id="oc-236">
         <name>.text:Device_enableAllPeripherals</name>
         <load_address>0x82057</load_address>
         <run_address>0x82057</run_address>
         <size>0xa0</size>
         <input_file_ref idref="fl-b"/>
      </object_component>
      <object_component id="oc-27b">
         <name>.text:FCL_initPWM</name>
         <load_address>0x820f7</load_address>
         <run_address>0x820f7</run_address>
         <size>0x8a</size>
         <input_file_ref idref="fl-8"/>
      </object_component>
      <object_component id="oc-26e">
         <name>.text:HAL_setupQEP</name>
         <load_address>0x82181</load_address>
         <run_address>0x82181</run_address>
         <size>0x5d</size>
         <input_file_ref idref="fl-5"/>
      </object_component>
      <object_component id="oc-b9">
         <name>.text:HAL_setupInterrupts</name>
         <load_address>0x821de</load_address>
         <run_address>0x821de</run_address>
         <size>0x57</size>
         <input_file_ref idref="fl-5"/>
      </object_component>
      <object_component id="oc-204">
         <name>.text:runSyncControl</name>
         <load_address>0x82235</load_address>
         <run_address>0x82235</run_address>
         <size>0x4c</size>
         <input_file_ref idref="fl-4"/>
      </object_component>
      <object_component id="oc-1b0">
         <name>.text:HAL_MTR_init</name>
         <load_address>0x82281</load_address>
         <run_address>0x82281</run_address>
         <size>0x49</size>
         <input_file_ref idref="fl-5"/>
      </object_component>
      <object_component id="oc-33b">
         <name>.text:SysCtl_selectXTAL</name>
         <load_address>0x822ca</load_address>
         <run_address>0x822ca</run_address>
         <size>0x45</size>
         <input_file_ref idref="fl-20"/>
      </object_component>
      <object_component id="oc-249">
         <name>.text:Interrupt_initModule</name>
         <load_address>0x8230f</load_address>
         <run_address>0x8230f</run_address>
         <size>0x41</size>
         <input_file_ref idref="fl-1d"/>
      </object_component>
      <object_component id="oc-2eb">
         <name>.text:GPIO_setPadConfig</name>
         <load_address>0x82350</load_address>
         <run_address>0x82350</run_address>
         <size>0x3f</size>
         <input_file_ref idref="fl-1c"/>
      </object_component>
      <object_component id="oc-365">
         <name>.text:SysCtl_pollX1Counter</name>
         <load_address>0x8238f</load_address>
         <run_address>0x8238f</run_address>
         <size>0x3e</size>
         <input_file_ref idref="fl-20"/>
      </object_component>
      <object_component id="oc-19b">
         <name>.text:Device_init</name>
         <load_address>0x823cd</load_address>
         <run_address>0x823cd</run_address>
         <size>0x37</size>
         <input_file_ref idref="fl-b"/>
      </object_component>
      <object_component id="oc-2a9">
         <name>.text:Interrupt_enable</name>
         <load_address>0x82404</load_address>
         <run_address>0x82404</run_address>
         <size>0x36</size>
         <input_file_ref idref="fl-1d"/>
      </object_component>
      <object_component id="oc-2df">
         <name>.text:GPIO_setPinConfig</name>
         <load_address>0x8243a</load_address>
         <run_address>0x8243a</run_address>
         <size>0x30</size>
         <input_file_ref idref="fl-1c"/>
      </object_component>
      <object_component id="oc-1aa">
         <name>.text:HAL_init</name>
         <load_address>0x8246a</load_address>
         <run_address>0x8246a</run_address>
         <size>0x2f</size>
         <input_file_ref idref="fl-5"/>
      </object_component>
      <object_component id="oc-275">
         <name>.text:FCL_initADC_2In</name>
         <load_address>0x82499</load_address>
         <run_address>0x82499</run_address>
         <size>0x2e</size>
         <input_file_ref idref="fl-8"/>
      </object_component>
      <object_component id="oc-9a">
         <name>.text:decompress:lzss</name>
         <load_address>0x824c7</load_address>
         <run_address>0x824c7</run_address>
         <size>0x2e</size>
         <input_file_ref idref="fl-36"/>
      </object_component>
      <object_component id="oc-1d4">
         <name>.text:resetControlVars</name>
         <load_address>0x824f5</load_address>
         <run_address>0x824f5</run_address>
         <size>0x2e</size>
         <input_file_ref idref="fl-7"/>
      </object_component>
      <object_component id="oc-1b6">
         <name>.text:HAL_setParams</name>
         <load_address>0x82523</load_address>
         <run_address>0x82523</run_address>
         <size>0x2c</size>
         <input_file_ref idref="fl-5"/>
      </object_component>
      <object_component id="oc-2c4">
         <name>.text:SysCtl_selectOscSource</name>
         <load_address>0x8254f</load_address>
         <run_address>0x8254f</run_address>
         <size>0x2b</size>
         <input_file_ref idref="fl-20"/>
      </object_component>
      <object_component id="oc-283">
         <name>.text:XBAR_setEPWMMuxConfig</name>
         <load_address>0x8257a</load_address>
         <run_address>0x8257a</run_address>
         <size>0x2b</size>
         <input_file_ref idref="fl-21"/>
      </object_component>
      <object_component id="oc-146">
         <name>.text:__TI_auto_init_nobinit_nopinit</name>
         <load_address>0x825a5</load_address>
         <run_address>0x825a5</run_address>
         <size>0x2b</size>
         <input_file_ref idref="fl-33"/>
      </object_component>
      <object_component id="oc-13b">
         <name>.text</name>
         <load_address>0x825d0</load_address>
         <run_address>0x825d0</run_address>
         <size>0x29</size>
         <input_file_ref idref="fl-37"/>
      </object_component>
      <object_component id="oc-2f1">
         <name>.text:GPIO_setQualificationMode</name>
         <load_address>0x825f9</load_address>
         <run_address>0x825f9</run_address>
         <size>0x22</size>
         <input_file_ref idref="fl-1c"/>
      </object_component>
      <object_component id="oc-335">
         <name>.text:SysCtl_selectXTALSingleEnded</name>
         <load_address>0x8261b</load_address>
         <run_address>0x8261b</run_address>
         <size>0x21</size>
         <input_file_ref idref="fl-20"/>
      </object_component>
      <object_component id="oc-2e5">
         <name>.text:GPIO_setDirectionMode</name>
         <load_address>0x8263c</load_address>
         <run_address>0x8263c</run_address>
         <size>0x20</size>
         <input_file_ref idref="fl-1c"/>
      </object_component>
      <object_component id="oc-e5">
         <name>.text</name>
         <load_address>0x8265c</load_address>
         <run_address>0x8265c</run_address>
         <size>0x1d</size>
         <input_file_ref idref="fl-31"/>
      </object_component>
      <object_component id="oc-2f7">
         <name>.text:GPIO_setQualificationPeriod</name>
         <load_address>0x82679</load_address>
         <run_address>0x82679</run_address>
         <size>0x1b</size>
         <input_file_ref idref="fl-1c"/>
      </object_component>
      <object_component id="oc-1e6">
         <name>.text:A0</name>
         <load_address>0x82694</load_address>
         <run_address>0x82694</run_address>
         <size>0x1a</size>
         <input_file_ref idref="fl-6"/>
      </object_component>
      <object_component id="oc-1f2">
         <name>.text:DLOG_2CH_F_init</name>
         <load_address>0x826ae</load_address>
         <run_address>0x826ae</run_address>
         <size>0x1a</size>
         <input_file_ref idref="fl-3"/>
      </object_component>
      <object_component id="oc-24f">
         <name>.text:HAL_setupCpuTimer</name>
         <load_address>0x826c8</load_address>
         <run_address>0x826c8</run_address>
         <size>0x1a</size>
         <input_file_ref idref="fl-5"/>
      </object_component>
      <object_component id="oc-2fe">
         <name>.text:ADC_setVREF</name>
         <load_address>0x826e2</load_address>
         <run_address>0x826e2</run_address>
         <size>0x19</size>
         <input_file_ref idref="fl-17"/>
      </object_component>
      <object_component id="oc-306">
         <name>.text:CMPSS_configFilterHigh</name>
         <load_address>0x826fb</load_address>
         <run_address>0x826fb</run_address>
         <size>0x19</size>
         <input_file_ref idref="fl-18"/>
      </object_component>
      <object_component id="oc-30c">
         <name>.text:CMPSS_configFilterLow</name>
         <load_address>0x82714</load_address>
         <run_address>0x82714</run_address>
         <size>0x19</size>
         <input_file_ref idref="fl-18"/>
      </object_component>
      <object_component id="oc-342">
         <name>.text</name>
         <load_address>0x8272d</load_address>
         <run_address>0x8272d</run_address>
         <size>0x19</size>
         <input_file_ref idref="fl-23"/>
      </object_component>
      <object_component id="oc-1fe">
         <name>.text:HAL_enableInterrupts</name>
         <load_address>0x82746</load_address>
         <run_address>0x82746</run_address>
         <size>0x18</size>
         <input_file_ref idref="fl-5"/>
      </object_component>
      <object_component id="oc-296">
         <name>.text:B0</name>
         <load_address>0x8275e</load_address>
         <run_address>0x8275e</run_address>
         <size>0x17</size>
         <input_file_ref idref="fl-6"/>
      </object_component>
      <object_component id="oc-119">
         <name>.text</name>
         <load_address>0x82775</load_address>
         <run_address>0x82775</run_address>
         <size>0x17</size>
         <input_file_ref idref="fl-2f"/>
      </object_component>
      <object_component id="oc-353">
         <name>.text:ADC_setOffsetTrimAll</name>
         <load_address>0x8278c</load_address>
         <run_address>0x8278c</run_address>
         <size>0x15</size>
         <input_file_ref idref="fl-17"/>
      </object_component>
      <object_component id="oc-cf">
         <name>.text:Interrupt_initVectorTable</name>
         <load_address>0x827a1</load_address>
         <run_address>0x827a1</run_address>
         <size>0x15</size>
         <input_file_ref idref="fl-1d"/>
      </object_component>
      <object_component id="oc-2b4">
         <name>.text:HAL_setupCMPSS_DACValue</name>
         <load_address>0x827b6</load_address>
         <run_address>0x827b6</run_address>
         <size>0x11</size>
         <input_file_ref idref="fl-5"/>
      </object_component>
      <object_component id="oc-243">
         <name>.text:Device_initGPIO</name>
         <load_address>0x827c7</load_address>
         <run_address>0x827c7</run_address>
         <size>0x10</size>
         <input_file_ref idref="fl-b"/>
      </object_component>
      <object_component id="oc-325">
         <name>.text:A3</name>
         <load_address>0x827d7</load_address>
         <run_address>0x827d7</run_address>
         <size>0xe</size>
         <input_file_ref idref="fl-6"/>
      </object_component>
      <object_component id="oc-1bc">
         <name>.text:HAL_setMotorParams</name>
         <load_address>0x827e5</load_address>
         <run_address>0x827e5</run_address>
         <size>0xc</size>
         <input_file_ref idref="fl-5"/>
      </object_component>
      <object_component id="oc-dc">
         <name>.text:Interrupt_defaultHandler</name>
         <load_address>0x827f1</load_address>
         <run_address>0x827f1</run_address>
         <size>0xc</size>
         <input_file_ref idref="fl-1d"/>
      </object_component>
      <object_component id="oc-135">
         <name>.text</name>
         <load_address>0x827fd</load_address>
         <run_address>0x827fd</run_address>
         <size>0xc</size>
         <input_file_ref idref="fl-39"/>
      </object_component>
      <object_component id="oc-d6">
         <name>.text:Interrupt_illegalOperationHandler</name>
         <load_address>0x82809</load_address>
         <run_address>0x82809</run_address>
         <size>0xa</size>
         <input_file_ref idref="fl-1d"/>
      </object_component>
      <object_component id="oc-ca">
         <name>.text:Interrupt_nmiHandler</name>
         <load_address>0x82813</load_address>
         <run_address>0x82813</run_address>
         <size>0xa</size>
         <input_file_ref idref="fl-1d"/>
      </object_component>
      <object_component id="oc-a0">
         <name>.text:decompress:none</name>
         <load_address>0x8281d</load_address>
         <run_address>0x8281d</run_address>
         <size>0x8</size>
         <input_file_ref idref="fl-35"/>
      </object_component>
      <object_component id="oc-f8">
         <name>.text</name>
         <load_address>0x82825</load_address>
         <run_address>0x82825</run_address>
         <size>0x8</size>
         <input_file_ref idref="fl-c"/>
      </object_component>
      <object_component id="oc-1a1">
         <name>.text:HAL_clearDataRAM</name>
         <load_address>0x8282d</load_address>
         <run_address>0x8282d</run_address>
         <size>0x7</size>
         <input_file_ref idref="fl-5"/>
      </object_component>
      <object_component id="oc-1ec">
         <name>.text:A1</name>
         <load_address>0x82834</load_address>
         <run_address>0x82834</run_address>
         <size>0x6</size>
         <input_file_ref idref="fl-6"/>
      </object_component>
      <object_component id="oc-29d">
         <name>.text:A2</name>
         <load_address>0x8283a</load_address>
         <run_address>0x8283a</run_address>
         <size>0x6</size>
         <input_file_ref idref="fl-6"/>
      </object_component>
      <object_component id="oc-1e0">
         <name>.text:B1</name>
         <load_address>0x82840</load_address>
         <run_address>0x82840</run_address>
         <size>0x6</size>
         <input_file_ref idref="fl-6"/>
      </object_component>
      <object_component id="oc-28c">
         <name>.text:B2</name>
         <load_address>0x82846</load_address>
         <run_address>0x82846</run_address>
         <size>0x6</size>
         <input_file_ref idref="fl-6"/>
      </object_component>
      <object_component id="oc-318">
         <name>.text:B3</name>
         <load_address>0x8284c</load_address>
         <run_address>0x8284c</run_address>
         <size>0x6</size>
         <input_file_ref idref="fl-6"/>
      </object_component>
      <object_component id="oc-2d8">
         <name>.text:CPUTimer_setEmulationMode</name>
         <load_address>0x82852</load_address>
         <run_address>0x82852</run_address>
         <size>0x6</size>
         <input_file_ref idref="fl-19"/>
      </object_component>
      <object_component id="oc-f2">
         <name>.text:decompress:ZI</name>
         <load_address>0x82858</load_address>
         <run_address>0x82858</run_address>
         <size>0x6</size>
         <input_file_ref idref="fl-34"/>
      </object_component>
      <object_component id="oc-1da">
         <name>.text:FCL_getSwVersion</name>
         <load_address>0x8285e</load_address>
         <run_address>0x8285e</run_address>
         <size>0x3</size>
         <input_file_ref idref="fl-8"/>
      </object_component>
      <object_component id="oc-12e">
         <name>.text</name>
         <load_address>0x82861</load_address>
         <run_address>0x82861</run_address>
         <size>0x2</size>
         <input_file_ref idref="fl-32"/>
      </object_component>
      <object_component id="oc-219">
         <name>.text</name>
         <load_address>0x82863</load_address>
         <run_address>0x82863</run_address>
         <size>0x1</size>
         <input_file_ref idref="fl-38"/>
      </object_component>
      <object_component id="oc-186">
         <name>.text</name>
         <load_address>0x82864</load_address>
         <run_address>0x82864</run_address>
         <size>0x1</size>
         <input_file_ref idref="fl-3c"/>
      </object_component>
      <object_component id="oc-42a">
         <name>.cinit.ramInitVars.load</name>
         <load_address>0x83344</load_address>
         <run_address>0x83344</run_address>
         <size>0x1d</size>
      </object_component>
      <object_component id="oc-429">
         <name>.cinit..data.load</name>
         <load_address>0x83361</load_address>
         <run_address>0x83361</run_address>
         <size>0x9</size>
      </object_component>
      <object_component id="oc-426">
         <name>__TI_handler_table</name>
         <load_address>0x8336a</load_address>
         <run_address>0x8336a</run_address>
         <size>0x6</size>
      </object_component>
      <object_component id="oc-428">
         <name>.cinit..bss.load</name>
         <load_address>0x83370</load_address>
         <run_address>0x83370</run_address>
         <size>0x4</size>
      </object_component>
      <object_component id="oc-42c">
         <name>.cinit.datalog_data.load</name>
         <load_address>0x83374</load_address>
         <run_address>0x83374</run_address>
         <size>0x4</size>
      </object_component>
      <object_component id="oc-42b">
         <name>.cinit.motor_data.load</name>
         <load_address>0x83378</load_address>
         <run_address>0x83378</run_address>
         <size>0x4</size>
      </object_component>
      <object_component id="oc-427">
         <name>__TI_cinit_table</name>
         <load_address>0x8337c</load_address>
         <run_address>0x8337c</run_address>
         <size>0x14</size>
      </object_component>
      <object_component id="oc-e2">
         <name>.stack</name>
         <uninitialized>true</uninitialized>
         <run_address>0x50</run_address>
         <size>0x0</size>
         <input_file_ref idref="fl-2f"/>
      </object_component>
      <object_component id="oc-42d">
         <name>.stack</name>
         <uninitialized>true</uninitialized>
         <run_address>0x50</run_address>
         <size>0x0</size>
      </object_component>
      <object_component id="oc-210">
         <name>.bss</name>
         <uninitialized>true</uninitialized>
         <run_address>0x5d8</run_address>
         <size>0xc</size>
         <input_file_ref idref="fl-6"/>
      </object_component>
      <object_component id="oc-293">
         <name>.bss:vTimer0</name>
         <uninitialized>true</uninitialized>
         <run_address>0x5bc</run_address>
         <size>0x4</size>
         <input_file_ref idref="fl-6"/>
      </object_component>
      <object_component id="oc-321">
         <name>.bss:vTimer1</name>
         <uninitialized>true</uninitialized>
         <run_address>0x5e4</run_address>
         <size>0x4</size>
         <input_file_ref idref="fl-6"/>
      </object_component>
      <object_component id="oc-1a7">
         <name>.bss</name>
         <uninitialized>true</uninitialized>
         <run_address>0x5c0</run_address>
         <size>0x18</size>
         <input_file_ref idref="fl-4"/>
      </object_component>
      <object_component id="oc-101">
         <name>.bss:halMtrHandle</name>
         <uninitialized>true</uninitialized>
         <run_address>0x5b8</run_address>
         <size>0x4</size>
         <input_file_ref idref="fl-4"/>
      </object_component>
      <object_component id="oc-104">
         <name>.bss:halMtr</name>
         <uninitialized>true</uninitialized>
         <run_address>0x594</run_address>
         <size>0x24</size>
         <input_file_ref idref="fl-4"/>
      </object_component>
      <object_component id="oc-17e">
         <name>.data</name>
         <load_address>0x5e8</load_address>
         <run_address>0x5e8</run_address>
         <size>0x6</size>
         <input_file_ref idref="fl-37"/>
      </object_component>
      <object_component id="oc-2a5">
         <name>.data</name>
         <load_address>0x5f0</load_address>
         <run_address>0x5f0</run_address>
         <size>0x1</size>
         <input_file_ref idref="fl-7"/>
      </object_component>
      <object_component id="oc-181">
         <name>.data:_lock</name>
         <load_address>0x5ee</load_address>
         <run_address>0x5ee</run_address>
         <size>0x2</size>
         <input_file_ref idref="fl-38"/>
      </object_component>
      <object_component id="oc-2b0">
         <name>ramInitVars</name>
         <load_address>0x180</load_address>
         <run_address>0x180</run_address>
         <size>0x1c</size>
         <input_file_ref idref="fl-4"/>
      </object_component>
      <object_component id="oc-fe">
         <name>motor_data</name>
         <uninitialized>true</uninitialized>
         <run_address>0x200</run_address>
         <size>0x394</size>
         <input_file_ref idref="fl-4"/>
      </object_component>
      <object_component id="oc-10a">
         <name>datalog_data</name>
         <uninitialized>true</uninitialized>
         <run_address>0xc000</run_address>
         <size>0x336</size>
         <input_file_ref idref="fl-6"/>
      </object_component>
      <object_component id="oc-108">
         <name>.debug_types</name>
         <load_address>0x0</load_address>
         <run_address>0x0</run_address>
         <size>0x490e</size>
         <input_file_ref idref="fl-5"/>
      </object_component>
      <object_component id="oc-12a">
         <name>.debug_types</name>
         <load_address>0x490e</load_address>
         <run_address>0x490e</run_address>
         <size>0x394d</size>
         <input_file_ref idref="fl-6"/>
      </object_component>
      <object_component id="oc-23d">
         <name>.debug_types</name>
         <load_address>0x825b</load_address>
         <run_address>0x825b</run_address>
         <size>0x36e</size>
         <input_file_ref idref="fl-b"/>
      </object_component>
      <object_component id="oc-35a">
         <name>.debug_types</name>
         <load_address>0x85c9</load_address>
         <run_address>0x85c9</run_address>
         <size>0xe7</size>
         <input_file_ref idref="fl-17"/>
      </object_component>
      <object_component id="oc-35c">
         <name>.debug_types</name>
         <load_address>0x86b0</load_address>
         <run_address>0x86b0</run_address>
         <size>0x2f</size>
         <input_file_ref idref="fl-18"/>
      </object_component>
      <object_component id="oc-34c">
         <name>.debug_types</name>
         <load_address>0x86df</load_address>
         <run_address>0x86df</run_address>
         <size>0x2f</size>
         <input_file_ref idref="fl-19"/>
      </object_component>
      <object_component id="oc-2c2">
         <name>.debug_types</name>
         <load_address>0x870e</load_address>
         <run_address>0x870e</run_address>
         <size>0x1d7</size>
         <input_file_ref idref="fl-1b"/>
      </object_component>
      <object_component id="oc-34e">
         <name>.debug_types</name>
         <load_address>0x88e5</load_address>
         <run_address>0x88e5</run_address>
         <size>0x227</size>
         <input_file_ref idref="fl-1c"/>
      </object_component>
      <object_component id="oc-10f">
         <name>.debug_types</name>
         <load_address>0x0</load_address>
         <run_address>0x0</run_address>
         <size>0x0</size>
         <input_file_ref idref="fl-1d"/>
      </object_component>
      <object_component id="oc-2d1">
         <name>.debug_types</name>
         <load_address>0x8b0c</load_address>
         <run_address>0x8b0c</run_address>
         <size>0x7a3</size>
         <input_file_ref idref="fl-20"/>
      </object_component>
      <object_component id="oc-317">
         <name>.debug_types</name>
         <load_address>0x92af</load_address>
         <run_address>0x92af</run_address>
         <size>0x1721</size>
         <input_file_ref idref="fl-21"/>
      </object_component>
      <object_component id="oc-18d">
         <name>.debug_types</name>
         <load_address>0xa9d0</load_address>
         <run_address>0xa9d0</run_address>
         <size>0x46c</size>
         <input_file_ref idref="fl-33"/>
      </object_component>
      <object_component id="oc-185">
         <name>.debug_types</name>
         <load_address>0xae3c</load_address>
         <run_address>0xae3c</run_address>
         <size>0xbf</size>
         <input_file_ref idref="fl-37"/>
      </object_component>
      <object_component id="oc-17d">
         <name>.debug_types</name>
         <load_address>0xaefb</load_address>
         <run_address>0xaefb</run_address>
         <size>0xe1</size>
         <input_file_ref idref="fl-39"/>
      </object_component>
      <object_component id="oc-225">
         <name>.debug_types</name>
         <load_address>0x0</load_address>
         <run_address>0x0</run_address>
         <size>0x0</size>
         <input_file_ref idref="fl-3c"/>
      </object_component>
      <object_component id="oc-e4">
         <name>.debug_types</name>
         <load_address>0xafdc</load_address>
         <run_address>0xafdc</run_address>
         <size>0x5c43f</size>
         <input_file_ref idref="fl-3d"/>
      </object_component>
      <object_component id="oc-26f">
         <name>.debug_info</name>
         <load_address>0x0</load_address>
         <run_address>0x0</run_address>
         <size>0x1eb</size>
         <input_file_ref idref="fl-5"/>
      </object_component>
      <object_component id="oc-263">
         <name>.debug_info</name>
         <load_address>0x1eb</load_address>
         <run_address>0x1eb</run_address>
         <size>0x20d</size>
         <input_file_ref idref="fl-5"/>
      </object_component>
      <object_component id="oc-1cf">
         <name>.debug_info</name>
         <load_address>0x3f8</load_address>
         <run_address>0x3f8</run_address>
         <size>0x3c8</size>
         <input_file_ref idref="fl-5"/>
      </object_component>
      <object_component id="oc-ba">
         <name>.debug_info</name>
         <load_address>0x7c0</load_address>
         <run_address>0x7c0</run_address>
         <size>0x1e9</size>
         <input_file_ref idref="fl-5"/>
      </object_component>
      <object_component id="oc-256">
         <name>.debug_info</name>
         <load_address>0x9a9</load_address>
         <run_address>0x9a9</run_address>
         <size>0xfc9</size>
         <input_file_ref idref="fl-5"/>
      </object_component>
      <object_component id="oc-250">
         <name>.debug_info</name>
         <load_address>0x1972</load_address>
         <run_address>0x1972</run_address>
         <size>0x247</size>
         <input_file_ref idref="fl-5"/>
      </object_component>
      <object_component id="oc-2b6">
         <name>.debug_info</name>
         <load_address>0x1bb9</load_address>
         <run_address>0x1bb9</run_address>
         <size>0x225</size>
         <input_file_ref idref="fl-5"/>
      </object_component>
      <object_component id="oc-26a">
         <name>.debug_info</name>
         <load_address>0x1dde</load_address>
         <run_address>0x1dde</run_address>
         <size>0x3df</size>
         <input_file_ref idref="fl-5"/>
      </object_component>
      <object_component id="oc-25d">
         <name>.debug_info</name>
         <load_address>0x21bd</load_address>
         <run_address>0x21bd</run_address>
         <size>0x265</size>
         <input_file_ref idref="fl-5"/>
      </object_component>
      <object_component id="oc-1b8">
         <name>.debug_info</name>
         <load_address>0x2422</load_address>
         <run_address>0x2422</run_address>
         <size>0x287</size>
         <input_file_ref idref="fl-5"/>
      </object_component>
      <object_component id="oc-1be">
         <name>.debug_info</name>
         <load_address>0x26a9</load_address>
         <run_address>0x26a9</run_address>
         <size>0x215</size>
         <input_file_ref idref="fl-5"/>
      </object_component>
      <object_component id="oc-1ac">
         <name>.debug_info</name>
         <load_address>0x28be</load_address>
         <run_address>0x28be</run_address>
         <size>0x1f3</size>
         <input_file_ref idref="fl-5"/>
      </object_component>
      <object_component id="oc-200">
         <name>.debug_info</name>
         <load_address>0x2ab1</load_address>
         <run_address>0x2ab1</run_address>
         <size>0x1ef</size>
         <input_file_ref idref="fl-5"/>
      </object_component>
      <object_component id="oc-1a3">
         <name>.debug_info</name>
         <load_address>0x2ca0</load_address>
         <run_address>0x2ca0</run_address>
         <size>0x1f2</size>
         <input_file_ref idref="fl-5"/>
      </object_component>
      <object_component id="oc-1b1">
         <name>.debug_info</name>
         <load_address>0x2e92</load_address>
         <run_address>0x2e92</run_address>
         <size>0x20b</size>
         <input_file_ref idref="fl-5"/>
      </object_component>
      <object_component id="oc-211">
         <name>.debug_info</name>
         <load_address>0x309d</load_address>
         <run_address>0x309d</run_address>
         <size>0x292</size>
         <input_file_ref idref="fl-6"/>
      </object_component>
      <object_component id="oc-10b">
         <name>.debug_info</name>
         <load_address>0x332f</load_address>
         <run_address>0x332f</run_address>
         <size>0x202</size>
         <input_file_ref idref="fl-6"/>
      </object_component>
      <object_component id="oc-294">
         <name>.debug_info</name>
         <load_address>0x3531</load_address>
         <run_address>0x3531</run_address>
         <size>0x16a</size>
         <input_file_ref idref="fl-6"/>
      </object_component>
      <object_component id="oc-322">
         <name>.debug_info</name>
         <load_address>0x369b</load_address>
         <run_address>0x369b</run_address>
         <size>0x16a</size>
         <input_file_ref idref="fl-6"/>
      </object_component>
      <object_component id="oc-319">
         <name>.debug_info</name>
         <load_address>0x3805</load_address>
         <run_address>0x3805</run_address>
         <size>0x19d</size>
         <input_file_ref idref="fl-6"/>
      </object_component>
      <object_component id="oc-28d">
         <name>.debug_info</name>
         <load_address>0x39a2</load_address>
         <run_address>0x39a2</run_address>
         <size>0x19d</size>
         <input_file_ref idref="fl-6"/>
      </object_component>
      <object_component id="oc-326">
         <name>.debug_info</name>
         <load_address>0x3b3f</load_address>
         <run_address>0x3b3f</run_address>
         <size>0x19d</size>
         <input_file_ref idref="fl-6"/>
      </object_component>
      <object_component id="oc-29e">
         <name>.debug_info</name>
         <load_address>0x3cdc</load_address>
         <run_address>0x3cdc</run_address>
         <size>0x19d</size>
         <input_file_ref idref="fl-6"/>
      </object_component>
      <object_component id="oc-1e1">
         <name>.debug_info</name>
         <load_address>0x3e79</load_address>
         <run_address>0x3e79</run_address>
         <size>0x19d</size>
         <input_file_ref idref="fl-6"/>
      </object_component>
      <object_component id="oc-1ed">
         <name>.debug_info</name>
         <load_address>0x4016</load_address>
         <run_address>0x4016</run_address>
         <size>0x19d</size>
         <input_file_ref idref="fl-6"/>
      </object_component>
      <object_component id="oc-1e7">
         <name>.debug_info</name>
         <load_address>0x41b3</load_address>
         <run_address>0x41b3</run_address>
         <size>0x1a2</size>
         <input_file_ref idref="fl-6"/>
      </object_component>
      <object_component id="oc-297">
         <name>.debug_info</name>
         <load_address>0x4355</load_address>
         <run_address>0x4355</run_address>
         <size>0x1a2</size>
         <input_file_ref idref="fl-6"/>
      </object_component>
      <object_component id="oc-177">
         <name>.debug_info</name>
         <load_address>0x44f7</load_address>
         <run_address>0x44f7</run_address>
         <size>0x3ff</size>
         <input_file_ref idref="fl-6"/>
      </object_component>
      <object_component id="oc-244">
         <name>.debug_info</name>
         <load_address>0x48f6</load_address>
         <run_address>0x48f6</run_address>
         <size>0x225</size>
         <input_file_ref idref="fl-b"/>
      </object_component>
      <object_component id="oc-238">
         <name>.debug_info</name>
         <load_address>0x4b1b</load_address>
         <run_address>0x4b1b</run_address>
         <size>0x23d</size>
         <input_file_ref idref="fl-b"/>
      </object_component>
      <object_component id="oc-19d">
         <name>.debug_info</name>
         <load_address>0x4d58</load_address>
         <run_address>0x4d58</run_address>
         <size>0x275</size>
         <input_file_ref idref="fl-b"/>
      </object_component>
      <object_component id="oc-aa">
         <name>.debug_info</name>
         <load_address>0x4fcd</load_address>
         <run_address>0x4fcd</run_address>
         <size>0x218</size>
         <input_file_ref idref="fl-c"/>
      </object_component>
      <object_component id="oc-f9">
         <name>.debug_info</name>
         <load_address>0x51e5</load_address>
         <run_address>0x51e5</run_address>
         <size>0x219</size>
         <input_file_ref idref="fl-c"/>
      </object_component>
      <object_component id="oc-356">
         <name>.debug_info</name>
         <load_address>0x53fe</load_address>
         <run_address>0x53fe</run_address>
         <size>0x205</size>
         <input_file_ref idref="fl-17"/>
      </object_component>
      <object_component id="oc-300">
         <name>.debug_info</name>
         <load_address>0x5603</load_address>
         <run_address>0x5603</run_address>
         <size>0x217</size>
         <input_file_ref idref="fl-17"/>
      </object_component>
      <object_component id="oc-30d">
         <name>.debug_info</name>
         <load_address>0x581a</load_address>
         <run_address>0x581a</run_address>
         <size>0x262</size>
         <input_file_ref idref="fl-18"/>
      </object_component>
      <object_component id="oc-307">
         <name>.debug_info</name>
         <load_address>0x5a7c</load_address>
         <run_address>0x5a7c</run_address>
         <size>0x264</size>
         <input_file_ref idref="fl-18"/>
      </object_component>
      <object_component id="oc-2db">
         <name>.debug_info</name>
         <load_address>0x5ce0</load_address>
         <run_address>0x5ce0</run_address>
         <size>0x201</size>
         <input_file_ref idref="fl-19"/>
      </object_component>
      <object_component id="oc-22c">
         <name>.debug_info</name>
         <load_address>0x5ee1</load_address>
         <run_address>0x5ee1</run_address>
         <size>0x224</size>
         <input_file_ref idref="fl-1b"/>
      </object_component>
      <object_component id="oc-2f8">
         <name>.debug_info</name>
         <load_address>0x6105</load_address>
         <run_address>0x6105</run_address>
         <size>0x204</size>
         <input_file_ref idref="fl-1c"/>
      </object_component>
      <object_component id="oc-2f2">
         <name>.debug_info</name>
         <load_address>0x6309</load_address>
         <run_address>0x6309</run_address>
         <size>0x20b</size>
         <input_file_ref idref="fl-1c"/>
      </object_component>
      <object_component id="oc-2e0">
         <name>.debug_info</name>
         <load_address>0x6514</load_address>
         <run_address>0x6514</run_address>
         <size>0x1d5</size>
         <input_file_ref idref="fl-1c"/>
      </object_component>
      <object_component id="oc-2ed">
         <name>.debug_info</name>
         <load_address>0x66e9</load_address>
         <run_address>0x66e9</run_address>
         <size>0x219</size>
         <input_file_ref idref="fl-1c"/>
      </object_component>
      <object_component id="oc-2e7">
         <name>.debug_info</name>
         <load_address>0x6902</load_address>
         <run_address>0x6902</run_address>
         <size>0x21c</size>
         <input_file_ref idref="fl-1c"/>
      </object_component>
      <object_component id="oc-cb">
         <name>.debug_info</name>
         <load_address>0x6b1e</load_address>
         <run_address>0x6b1e</run_address>
         <size>0x1af</size>
         <input_file_ref idref="fl-1d"/>
      </object_component>
      <object_component id="oc-d0">
         <name>.debug_info</name>
         <load_address>0x6ccd</load_address>
         <run_address>0x6ccd</run_address>
         <size>0x1c5</size>
         <input_file_ref idref="fl-1d"/>
      </object_component>
      <object_component id="oc-24b">
         <name>.debug_info</name>
         <load_address>0x6e92</load_address>
         <run_address>0x6e92</run_address>
         <size>0x1b9</size>
         <input_file_ref idref="fl-1d"/>
      </object_component>
      <object_component id="oc-d8">
         <name>.debug_info</name>
         <load_address>0x704b</load_address>
         <run_address>0x704b</run_address>
         <size>0x1c9</size>
         <input_file_ref idref="fl-1d"/>
      </object_component>
      <object_component id="oc-2ab">
         <name>.debug_info</name>
         <load_address>0x7214</load_address>
         <run_address>0x7214</run_address>
         <size>0x201</size>
         <input_file_ref idref="fl-1d"/>
      </object_component>
      <object_component id="oc-dd">
         <name>.debug_info</name>
         <load_address>0x7415</load_address>
         <run_address>0x7415</run_address>
         <size>0x1b7</size>
         <input_file_ref idref="fl-1d"/>
      </object_component>
      <object_component id="oc-368">
         <name>.debug_info</name>
         <load_address>0x75cc</load_address>
         <run_address>0x75cc</run_address>
         <size>0x20c</size>
         <input_file_ref idref="fl-20"/>
      </object_component>
      <object_component id="oc-336">
         <name>.debug_info</name>
         <load_address>0x77d8</load_address>
         <run_address>0x77d8</run_address>
         <size>0x1f1</size>
         <input_file_ref idref="fl-20"/>
      </object_component>
      <object_component id="oc-33c">
         <name>.debug_info</name>
         <load_address>0x79c9</load_address>
         <run_address>0x79c9</run_address>
         <size>0x20a</size>
         <input_file_ref idref="fl-20"/>
      </object_component>
      <object_component id="oc-2c6">
         <name>.debug_info</name>
         <load_address>0x7bd3</load_address>
         <run_address>0x7bd3</run_address>
         <size>0x207</size>
         <input_file_ref idref="fl-20"/>
      </object_component>
      <object_component id="oc-2cd">
         <name>.debug_info</name>
         <load_address>0x7dda</load_address>
         <run_address>0x7dda</run_address>
         <size>0x30c</size>
         <input_file_ref idref="fl-20"/>
      </object_component>
      <object_component id="oc-232">
         <name>.debug_info</name>
         <load_address>0x80e6</load_address>
         <run_address>0x80e6</run_address>
         <size>0x32b</size>
         <input_file_ref idref="fl-20"/>
      </object_component>
      <object_component id="oc-284">
         <name>.debug_info</name>
         <load_address>0x8411</load_address>
         <run_address>0x8411</run_address>
         <size>0x20d</size>
         <input_file_ref idref="fl-21"/>
      </object_component>
      <object_component id="oc-344">
         <name>.debug_info</name>
         <load_address>0x861e</load_address>
         <run_address>0x861e</run_address>
         <size>0x181</size>
         <input_file_ref idref="fl-23"/>
      </object_component>
      <object_component id="oc-11a">
         <name>.debug_info</name>
         <load_address>0x879f</load_address>
         <run_address>0x879f</run_address>
         <size>0x147</size>
         <input_file_ref idref="fl-2f"/>
      </object_component>
      <object_component id="oc-14a">
         <name>.debug_info</name>
         <load_address>0x88e6</load_address>
         <run_address>0x88e6</run_address>
         <size>0x1ae</size>
         <input_file_ref idref="fl-33"/>
      </object_component>
      <object_component id="oc-17f">
         <name>.debug_info</name>
         <load_address>0x8a94</load_address>
         <run_address>0x8a94</run_address>
         <size>0x18d</size>
         <input_file_ref idref="fl-37"/>
      </object_component>
      <object_component id="oc-13c">
         <name>.debug_info</name>
         <load_address>0x8c21</load_address>
         <run_address>0x8c21</run_address>
         <size>0x198</size>
         <input_file_ref idref="fl-37"/>
      </object_component>
      <object_component id="oc-139">
         <name>.debug_info</name>
         <load_address>0x8db9</load_address>
         <run_address>0x8db9</run_address>
         <size>0x14c</size>
         <input_file_ref idref="fl-39"/>
      </object_component>
      <object_component id="oc-18a">
         <name>.debug_info</name>
         <load_address>0x8f05</load_address>
         <run_address>0x8f05</run_address>
         <size>0x136</size>
         <input_file_ref idref="fl-3c"/>
      </object_component>
      <object_component id="oc-1a8">
         <name>.debug_info</name>
         <load_address>0x903b</load_address>
         <run_address>0x903b</run_address>
         <size>0x1d0</size>
         <input_file_ref idref="fl-3d"/>
      </object_component>
      <object_component id="oc-2a6">
         <name>.debug_info</name>
         <load_address>0x920b</load_address>
         <run_address>0x920b</run_address>
         <size>0x150</size>
         <input_file_ref idref="fl-3d"/>
      </object_component>
      <object_component id="oc-2b1">
         <name>.debug_info</name>
         <load_address>0x935b</load_address>
         <run_address>0x935b</run_address>
         <size>0x212</size>
         <input_file_ref idref="fl-3d"/>
      </object_component>
      <object_component id="oc-182">
         <name>.debug_info</name>
         <load_address>0x956d</load_address>
         <run_address>0x956d</run_address>
         <size>0x13a</size>
         <input_file_ref idref="fl-3d"/>
      </object_component>
      <object_component id="oc-102">
         <name>.debug_info</name>
         <load_address>0x96a7</load_address>
         <run_address>0x96a7</run_address>
         <size>0x148</size>
         <input_file_ref idref="fl-3d"/>
      </object_component>
      <object_component id="oc-105">
         <name>.debug_info</name>
         <load_address>0x97ef</load_address>
         <run_address>0x97ef</run_address>
         <size>0x13c</size>
         <input_file_ref idref="fl-3d"/>
      </object_component>
      <object_component id="oc-ff">
         <name>.debug_info</name>
         <load_address>0x992b</load_address>
         <run_address>0x992b</run_address>
         <size>0x142</size>
         <input_file_ref idref="fl-3d"/>
      </object_component>
      <object_component id="oc-205">
         <name>.debug_info</name>
         <load_address>0x9a6d</load_address>
         <run_address>0x9a6d</run_address>
         <size>0x184</size>
         <input_file_ref idref="fl-3d"/>
      </object_component>
      <object_component id="oc-1f9">
         <name>.debug_info</name>
         <load_address>0x9bf1</load_address>
         <run_address>0x9bf1</run_address>
         <size>0x1db</size>
         <input_file_ref idref="fl-3d"/>
      </object_component>
      <object_component id="oc-20b">
         <name>.debug_info</name>
         <load_address>0x9dcc</load_address>
         <run_address>0x9dcc</run_address>
         <size>0x291</size>
         <input_file_ref idref="fl-3d"/>
      </object_component>
      <object_component id="oc-1d5">
         <name>.debug_info</name>
         <load_address>0xa05d</load_address>
         <run_address>0xa05d</run_address>
         <size>0x1b1</size>
         <input_file_ref idref="fl-3d"/>
      </object_component>
      <object_component id="oc-bf">
         <name>.debug_info</name>
         <load_address>0xa20e</load_address>
         <run_address>0xa20e</run_address>
         <size>0x294</size>
         <input_file_ref idref="fl-3d"/>
      </object_component>
      <object_component id="oc-c5">
         <name>.debug_info</name>
         <load_address>0xa4a2</load_address>
         <run_address>0xa4a2</run_address>
         <size>0x294</size>
         <input_file_ref idref="fl-3d"/>
      </object_component>
      <object_component id="oc-e6">
         <name>.debug_info</name>
         <load_address>0xa736</load_address>
         <run_address>0xa736</run_address>
         <size>0x1c2</size>
         <input_file_ref idref="fl-3d"/>
      </object_component>
      <object_component id="oc-276">
         <name>.debug_info</name>
         <load_address>0xa8f8</load_address>
         <run_address>0xa8f8</run_address>
         <size>0x28c</size>
         <input_file_ref idref="fl-3d"/>
      </object_component>
      <object_component id="oc-27c">
         <name>.debug_info</name>
         <load_address>0xab84</load_address>
         <run_address>0xab84</run_address>
         <size>0x213</size>
         <input_file_ref idref="fl-3d"/>
      </object_component>
      <object_component id="oc-1c3">
         <name>.debug_info</name>
         <load_address>0xad97</load_address>
         <run_address>0xad97</run_address>
         <size>0x21b</size>
         <input_file_ref idref="fl-3d"/>
      </object_component>
      <object_component id="oc-1c9">
         <name>.debug_info</name>
         <load_address>0xafb2</load_address>
         <run_address>0xafb2</run_address>
         <size>0x1af</size>
         <input_file_ref idref="fl-3d"/>
      </object_component>
      <object_component id="oc-21a">
         <name>.debug_info</name>
         <load_address>0xb161</load_address>
         <run_address>0xb161</run_address>
         <size>0x14f</size>
         <input_file_ref idref="fl-3d"/>
      </object_component>
      <object_component id="oc-12f">
         <name>.debug_info</name>
         <load_address>0xb2b0</load_address>
         <run_address>0xb2b0</run_address>
         <size>0x172</size>
         <input_file_ref idref="fl-3d"/>
      </object_component>
      <object_component id="oc-f3">
         <name>.debug_info</name>
         <load_address>0xb422</load_address>
         <run_address>0xb422</run_address>
         <size>0x1bf</size>
         <input_file_ref idref="fl-3d"/>
      </object_component>
      <object_component id="oc-a1">
         <name>.debug_info</name>
         <load_address>0xb5e1</load_address>
         <run_address>0xb5e1</run_address>
         <size>0x1d0</size>
         <input_file_ref idref="fl-3d"/>
      </object_component>
      <object_component id="oc-9b">
         <name>.debug_info</name>
         <load_address>0xb7b1</load_address>
         <run_address>0xb7b1</run_address>
         <size>0x225</size>
         <input_file_ref idref="fl-3d"/>
      </object_component>
      <object_component id="oc-1db">
         <name>.debug_info</name>
         <load_address>0xb9d6</load_address>
         <run_address>0xb9d6</run_address>
         <size>0x183</size>
         <input_file_ref idref="fl-3d"/>
      </object_component>
      <object_component id="oc-1f3">
         <name>.debug_info</name>
         <load_address>0xbb59</load_address>
         <run_address>0xbb59</run_address>
         <size>0x18f</size>
         <input_file_ref idref="fl-3d"/>
      </object_component>
      <object_component id="oc-42e">
         <name>.debug_info</name>
         <load_address>0xbce8</load_address>
         <run_address>0xbce8</run_address>
         <size>0x116</size>
      </object_component>
      <object_component id="oc-272">
         <name>.debug_line</name>
         <load_address>0x0</load_address>
         <run_address>0x0</run_address>
         <size>0x184</size>
         <input_file_ref idref="fl-5"/>
      </object_component>
      <object_component id="oc-266">
         <name>.debug_line</name>
         <load_address>0x184</load_address>
         <run_address>0x184</run_address>
         <size>0x26b</size>
         <input_file_ref idref="fl-5"/>
      </object_component>
      <object_component id="oc-1d2">
         <name>.debug_line</name>
         <load_address>0x3ef</load_address>
         <run_address>0x3ef</run_address>
         <size>0x2ec</size>
         <input_file_ref idref="fl-5"/>
      </object_component>
      <object_component id="oc-bd">
         <name>.debug_line</name>
         <load_address>0x6db</load_address>
         <run_address>0x6db</run_address>
         <size>0x1fa</size>
         <input_file_ref idref="fl-5"/>
      </object_component>
      <object_component id="oc-259">
         <name>.debug_line</name>
         <load_address>0x8d5</load_address>
         <run_address>0x8d5</run_address>
         <size>0x196</size>
         <input_file_ref idref="fl-5"/>
      </object_component>
      <object_component id="oc-253">
         <name>.debug_line</name>
         <load_address>0xa6b</load_address>
         <run_address>0xa6b</run_address>
         <size>0x106</size>
         <input_file_ref idref="fl-5"/>
      </object_component>
      <object_component id="oc-2b5">
         <name>.debug_line</name>
         <load_address>0xb71</load_address>
         <run_address>0xb71</run_address>
         <size>0xde</size>
         <input_file_ref idref="fl-5"/>
      </object_component>
      <object_component id="oc-269">
         <name>.debug_line</name>
         <load_address>0xc4f</load_address>
         <run_address>0xc4f</run_address>
         <size>0x29a</size>
         <input_file_ref idref="fl-5"/>
      </object_component>
      <object_component id="oc-25c">
         <name>.debug_line</name>
         <load_address>0xee9</load_address>
         <run_address>0xee9</run_address>
         <size>0x195</size>
         <input_file_ref idref="fl-5"/>
      </object_component>
      <object_component id="oc-1b7">
         <name>.debug_line</name>
         <load_address>0x107e</load_address>
         <run_address>0x107e</run_address>
         <size>0xd0</size>
         <input_file_ref idref="fl-5"/>
      </object_component>
      <object_component id="oc-1bd">
         <name>.debug_line</name>
         <load_address>0x114e</load_address>
         <run_address>0x114e</run_address>
         <size>0x60</size>
         <input_file_ref idref="fl-5"/>
      </object_component>
      <object_component id="oc-1ab">
         <name>.debug_line</name>
         <load_address>0x11ae</load_address>
         <run_address>0x11ae</run_address>
         <size>0xe5</size>
         <input_file_ref idref="fl-5"/>
      </object_component>
      <object_component id="oc-1ff">
         <name>.debug_line</name>
         <load_address>0x1293</load_address>
         <run_address>0x1293</run_address>
         <size>0x141</size>
         <input_file_ref idref="fl-5"/>
      </object_component>
      <object_component id="oc-1a2">
         <name>.debug_line</name>
         <load_address>0x13d4</load_address>
         <run_address>0x13d4</run_address>
         <size>0x61</size>
         <input_file_ref idref="fl-5"/>
      </object_component>
      <object_component id="oc-1b4">
         <name>.debug_line</name>
         <load_address>0x1435</load_address>
         <run_address>0x1435</run_address>
         <size>0xa8</size>
         <input_file_ref idref="fl-5"/>
      </object_component>
      <object_component id="oc-126">
         <name>.debug_line</name>
         <load_address>0x14dd</load_address>
         <run_address>0x14dd</run_address>
         <size>0x3b9</size>
         <input_file_ref idref="fl-5"/>
      </object_component>
      <object_component id="oc-2bc">
         <name>.debug_line</name>
         <load_address>0x1896</load_address>
         <run_address>0x1896</run_address>
         <size>0x50</size>
         <input_file_ref idref="fl-6"/>
      </object_component>
      <object_component id="oc-129">
         <name>.debug_line</name>
         <load_address>0x18e6</load_address>
         <run_address>0x18e6</run_address>
         <size>0x50</size>
         <input_file_ref idref="fl-6"/>
      </object_component>
      <object_component id="oc-320">
         <name>.debug_line</name>
         <load_address>0x1936</load_address>
         <run_address>0x1936</run_address>
         <size>0x50</size>
         <input_file_ref idref="fl-6"/>
      </object_component>
      <object_component id="oc-363">
         <name>.debug_line</name>
         <load_address>0x1986</load_address>
         <run_address>0x1986</run_address>
         <size>0x50</size>
         <input_file_ref idref="fl-6"/>
      </object_component>
      <object_component id="oc-31c">
         <name>.debug_line</name>
         <load_address>0x19d6</load_address>
         <run_address>0x19d6</run_address>
         <size>0x63</size>
         <input_file_ref idref="fl-6"/>
      </object_component>
      <object_component id="oc-291">
         <name>.debug_line</name>
         <load_address>0x1a39</load_address>
         <run_address>0x1a39</run_address>
         <size>0x63</size>
         <input_file_ref idref="fl-6"/>
      </object_component>
      <object_component id="oc-32a">
         <name>.debug_line</name>
         <load_address>0x1a9c</load_address>
         <run_address>0x1a9c</run_address>
         <size>0xcf</size>
         <input_file_ref idref="fl-6"/>
      </object_component>
      <object_component id="oc-2a2">
         <name>.debug_line</name>
         <load_address>0x1b6b</load_address>
         <run_address>0x1b6b</run_address>
         <size>0x63</size>
         <input_file_ref idref="fl-6"/>
      </object_component>
      <object_component id="oc-1e4">
         <name>.debug_line</name>
         <load_address>0x1bce</load_address>
         <run_address>0x1bce</run_address>
         <size>0x63</size>
         <input_file_ref idref="fl-6"/>
      </object_component>
      <object_component id="oc-1f0">
         <name>.debug_line</name>
         <load_address>0x1c31</load_address>
         <run_address>0x1c31</run_address>
         <size>0x63</size>
         <input_file_ref idref="fl-6"/>
      </object_component>
      <object_component id="oc-1ea">
         <name>.debug_line</name>
         <load_address>0x1c94</load_address>
         <run_address>0x1c94</run_address>
         <size>0xea</size>
         <input_file_ref idref="fl-6"/>
      </object_component>
      <object_component id="oc-29b">
         <name>.debug_line</name>
         <load_address>0x1d7e</load_address>
         <run_address>0x1d7e</run_address>
         <size>0xea</size>
         <input_file_ref idref="fl-6"/>
      </object_component>
      <object_component id="oc-17a">
         <name>.debug_line</name>
         <load_address>0x1e68</load_address>
         <run_address>0x1e68</run_address>
         <size>0x35c</size>
         <input_file_ref idref="fl-6"/>
      </object_component>
      <object_component id="oc-143">
         <name>.debug_line</name>
         <load_address>0x21c4</load_address>
         <run_address>0x21c4</run_address>
         <size>0x100</size>
         <input_file_ref idref="fl-6"/>
      </object_component>
      <object_component id="oc-248">
         <name>.debug_line</name>
         <load_address>0x22c4</load_address>
         <run_address>0x22c4</run_address>
         <size>0xfe</size>
         <input_file_ref idref="fl-b"/>
      </object_component>
      <object_component id="oc-23b">
         <name>.debug_line</name>
         <load_address>0x23c2</load_address>
         <run_address>0x23c2</run_address>
         <size>0x105</size>
         <input_file_ref idref="fl-b"/>
      </object_component>
      <object_component id="oc-1a0">
         <name>.debug_line</name>
         <load_address>0x24c7</load_address>
         <run_address>0x24c7</run_address>
         <size>0x17d</size>
         <input_file_ref idref="fl-b"/>
      </object_component>
      <object_component id="oc-2d4">
         <name>.debug_line</name>
         <load_address>0x2644</load_address>
         <run_address>0x2644</run_address>
         <size>0x144</size>
         <input_file_ref idref="fl-b"/>
      </object_component>
      <object_component id="oc-a8">
         <name>.debug_line</name>
         <load_address>0x2788</load_address>
         <run_address>0x2788</run_address>
         <size>0xa6</size>
         <input_file_ref idref="fl-c"/>
      </object_component>
      <object_component id="oc-fc">
         <name>.debug_line</name>
         <load_address>0x282e</load_address>
         <run_address>0x282e</run_address>
         <size>0xae</size>
         <input_file_ref idref="fl-c"/>
      </object_component>
      <object_component id="oc-358">
         <name>.debug_line</name>
         <load_address>0x28dc</load_address>
         <run_address>0x28dc</run_address>
         <size>0x88</size>
         <input_file_ref idref="fl-17"/>
      </object_component>
      <object_component id="oc-303">
         <name>.debug_line</name>
         <load_address>0x2964</load_address>
         <run_address>0x2964</run_address>
         <size>0x92</size>
         <input_file_ref idref="fl-17"/>
      </object_component>
      <object_component id="oc-376">
         <name>.debug_line</name>
         <load_address>0x29f6</load_address>
         <run_address>0x29f6</run_address>
         <size>0xbd</size>
         <input_file_ref idref="fl-17"/>
      </object_component>
      <object_component id="oc-310">
         <name>.debug_line</name>
         <load_address>0x2ab3</load_address>
         <run_address>0x2ab3</run_address>
         <size>0x8b</size>
         <input_file_ref idref="fl-18"/>
      </object_component>
      <object_component id="oc-30a">
         <name>.debug_line</name>
         <load_address>0x2b3e</load_address>
         <run_address>0x2b3e</run_address>
         <size>0x8a</size>
         <input_file_ref idref="fl-18"/>
      </object_component>
      <object_component id="oc-379">
         <name>.debug_line</name>
         <load_address>0x2bc8</load_address>
         <run_address>0x2bc8</run_address>
         <size>0x21</size>
         <input_file_ref idref="fl-18"/>
      </object_component>
      <object_component id="oc-2da">
         <name>.debug_line</name>
         <load_address>0x2be9</load_address>
         <run_address>0x2be9</run_address>
         <size>0x86</size>
         <input_file_ref idref="fl-19"/>
      </object_component>
      <object_component id="oc-36f">
         <name>.debug_line</name>
         <load_address>0x2c6f</load_address>
         <run_address>0x2c6f</run_address>
         <size>0xc7</size>
         <input_file_ref idref="fl-19"/>
      </object_component>
      <object_component id="oc-22b">
         <name>.debug_line</name>
         <load_address>0x2d36</load_address>
         <run_address>0x2d36</run_address>
         <size>0xff</size>
         <input_file_ref idref="fl-1b"/>
      </object_component>
      <object_component id="oc-333">
         <name>.debug_line</name>
         <load_address>0x2e35</load_address>
         <run_address>0x2e35</run_address>
         <size>0xc1</size>
         <input_file_ref idref="fl-1b"/>
      </object_component>
      <object_component id="oc-2fb">
         <name>.debug_line</name>
         <load_address>0x2ef6</load_address>
         <run_address>0x2ef6</run_address>
         <size>0x8a</size>
         <input_file_ref idref="fl-1c"/>
      </object_component>
      <object_component id="oc-2f5">
         <name>.debug_line</name>
         <load_address>0x2f80</load_address>
         <run_address>0x2f80</run_address>
         <size>0x8a</size>
         <input_file_ref idref="fl-1c"/>
      </object_component>
      <object_component id="oc-2e3">
         <name>.debug_line</name>
         <load_address>0x300a</load_address>
         <run_address>0x300a</run_address>
         <size>0x8b</size>
         <input_file_ref idref="fl-1c"/>
      </object_component>
      <object_component id="oc-2ec">
         <name>.debug_line</name>
         <load_address>0x3095</load_address>
         <run_address>0x3095</run_address>
         <size>0xa1</size>
         <input_file_ref idref="fl-1c"/>
      </object_component>
      <object_component id="oc-2e6">
         <name>.debug_line</name>
         <load_address>0x3136</load_address>
         <run_address>0x3136</run_address>
         <size>0x8c</size>
         <input_file_ref idref="fl-1c"/>
      </object_component>
      <object_component id="oc-372">
         <name>.debug_line</name>
         <load_address>0x31c2</load_address>
         <run_address>0x31c2</run_address>
         <size>0xbf</size>
         <input_file_ref idref="fl-1c"/>
      </object_component>
      <object_component id="oc-ce">
         <name>.debug_line</name>
         <load_address>0x3281</load_address>
         <run_address>0x3281</run_address>
         <size>0x88</size>
         <input_file_ref idref="fl-1d"/>
      </object_component>
      <object_component id="oc-d3">
         <name>.debug_line</name>
         <load_address>0x3309</load_address>
         <run_address>0x3309</run_address>
         <size>0x9b</size>
         <input_file_ref idref="fl-1d"/>
      </object_component>
      <object_component id="oc-24a">
         <name>.debug_line</name>
         <load_address>0x33a4</load_address>
         <run_address>0x33a4</run_address>
         <size>0x10a</size>
         <input_file_ref idref="fl-1d"/>
      </object_component>
      <object_component id="oc-d7">
         <name>.debug_line</name>
         <load_address>0x34ae</load_address>
         <run_address>0x34ae</run_address>
         <size>0x88</size>
         <input_file_ref idref="fl-1d"/>
      </object_component>
      <object_component id="oc-2aa">
         <name>.debug_line</name>
         <load_address>0x3536</load_address>
         <run_address>0x3536</run_address>
         <size>0x109</size>
         <input_file_ref idref="fl-1d"/>
      </object_component>
      <object_component id="oc-e1">
         <name>.debug_line</name>
         <load_address>0x363f</load_address>
         <run_address>0x363f</run_address>
         <size>0x89</size>
         <input_file_ref idref="fl-1d"/>
      </object_component>
      <object_component id="oc-12c">
         <name>.debug_line</name>
         <load_address>0x36c8</load_address>
         <run_address>0x36c8</run_address>
         <size>0x21</size>
         <input_file_ref idref="fl-1d"/>
      </object_component>
      <object_component id="oc-367">
         <name>.debug_line</name>
         <load_address>0x36e9</load_address>
         <run_address>0x36e9</run_address>
         <size>0xc0</size>
         <input_file_ref idref="fl-20"/>
      </object_component>
      <object_component id="oc-33a">
         <name>.debug_line</name>
         <load_address>0x37a9</load_address>
         <run_address>0x37a9</run_address>
         <size>0xf7</size>
         <input_file_ref idref="fl-20"/>
      </object_component>
      <object_component id="oc-33f">
         <name>.debug_line</name>
         <load_address>0x38a0</load_address>
         <run_address>0x38a0</run_address>
         <size>0x115</size>
         <input_file_ref idref="fl-20"/>
      </object_component>
      <object_component id="oc-2c9">
         <name>.debug_line</name>
         <load_address>0x39b5</load_address>
         <run_address>0x39b5</run_address>
         <size>0x9c</size>
         <input_file_ref idref="fl-20"/>
      </object_component>
      <object_component id="oc-2cc">
         <name>.debug_line</name>
         <load_address>0x3a51</load_address>
         <run_address>0x3a51</run_address>
         <size>0x1e5</size>
         <input_file_ref idref="fl-20"/>
      </object_component>
      <object_component id="oc-235">
         <name>.debug_line</name>
         <load_address>0x3c36</load_address>
         <run_address>0x3c36</run_address>
         <size>0x205</size>
         <input_file_ref idref="fl-20"/>
      </object_component>
      <object_component id="oc-349">
         <name>.debug_line</name>
         <load_address>0x3e3b</load_address>
         <run_address>0x3e3b</run_address>
         <size>0x72</size>
         <input_file_ref idref="fl-20"/>
      </object_component>
      <object_component id="oc-287">
         <name>.debug_line</name>
         <load_address>0x3ead</load_address>
         <run_address>0x3ead</run_address>
         <size>0x8c</size>
         <input_file_ref idref="fl-21"/>
      </object_component>
      <object_component id="oc-35f">
         <name>.debug_line</name>
         <load_address>0x3f39</load_address>
         <run_address>0x3f39</run_address>
         <size>0xbf</size>
         <input_file_ref idref="fl-21"/>
      </object_component>
      <object_component id="oc-343">
         <name>.debug_line</name>
         <load_address>0x3ff8</load_address>
         <run_address>0x3ff8</run_address>
         <size>0x8f</size>
[...]
      </symbol>
      <symbol id="sm-8">
         <name>ctrlfuncsLoadSize</name>
         <value>0x0</value>
      </symbol>
      <symbol id="sm-9">
         <name>ctrlfuncsLoadEnd</name>
         <value>0xa000</value>
      </symbol>
      <symbol id="sm-a">
         <name>ctrlfuncsRunStart</name>
         <value>0xa000</value>
      </symbol>
      <symbol id="sm-b">
         <name>ctrlfuncsRunSize</name>
         <value>0x0</value>
      </symbol>
      <symbol id="sm-c">
         <name>ctrlfuncsRunEnd</name>
         <value>0xa000</value>
      </symbol>
      <symbol id="sm-d">
         <name>__TI_CINIT_Base</name>
         <value>0x8337c</value>
      </symbol>
      <symbol id="sm-e">
         <name>__TI_CINIT_Limit</name>
         <value>0x83390</value>
      </symbol>
      <symbol id="sm-f">
         <name>__TI_CINIT_Warm</name>
         <value>0x83390</value>
      </symbol>
      <symbol id="sm-10">
         <name>__TI_Handler_Table_Base</name>
         <value>0x8336a</value>
      </symbol>
      <symbol id="sm-11">
         <name>__TI_Handler_Table_Limit</name>
         <value>0x83370</value>
      </symbol>
      <symbol id="sm-12">
         <name>__TI_STACK_SIZE</name>
         <value>0x120</value>
      </symbol>
      <symbol id="sm-13">
         <name>__TI_STACK_END</name>
         <value>0x170</value>
      </symbol>
      <symbol id="sm-14">
         <name>__TI_pprof_out_hndl</name>
         <value>0xffffffff</value>
      </symbol>
      <symbol id="sm-15">
         <name>__TI_prof_data_start</name>
         <value>0xffffffff</value>
      </symbol>
      <symbol id="sm-16">
         <name>__TI_prof_data_size</name>
         <value>0xffffffff</value>
      </symbol>
      <symbol id="sm-1d8">
         <name>offsetCalCounter</name>
         <value>0x5f0</value>
         <object_component_ref idref="oc-2a5"/>
      </symbol>
      <symbol id="sm-1d9">
         <name>FCL_getSwVersion</name>
         <value>0x8285e</value>
         <object_component_ref idref="oc-1da"/>
      </symbol>
      <symbol id="sm-1da">
         <name>halMtr</name>
         <value>0x594</value>
         <object_component_ref idref="oc-104"/>
      </symbol>
      <symbol id="sm-1db">
         <name>runOffsetsCalculation</name>
         <value>0x81695</value>
         <object_component_ref idref="oc-1f8"/>
      </symbol>
      <symbol id="sm-1dc">
         <name>runSyncControl</name>
         <value>0x82235</value>
         <object_component_ref idref="oc-204"/>
      </symbol>
      <symbol id="sm-1dd">
         <name>halMtrHandle</name>
         <value>0x5b8</value>
         <object_component_ref idref="oc-101"/>
      </symbol>
      <symbol id="sm-1de">
         <name>memcpy</name>
         <value>0x8265c</value>
         <object_component_ref idref="oc-e5"/>
      </symbol>
      <symbol id="sm-1df">
         <name>DLOG_2CH_F_init</name>
         <value>0x826ae</value>
         <object_component_ref idref="oc-1f2"/>
      </symbol>
      <symbol id="sm-1e0">
         <name>runMotor</name>
         <value>0x5c0</value>
         <object_component_ref idref="oc-1a7"/>
      </symbol>
      <symbol id="sm-1e1">
         <name>IdRef</name>
         <value>0x188</value>
         <object_component_ref idref="oc-2b0"/>
      </symbol>
      <symbol id="sm-1e2">
         <name>_nop</name>
         <value>0x82863</value>
         <object_component_ref idref="oc-219"/>
      </symbol>
      <symbol id="sm-1e3">
         <name>hal</name>
         <value>0x5c6</value>
         <object_component_ref idref="oc-1a7"/>
      </symbol>
      <symbol id="sm-1e4">
         <name>motorVars</name>
         <value>0x200</value>
         <object_component_ref idref="oc-fe"/>
      </symbol>
      <symbol id="sm-1e5">
         <name>VdTesting</name>
         <value>0x180</value>
         <object_component_ref idref="oc-2b0"/>
      </symbol>
      <symbol id="sm-1e6">
         <name>speedRef</name>
         <value>0x186</value>
         <object_component_ref idref="oc-2b0"/>
      </symbol>
      <symbol id="sm-1e7">
         <name>_lock</name>
         <value>0x5ee</value>
         <object_component_ref idref="oc-181"/>
      </symbol>
      <symbol id="sm-1e8">
         <name>halHandle</name>
         <value>0x5c4</value>
         <object_component_ref idref="oc-1a7"/>
      </symbol>
      <symbol id="sm-1e9">
         <name>VqTesting</name>
         <value>0x182</value>
         <object_component_ref idref="oc-2b0"/>
      </symbol>
      <symbol id="sm-1ea">
         <name>runMotorControl</name>
         <value>0x817ff</value>
         <object_component_ref idref="oc-20a"/>
      </symbol>
      <symbol id="sm-1eb">
         <name>FCL_initADC_2In</name>
         <value>0x82499</value>
         <object_component_ref idref="oc-275"/>
      </symbol>
      <symbol id="sm-1ec">
         <name>FCL_initPWM</name>
         <value>0x820f7</value>
         <object_component_ref idref="oc-27b"/>
      </symbol>
      <symbol id="sm-1ed">
         <name>__TI_decompress_lzss</name>
         <value>0x824c7</value>
         <object_component_ref idref="oc-9a"/>
      </symbol>
      <symbol id="sm-1ee">
         <name>initControlVars</name>
         <value>0x81508</value>
         <object_component_ref idref="oc-1c8"/>
      </symbol>
      <symbol id="sm-1ef">
         <name>motor1ControlISR</name>
         <value>0xb46c</value>
         <object_component_ref idref="oc-c4"/>
      </symbol>
      <symbol id="sm-1f0">
         <name>initMotorParameters</name>
         <value>0x8129f</value>
         <object_component_ref idref="oc-1c2"/>
      </symbol>
      <symbol id="sm-1f1">
         <name>motor2ControlISR</name>
         <value>0xaf00</value>
         <object_component_ref idref="oc-b8"/>
      </symbol>
      <symbol id="sm-1f2">
         <name>posArray</name>
         <value>0x18c</value>
         <object_component_ref idref="oc-2b0"/>
      </symbol>
      <symbol id="sm-1f3">
         <name>flagSyncRun</name>
         <value>0x5c2</value>
         <object_component_ref idref="oc-1a7"/>
      </symbol>
      <symbol id="sm-1f4">
         <name>IqRef</name>
         <value>0x18a</value>
         <object_component_ref idref="oc-2b0"/>
      </symbol>
      <symbol id="sm-1f5">
         <name>resetControlVars</name>
         <value>0x824f5</value>
         <object_component_ref idref="oc-1d4"/>
      </symbol>
      <symbol id="sm-1f6">
         <name>__TI_decompress_none</name>
         <value>0x8281d</value>
         <object_component_ref idref="oc-a0"/>
      </symbol>
      <symbol id="sm-1f7">
         <name>_system_pre_init</name>
         <value>0x82861</value>
         <object_component_ref idref="oc-12e"/>
      </symbol>
      <symbol id="sm-1f8">
         <name>posPtrMax</name>
         <value>0x184</value>
         <object_component_ref idref="oc-2b0"/>
      </symbol>
      <symbol id="sm-1f9">
         <name>ctrlState</name>
         <value>0x5c1</value>
         <object_component_ref idref="oc-1a7"/>
      </symbol>
      <symbol id="sm-1fa">
         <name>__TI_zero_init</name>
         <value>0x82858</value>
         <object_component_ref idref="oc-f2"/>
      </symbol>
      <symbol id="sm-285">
         <name>HAL_clearDataRAM</name>
         <value>0x8282d</value>
         <object_component_ref idref="oc-1a1"/>
      </symbol>
      <symbol id="sm-286">
         <name>HAL_MTR_init</name>
         <value>0x82281</value>
         <object_component_ref idref="oc-1b0"/>
      </symbol>
      <symbol id="sm-287">
         <name>HAL_setupADCs</name>
         <value>0x81e78</value>
         <object_component_ref idref="oc-25b"/>
      </symbol>
      <symbol id="sm-288">
         <name>HAL_init</name>
         <value>0x8246a</value>
         <object_component_ref idref="oc-1aa"/>
      </symbol>
      <symbol id="sm-289">
         <name>HAL_setupQEP</name>
         <value>0x82181</value>
         <object_component_ref idref="oc-26e"/>
      </symbol>
      <symbol id="sm-28a">
         <name>HAL_setupMotorPWMs</name>
         <value>0x81a5f</value>
         <object_component_ref idref="oc-262"/>
      </symbol>
      <symbol id="sm-28b">
         <name>HAL_setMotorParams</name>
         <value>0x827e5</value>
         <object_component_ref idref="oc-1bc"/>
      </symbol>
      <symbol id="sm-28c">
         <name>HAL_enableInterrupts</name>
         <value>0x82746</value>
         <object_component_ref idref="oc-1fe"/>
      </symbol>
      <symbol id="sm-28d">
         <name>HAL_setupGPIOs</name>
         <value>0x81000</value>
         <object_component_ref idref="oc-255"/>
      </symbol>
      <symbol id="sm-28e">
         <name>HAL_setParams</name>
         <value>0x82523</value>
         <object_component_ref idref="oc-1b6"/>
      </symbol>
      <symbol id="sm-28f">
         <name>HAL_setupCMPSS</name>
         <value>0x81b76</value>
         <object_component_ref idref="oc-268"/>
      </symbol>
      <symbol id="sm-290">
         <name>HAL_setupCpuTimer</name>
         <value>0x826c8</value>
         <object_component_ref idref="oc-24f"/>
      </symbol>
      <symbol id="sm-291">
         <name>HAL_setupMotorFaultProtection</name>
         <value>0x81d81</value>
         <object_component_ref idref="oc-1ce"/>
      </symbol>
      <symbol id="sm-292">
         <name>HAL_setupInterrupts</name>
         <value>0x821de</value>
         <object_component_ref idref="oc-b9"/>
      </symbol>
      <symbol id="sm-293">
         <name>HAL_setupCMPSS_DACValue</name>
         <value>0x827b6</value>
         <object_component_ref idref="oc-2b4"/>
      </symbol>
      <symbol id="sm-2f6">
         <name>vTimer1</name>
         <value>0x5e4</value>
         <object_component_ref idref="oc-321"/>
      </symbol>
      <symbol id="sm-2f7">
         <name>vTimer0</name>
         <value>0x5bc</value>
         <object_component_ref idref="oc-293"/>
      </symbol>
      <symbol id="sm-2f8">
         <name>B_Task_Ptr</name>
         <value>0x5e2</value>
         <object_component_ref idref="oc-210"/>
      </symbol>
      <symbol id="sm-2f9">
         <name>A_Task_Ptr</name>
         <value>0x5e0</value>
         <object_component_ref idref="oc-210"/>
      </symbol>
      <symbol id="sm-2fa">
         <name>Alpha_State_Ptr</name>
         <value>0x5de</value>
         <object_component_ref idref="oc-210"/>
      </symbol>
      <symbol id="sm-2fb">
         <name>serialCommsTimer</name>
         <value>0x5d8</value>
         <object_component_ref idref="oc-210"/>
      </symbol>
      <symbol id="sm-2fc">
         <name>dlogCh1</name>
         <value>0xc000</value>
         <object_component_ref idref="oc-10a"/>
      </symbol>
      <symbol id="sm-2fd">
         <name>dlogCh2</name>
         <value>0xc002</value>
         <object_component_ref idref="oc-10a"/>
      </symbol>
      <symbol id="sm-2fe">
         <name>main</name>
         <value>0x81c82</value>
         <object_component_ref idref="oc-176"/>
      </symbol>
      <symbol id="sm-2ff">
         <name>led2Cnt</name>
         <value>0x5dc</value>
         <object_component_ref idref="oc-210"/>
      </symbol>
      <symbol id="sm-300">
         <name>B3</name>
         <value>0x8284c</value>
         <object_component_ref idref="oc-318"/>
      </symbol>
      <symbol id="sm-301">
         <name>B2</name>
         <value>0x82846</value>
         <object_component_ref idref="oc-28c"/>
      </symbol>
      <symbol id="sm-302">
         <name>B1</name>
         <value>0x82840</value>
         <object_component_ref idref="oc-1e0"/>
      </symbol>
      <symbol id="sm-303">
         <name>B0</name>
         <value>0x8275e</value>
         <object_component_ref idref="oc-296"/>
      </symbol>
      <symbol id="sm-304">
         <name>A3</name>
         <value>0x827d7</value>
         <object_component_ref idref="oc-325"/>
      </symbol>
      <symbol id="sm-305">
         <name>A2</name>
         <value>0x8283a</value>
         <object_component_ref idref="oc-29d"/>
      </symbol>
      <symbol id="sm-306">
         <name>A1</name>
         <value>0x82834</value>
         <object_component_ref idref="oc-1ec"/>
      </symbol>
      <symbol id="sm-307">
         <name>A0</name>
         <value>0x82694</value>
         <object_component_ref idref="oc-1e6"/>
      </symbol>
      <symbol id="sm-308">
         <name>dlog_2ch1</name>
         <value>0xc004</value>
         <object_component_ref idref="oc-10a"/>
      </symbol>
      <symbol id="sm-309">
         <name>backTicker</name>
         <value>0x5da</value>
         <object_component_ref idref="oc-210"/>
      </symbol>
      <symbol id="sm-30a">
         <name>led1Cnt</name>
         <value>0x5db</value>
         <object_component_ref idref="oc-210"/>
      </symbol>
      <symbol id="sm-30b">
         <name>DBUFF_4CH1</name>
         <value>0xc016</value>
         <object_component_ref idref="oc-10a"/>
      </symbol>
      <symbol id="sm-30c">
         <name>DBUFF_4CH2</name>
         <value>0xc1a6</value>
         <object_component_ref idref="oc-10a"/>
      </symbol>
      <symbol id="sm-30d">
         <name>enableFlag</name>
         <value>0x5d9</value>
         <object_component_ref idref="oc-210"/>
      </symbol>
      <symbol id="sm-329">
         <name>Device_enableAllPeripherals</name>
         <value>0x82057</value>
         <object_component_ref idref="oc-236"/>
      </symbol>
      <symbol id="sm-32a">
         <name>Device_initGPIO</name>
         <value>0x827c7</value>
         <object_component_ref idref="oc-243"/>
      </symbol>
      <symbol id="sm-32b">
         <name>Device_init</name>
         <value>0x823cd</value>
         <object_component_ref idref="oc-19b"/>
      </symbol>
      <symbol id="sm-33a">
         <name>code_start</name>
         <value>0x80000</value>
         <object_component_ref idref="oc-a7"/>
      </symbol>
      <symbol id="sm-354">
         <name>ADC_setOffsetTrimAll</name>
         <value>0x8278c</value>
         <object_component_ref idref="oc-353"/>
      </symbol>
      <symbol id="sm-355">
         <name>ADC_setVREF</name>
         <value>0x826e2</value>
         <object_component_ref idref="oc-2fe"/>
      </symbol>
      <symbol id="sm-369">
         <name>CMPSS_configFilterHigh</name>
         <value>0x826fb</value>
         <object_component_ref idref="oc-306"/>
      </symbol>
      <symbol id="sm-36a">
         <name>CMPSS_configFilterLow</name>
         <value>0x82714</value>
         <object_component_ref idref="oc-30c"/>
      </symbol>
      <symbol id="sm-377">
         <name>CPUTimer_setEmulationMode</name>
         <value>0x82852</value>
         <object_component_ref idref="oc-2d8"/>
      </symbol>
      <symbol id="sm-385">
         <name>Flash_initModule</name>
         <value>0xb99a</value>
         <object_component_ref idref="oc-22a"/>
      </symbol>
      <symbol id="sm-3b6">
         <name>GPIO_setQualificationMode</name>
         <value>0x825f9</value>
         <object_component_ref idref="oc-2f1"/>
      </symbol>
      <symbol id="sm-3b7">
         <name>GPIO_setPadConfig</name>
         <value>0x82350</value>
         <object_component_ref idref="oc-2eb"/>
      </symbol>
      <symbol id="sm-3b8">
         <name>GPIO_setDirectionMode</name>
         <value>0x8263c</value>
         <object_component_ref idref="oc-2e5"/>
      </symbol>
      <symbol id="sm-3b9">
         <name>GPIO_setQualificationPeriod</name>
         <value>0x82679</value>
         <object_component_ref idref="oc-2f7"/>
      </symbol>
      <symbol id="sm-3ba">
         <name>GPIO_setPinConfig</name>
         <value>0x8243a</value>
         <object_component_ref idref="oc-2df"/>
      </symbol>
      <symbol id="sm-3f1">
         <name>Interrupt_defaultHandler</name>
         <value>0x827f1</value>
         <object_component_ref idref="oc-dc"/>
      </symbol>
      <symbol id="sm-3f2">
         <name>Interrupt_initModule</name>
         <value>0x8230f</value>
         <object_component_ref idref="oc-249"/>
      </symbol>
      <symbol id="sm-3f3">
         <name>Interrupt_nmiHandler</name>
         <value>0x82813</value>
         <object_component_ref idref="oc-ca"/>
      </symbol>
      <symbol id="sm-3f4">
         <name>Interrupt_enable</name>
         <value>0x82404</value>
         <object_component_ref idref="oc-2a9"/>
      </symbol>
      <symbol id="sm-3f5">
         <name>Interrupt_initVectorTable</name>
         <value>0x827a1</value>
         <object_component_ref idref="oc-cf"/>
      </symbol>
      <symbol id="sm-3f6">
         <name>Interrupt_illegalOperationHandler</name>
         <value>0x82809</value>
         <object_component_ref idref="oc-d6"/>
      </symbol>
      <symbol id="sm-457">
         <name>SysCtl_isPLLValid</name>
         <value>0x81f6e</value>
         <object_component_ref idref="oc-2ca"/>
      </symbol>
      <symbol id="sm-458">
         <name>SysCtl_delay</name>
         <value>0xb9d9</value>
         <object_component_ref idref="oc-2c3"/>
      </symbol>
      <symbol id="sm-459">
         <name>SysCtl_selectXTALSingleEnded</name>
         <value>0x8261b</value>
         <object_component_ref idref="oc-335"/>
      </symbol>
      <symbol id="sm-45a">
         <name>SysCtl_selectXTAL</name>
         <value>0x822ca</value>
         <object_component_ref idref="oc-33b"/>
      </symbol>
      <symbol id="sm-45b">
         <name>SysCtl_selectOscSource</name>
         <value>0x8254f</value>
         <object_component_ref idref="oc-2c4"/>
      </symbol>
      <symbol id="sm-45c">
         <name>SysCtl_setClock</name>
         <value>0x81942</value>
         <object_component_ref idref="oc-230"/>
      </symbol>
      <symbol id="sm-469">
         <name>XBAR_setEPWMMuxConfig</name>
         <value>0x8257a</value>
         <object_component_ref idref="oc-283"/>
      </symbol>
      <symbol id="sm-472">
         <name>__c28xabi_divf</name>
         <value>0x8272d</value>
         <object_component_ref idref="oc-342"/>
      </symbol>
      <symbol id="sm-47c">
         <name>_c_int00</name>
         <value>0x82775</value>
         <object_component_ref idref="oc-119"/>
      </symbol>
      <symbol id="sm-47d">
         <name>__stack</name>
         <value>0x50</value>
         <object_component_ref idref="oc-e2"/>
      </symbol>
      <symbol id="sm-48d">
         <name>__TI_auto_init_nobinit_nopinit</name>
         <value>0x825a5</value>
         <object_component_ref idref="oc-146"/>
      </symbol>
      <symbol id="sm-4a3">
         <name>C$$EXIT</name>
         <value>0x825d0</value>
         <object_component_ref idref="oc-13b"/>
      </symbol>
      <symbol id="sm-4a4">
         <name>abort</name>
         <value>0x825d0</value>
         <object_component_ref idref="oc-13b"/>
      </symbol>
      <symbol id="sm-4a5">
         <name>exit</name>
         <value>0x825d2</value>
         <object_component_ref idref="oc-13b"/>
      </symbol>
      <symbol id="sm-4a6">
         <name>__TI_dtors_ptr</name>
         <value>0x5ec</value>
         <object_component_ref idref="oc-17e"/>
      </symbol>
      <symbol id="sm-4a7">
         <name>__TI_cleanup_ptr</name>
         <value>0x5ea</value>
         <object_component_ref idref="oc-17e"/>
      </symbol>
      <symbol id="sm-4a8">
         <name>__TI_enable_exit_profile_output</name>
         <value>0x5e8</value>
         <object_component_ref idref="oc-17e"/>
      </symbol>
      <symbol id="sm-4b7">
         <name>_args_main</name>
         <value>0x827fd</value>
         <object_component_ref idref="oc-135"/>
      </symbol>
      <symbol id="sm-4c4">
         <name>_system_post_cinit</name>
         <value>0x82864</value>
         <object_component_ref idref="oc-186"/>
      </symbol>
      <symbol id="sm-4c6">
         <name>__c_args__</name>
         <value>0x0</value>
      </symbol>
   </symbol_table>
   <title>Link successful</title>
</link_info>
