<?xml version="1.0" encoding="ISO-8859-1" ?>
<link_info>
   <banner>TMS320C2000 Linker PC v22.6.2.LTS</banner>
   <copyright>Copyright (c) 1996-2018 Texas Instruments Incorporated</copyright>
   <link_time>0x6944b217</link_time>
   <link_errors>0x0</link_errors>
   <output_file>dual_axis_servo_drive_fcl_qep_f28002x.out</output_file>
   <entry_point>
      <name>code_start</name>
      <address>0x80000</address>
   </entry_point>
   <input_file_list>
      <input_file id="fl-2">
         <path>.\sources\</path>
         <kind>object</kind>
         <file>dlog_2ch_f.obj</file>
         <name>dlog_2ch_f.obj</name>
      </input_file>
      <input_file id="fl-3">
         <path>.\sources\</path>
         <kind>object</kind>
         <file>dual_axis_servo_drive_cpu.obj</file>
         <name>dual_axis_servo_drive_cpu.obj</name>
      </input_file>
      <input_file id="fl-6">
         <path>.\sources\</path>
         <kind>object</kind>
         <file>dual_axis_servo_drive_user_cpu.obj</file>
         <name>dual_axis_servo_drive_user_cpu.obj</name>
      </input_file>
      <input_file id="fl-7">
         <path>.\sources\</path>
         <kind>object</kind>
         <file>fcl_foc_cpu_dm.obj</file>
         <name>fcl_foc_cpu_dm.obj</name>
      </input_file>
      <input_file id="fl-8">
         <path>.\sources\</path>
         <kind>object</kind>
         <file>sfra_gui.obj</file>
         <name>sfra_gui.obj</name>
      </input_file>
      <input_file id="fl-c">
         <path>.\src_device\</path>
         <kind>object</kind>
         <file>f28002x_globalvariabledefs.obj</file>
         <name>f28002x_globalvariabledefs.obj</name>
      </input_file>
      <input_file id="fl-2f">
         <path>C:\ti\ccs2031\ccs\tools\compiler\ti-cgt-c2000_22.6.2.LTS\lib\</path>
         <kind>archive</kind>
         <file>rts2800_fpu32_eabi.lib</file>
         <name>memcpy.c.obj</name>
      </input_file>
      <input_file id="fl-30">
         <path>C:\ti\ccs2031\ccs\tools\compiler\ti-cgt-c2000_22.6.2.LTS\lib\</path>
         <kind>archive</kind>
         <file>rts2800_fpu32_eabi.lib</file>
         <name>pre_init.c.obj</name>
      </input_file>
      <input_file id="fl-32">
         <path>C:\ti\ccs2031\ccs\tools\compiler\ti-cgt-c2000_22.6.2.LTS\lib\</path>
         <kind>archive</kind>
         <file>rts2800_fpu32_eabi.lib</file>
         <name>copy_zero_init.c.obj</name>
      </input_file>
      <input_file id="fl-33">
         <path>C:\ti\ccs2031\ccs\tools\compiler\ti-cgt-c2000_22.6.2.LTS\lib\</path>
         <kind>archive</kind>
         <file>rts2800_fpu32_eabi.lib</file>
         <name>copy_decompress_none.c.obj</name>
      </input_file>
      <input_file id="fl-34">
         <path>C:\ti\ccs2031\ccs\tools\compiler\ti-cgt-c2000_22.6.2.LTS\lib\</path>
         <kind>archive</kind>
         <file>rts2800_fpu32_eabi.lib</file>
         <name>copy_decompress_lzss.c.obj</name>
      </input_file>
      <input_file id="fl-36">
         <path>C:\ti\ccs2031\ccs\tools\compiler\ti-cgt-c2000_22.6.2.LTS\lib\</path>
         <kind>archive</kind>
         <file>rts2800_fpu32_eabi.lib</file>
         <name>_lock.c.obj</name>
      </input_file>
      <input_file id="fl-38">
         <path>C:\ti\ccs2031\ccs\tools\compiler\ti-cgt-c2000_22.6.2.LTS\lib\</path>
         <kind>archive</kind>
         <file>rts2800_fpu32_eabi.lib</file>
         <name>memset.c.obj</name>
      </input_file>
      <input_file id="fl-39">
         <path>C:\ti\ccs2031\ccs\tools\compiler\ti-cgt-c2000_22.6.2.LTS\lib\</path>
         <kind>archive</kind>
         <file>rts2800_fpu32_eabi.lib</file>
         <name>cpy_tbl.c.obj</name>
      </input_file>
      <input_file id="fl-3b">
         <path>C:\Users\Teddy\AppData\Local\Temp\</path>
         <kind>object</kind>
         <file>{857B2467-D31D-4449-BCAF-28B74B043060}</file>
         <name>{857B2467-D31D-4449-BCAF-28B74B043060}</name>
      </input_file>
      <input_file id="fl-4">
         <path>.\sources\</path>
         <kind>object</kind>
         <file>dual_axis_servo_drive_hal.obj</file>
         <name>dual_axis_servo_drive_hal.obj</name>
      </input_file>
      <input_file id="fl-5">
         <path>.\sources\</path>
         <kind>object</kind>
         <file>dual_axis_servo_drive_main_cpu.obj</file>
         <name>dual_axis_servo_drive_main_cpu.obj</name>
      </input_file>
      <input_file id="fl-9">
         <path>.\sources\</path>
         <kind>object</kind>
         <file>sfra_gui_scicomms_driverlib.obj</file>
         <name>sfra_gui_scicomms_driverlib.obj</name>
      </input_file>
      <input_file id="fl-a">
         <path>.\src_device\</path>
         <kind>object</kind>
         <file>device.obj</file>
         <name>device.obj</name>
      </input_file>
      <input_file id="fl-b">
         <path>.\src_device\</path>
         <kind>object</kind>
         <file>f28002x_codestartbranch.obj</file>
         <name>f28002x_codestartbranch.obj</name>
      </input_file>
      <input_file id="fl-15">
         <kind>object</kind>
         <file>&lt;internal&gt;</file>
         <name>&lt;internal&gt;</name>
      </input_file>
      <input_file id="fl-16">
         <path>C:\ti\C2000Ware_MotorControl_SDK_5_04_00_00\c2000ware\driverlib\f28002x\driverlib\ccs\Release\</path>
         <kind>archive</kind>
         <file>driverlib.lib</file>
         <name>adc.obj</name>
      </input_file>
      <input_file id="fl-17">
         <path>C:\ti\C2000Ware_MotorControl_SDK_5_04_00_00\c2000ware\driverlib\f28002x\driverlib\ccs\Release\</path>
         <kind>archive</kind>
         <file>driverlib.lib</file>
         <name>cmpss.obj</name>
      </input_file>
      <input_file id="fl-18">
         <path>C:\ti\C2000Ware_MotorControl_SDK_5_04_00_00\c2000ware\driverlib\f28002x\driverlib\ccs\Release\</path>
         <kind>archive</kind>
         <file>driverlib.lib</file>
         <name>cputimer.obj</name>
      </input_file>
      <input_file id="fl-19">
         <path>C:\ti\C2000Ware_MotorControl_SDK_5_04_00_00\c2000ware\driverlib\f28002x\driverlib\ccs\Release\</path>
         <kind>archive</kind>
         <file>driverlib.lib</file>
         <name>dcc.obj</name>
      </input_file>
      <input_file id="fl-1a">
         <path>C:\ti\C2000Ware_MotorControl_SDK_5_04_00_00\c2000ware\driverlib\f28002x\driverlib\ccs\Release\</path>
         <kind>archive</kind>
         <file>driverlib.lib</file>
         <name>flash.obj</name>
      </input_file>
      <input_file id="fl-1b">
         <path>C:\ti\C2000Ware_MotorControl_SDK_5_04_00_00\c2000ware\driverlib\f28002x\driverlib\ccs\Release\</path>
         <kind>archive</kind>
         <file>driverlib.lib</file>
         <name>gpio.obj</name>
      </input_file>
      <input_file id="fl-1c">
         <path>C:\ti\C2000Ware_MotorControl_SDK_5_04_00_00\c2000ware\driverlib\f28002x\driverlib\ccs\Release\</path>
         <kind>archive</kind>
         <file>driverlib.lib</file>
         <name>interrupt.obj</name>
      </input_file>
      <input_file id="fl-1d">
         <path>C:\ti\C2000Ware_MotorControl_SDK_5_04_00_00\c2000ware\driverlib\f28002x\driverlib\ccs\Release\</path>
         <kind>archive</kind>
         <file>driverlib.lib</file>
         <name>sci.obj</name>
      </input_file>
      <input_file id="fl-1e">
         <path>C:\ti\C2000Ware_MotorControl_SDK_5_04_00_00\c2000ware\driverlib\f28002x\driverlib\ccs\Release\</path>
         <kind>archive</kind>
         <file>driverlib.lib</file>
         <name>sysctl.obj</name>
      </input_file>
      <input_file id="fl-1f">
         <path>C:\ti\C2000Ware_MotorControl_SDK_5_04_00_00\c2000ware\driverlib\f28002x\driverlib\ccs\Release\</path>
         <kind>archive</kind>
         <file>driverlib.lib</file>
         <name>xbar.obj</name>
      </input_file>
      <input_file id="fl-20">
         <path>C:\ti\C2000Ware_MotorControl_SDK_5_04_00_00\libraries\sfra\lib\</path>
         <kind>archive</kind>
         <file>sfra_f32_tmu_eabi.lib</file>
         <name>sfra_f32_tmu_config_reset.obj</name>
      </input_file>
      <input_file id="fl-21">
         <path>C:\ti\C2000Ware_MotorControl_SDK_5_04_00_00\c2000ware\libraries\math\FPUfastRTS\c28\lib\</path>
         <kind>archive</kind>
         <file>rts2800_fpu32_fast_supplement_eabi.lib</file>
         <name>div_f32.obj</name>
      </input_file>
      <input_file id="fl-2d">
         <path>C:\ti\ccs2031\ccs\tools\compiler\ti-cgt-c2000_22.6.2.LTS\lib\</path>
         <kind>archive</kind>
         <file>rts2800_fpu32_eabi.lib</file>
         <name>boot28.asm.obj</name>
      </input_file>
      <input_file id="fl-2e">
         <path>C:\ti\ccs2031\ccs\tools\compiler\ti-cgt-c2000_22.6.2.LTS\lib\</path>
         <kind>archive</kind>
         <file>rts2800_fpu32_eabi.lib</file>
         <name>ll_cmp28.asm.obj</name>
      </input_file>
      <input_file id="fl-31">
         <path>C:\ti\ccs2031\ccs\tools\compiler\ti-cgt-c2000_22.6.2.LTS\lib\</path>
         <kind>archive</kind>
         <file>rts2800_fpu32_eabi.lib</file>
         <name>autoinit.c.obj</name>
      </input_file>
      <input_file id="fl-35">
         <path>C:\ti\ccs2031\ccs\tools\compiler\ti-cgt-c2000_22.6.2.LTS\lib\</path>
         <kind>archive</kind>
         <file>rts2800_fpu32_eabi.lib</file>
         <name>exit.c.obj</name>
      </input_file>
      <input_file id="fl-37">
         <path>C:\ti\ccs2031\ccs\tools\compiler\ti-cgt-c2000_22.6.2.LTS\lib\</path>
         <kind>archive</kind>
         <file>rts2800_fpu32_eabi.lib</file>
         <name>args_main.c.obj</name>
      </input_file>
      <input_file id="fl-3a">
         <path>C:\ti\ccs2031\ccs\tools\compiler\ti-cgt-c2000_22.6.2.LTS\lib\</path>
         <kind>archive</kind>
         <file>rts2800_fpu32_eabi.lib</file>
         <name>startup.c.obj</name>
      </input_file>
   </input_file_list>
   <object_component_list>
      <object_component id="oc-a7">
         <name>codestart</name>
         <load_address>0x80000</load_address>
         <run_address>0x80000</run_address>
         <size>0x2</size>
         <input_file_ref idref="fl-b"/>
      </object_component>
      <object_component id="oc-be">
         <name>.TI.ramfunc:motor1ControlISR</name>
         <load_address>0x82696</load_address>
         <run_address>0xaf00</run_address>
         <size>0x46c</size>
         <input_file_ref idref="fl-3"/>
      </object_component>
      <object_component id="oc-233">
         <name>.TI.ramfunc:Flash_initModule</name>
         <load_address>0x82b02</load_address>
         <run_address>0xb36c</run_address>
         <size>0x3f</size>
         <input_file_ref idref="fl-1a"/>
      </object_component>
      <object_component id="oc-b8">
         <name>.TI.ramfunc:motor2ControlISR</name>
         <load_address>0x82b41</load_address>
         <run_address>0xb3ab</run_address>
         <size>0x8</size>
         <input_file_ref idref="fl-3"/>
      </object_component>
      <object_component id="oc-2c2">
         <name>.TI.ramfunc</name>
         <load_address>0x82b49</load_address>
         <run_address>0xb3b3</run_address>
         <size>0x4</size>
         <input_file_ref idref="fl-1e"/>
      </object_component>
      <object_component id="oc-25c">
         <name>.text:HAL_setupGPIOs</name>
         <load_address>0x81000</load_address>
         <run_address>0x81000</run_address>
         <size>0x29f</size>
         <input_file_ref idref="fl-4"/>
      </object_component>
      <object_component id="oc-1ce">
         <name>.text:initControlVars</name>
         <load_address>0x8129f</load_address>
         <run_address>0x8129f</run_address>
         <size>0x18d</size>
         <input_file_ref idref="fl-6"/>
      </object_component>
      <object_component id="oc-1fe">
         <name>.text:runOffsetsCalculation</name>
         <load_address>0x8142c</load_address>
         <run_address>0x8142c</run_address>
         <size>0x16a</size>
         <input_file_ref idref="fl-6"/>
      </object_component>
      <object_component id="oc-210">
         <name>.text:runMotorControl</name>
         <load_address>0x81596</load_address>
         <run_address>0x81596</run_address>
         <size>0x15e</size>
         <input_file_ref idref="fl-3"/>
      </object_component>
      <object_component id="oc-1c8">
         <name>.text:initMotorParameters</name>
         <load_address>0x816f4</load_address>
         <run_address>0x816f4</run_address>
         <size>0x154</size>
         <input_file_ref idref="fl-6"/>
      </object_component>
      <object_component id="oc-239">
         <name>.text:SysCtl_setClock</name>
         <load_address>0x81848</load_address>
         <run_address>0x81848</run_address>
         <size>0x11d</size>
         <input_file_ref idref="fl-1e"/>
      </object_component>
      <object_component id="oc-26f">
         <name>.text:HAL_setupCMPSS</name>
         <load_address>0x81965</load_address>
         <run_address>0x81965</run_address>
         <size>0x10c</size>
         <input_file_ref idref="fl-4"/>
      </object_component>
      <object_component id="oc-176">
         <name>.text:main</name>
         <load_address>0x81a71</load_address>
         <run_address>0x81a71</run_address>
         <size>0x107</size>
         <input_file_ref idref="fl-5"/>
      </object_component>
      <object_component id="oc-262">
         <name>.text:HAL_setupADCs</name>
         <load_address>0x81b78</load_address>
         <run_address>0x81b78</run_address>
         <size>0xf6</size>
         <input_file_ref idref="fl-4"/>
      </object_component>
      <object_component id="oc-269">
         <name>.text:HAL_setupMotorPWMs</name>
         <load_address>0x81c6e</load_address>
         <run_address>0x81c6e</run_address>
         <size>0xf3</size>
         <input_file_ref idref="fl-4"/>
      </object_component>
      <object_component id="oc-2c9">
         <name>.text:SysCtl_isPLLValid</name>
         <load_address>0x81d61</load_address>
         <run_address>0x81d61</run_address>
         <size>0xe9</size>
         <input_file_ref idref="fl-1e"/>
      </object_component>
      <object_component id="oc-1d4">
         <name>.text:HAL_setupMotorFaultProtection</name>
         <load_address>0x81e4a</load_address>
         <run_address>0x81e4a</run_address>
         <size>0xc2</size>
         <input_file_ref idref="fl-4"/>
      </object_component>
      <object_component id="oc-23f">
         <name>.text:Device_enableAllPeripherals</name>
         <load_address>0x81f0c</load_address>
         <run_address>0x81f0c</run_address>
         <size>0xa0</size>
         <input_file_ref idref="fl-a"/>
      </object_component>
      <object_component id="oc-27c">
         <name>.text:FCL_initPWM</name>
         <load_address>0x81fac</load_address>
         <run_address>0x81fac</run_address>
         <size>0x8a</size>
         <input_file_ref idref="fl-7"/>
      </object_component>
      <object_component id="oc-275">
         <name>.text:HAL_setupQEP</name>
         <load_address>0x82036</load_address>
         <run_address>0x82036</run_address>
         <size>0x5d</size>
         <input_file_ref idref="fl-4"/>
      </object_component>
      <object_component id="oc-339">
         <name>.text:SysCtl_selectXTAL</name>
         <load_address>0x82093</load_address>
         <run_address>0x82093</run_address>
         <size>0x45</size>
         <input_file_ref idref="fl-1e"/>
      </object_component>
      <object_component id="oc-250">
         <name>.text:Interrupt_initModule</name>
         <load_address>0x820d8</load_address>
         <run_address>0x820d8</run_address>
         <size>0x41</size>
         <input_file_ref idref="fl-1c"/>
      </object_component>
      <object_component id="oc-2ea">
         <name>.text:GPIO_setPadConfig</name>
         <load_address>0x82119</load_address>
         <run_address>0x82119</run_address>
         <size>0x3f</size>
         <input_file_ref idref="fl-1b"/>
      </object_component>
      <object_component id="oc-363">
         <name>.text:SysCtl_pollX1Counter</name>
         <load_address>0x82158</load_address>
         <run_address>0x82158</run_address>
         <size>0x3e</size>
         <input_file_ref idref="fl-1e"/>
      </object_component>
      <object_component id="oc-bf">
         <name>.text:HAL_setupInterrupts</name>
         <load_address>0x82196</load_address>
         <run_address>0x82196</run_address>
         <size>0x3d</size>
         <input_file_ref idref="fl-4"/>
      </object_component>
      <object_component id="oc-1a4">
         <name>.text:Device_init</name>
         <load_address>0x821d3</load_address>
         <run_address>0x821d3</run_address>
         <size>0x37</size>
         <input_file_ref idref="fl-a"/>
      </object_component>
      <object_component id="oc-2aa">
         <name>.text:Interrupt_enable</name>
         <load_address>0x8220a</load_address>
         <run_address>0x8220a</run_address>
         <size>0x36</size>
         <input_file_ref idref="fl-1c"/>
      </object_component>
      <object_component id="oc-20a">
         <name>.text:runControl</name>
         <load_address>0x82240</load_address>
         <run_address>0x82240</run_address>
         <size>0x34</size>
         <input_file_ref idref="fl-3"/>
      </object_component>
      <object_component id="oc-2de">
         <name>.text:GPIO_setPinConfig</name>
         <load_address>0x82274</load_address>
         <run_address>0x82274</run_address>
         <size>0x30</size>
         <input_file_ref idref="fl-1b"/>
      </object_component>
      <object_component id="oc-1b0">
         <name>.text:HAL_init</name>
         <load_address>0x822a4</load_address>
         <run_address>0x822a4</run_address>
         <size>0x2f</size>
         <input_file_ref idref="fl-4"/>
      </object_component>
      <object_component id="oc-9a">
         <name>.text:decompress:lzss</name>
         <load_address>0x822d3</load_address>
         <run_address>0x822d3</run_address>
         <size>0x2e</size>
         <input_file_ref idref="fl-34"/>
      </object_component>
      <object_component id="oc-1da">
         <name>.text:resetControlVars</name>
         <load_address>0x82301</load_address>
         <run_address>0x82301</run_address>
         <size>0x2e</size>
         <input_file_ref idref="fl-6"/>
      </object_component>
      <object_component id="oc-1bc">
         <name>.text:HAL_setParams</name>
         <load_address>0x8232f</load_address>
         <run_address>0x8232f</run_address>
         <size>0x2c</size>
         <input_file_ref idref="fl-4"/>
      </object_component>
      <object_component id="oc-2c3">
         <name>.text:SysCtl_selectOscSource</name>
         <load_address>0x8235b</load_address>
         <run_address>0x8235b</run_address>
         <size>0x2b</size>
         <input_file_ref idref="fl-1e"/>
      </object_component>
      <object_component id="oc-284">
         <name>.text:XBAR_setEPWMMuxConfig</name>
         <load_address>0x82386</load_address>
         <run_address>0x82386</run_address>
         <size>0x2b</size>
         <input_file_ref idref="fl-1f"/>
      </object_component>
      <object_component id="oc-146">
         <name>.text:__TI_auto_init_nobinit_nopinit</name>
         <load_address>0x823b1</load_address>
         <run_address>0x823b1</run_address>
         <size>0x2b</size>
         <input_file_ref idref="fl-31"/>
      </object_component>
      <object_component id="oc-1b6">
         <name>.text:HAL_MTR_init</name>
         <load_address>0x823dc</load_address>
         <run_address>0x823dc</run_address>
         <size>0x2a</size>
         <input_file_ref idref="fl-4"/>
      </object_component>
      <object_component id="oc-13b">
         <name>.text</name>
         <load_address>0x82406</load_address>
         <run_address>0x82406</run_address>
         <size>0x29</size>
         <input_file_ref idref="fl-35"/>
      </object_component>
      <object_component id="oc-2f0">
         <name>.text:GPIO_setQualificationMode</name>
         <load_address>0x8242f</load_address>
         <run_address>0x8242f</run_address>
         <size>0x22</size>
         <input_file_ref idref="fl-1b"/>
      </object_component>
      <object_component id="oc-333">
         <name>.text:SysCtl_selectXTALSingleEnded</name>
         <load_address>0x82451</load_address>
         <run_address>0x82451</run_address>
         <size>0x21</size>
         <input_file_ref idref="fl-1e"/>
      </object_component>
      <object_component id="oc-2e4">
         <name>.text:GPIO_setDirectionMode</name>
         <load_address>0x82472</load_address>
         <run_address>0x82472</run_address>
         <size>0x20</size>
         <input_file_ref idref="fl-1b"/>
      </object_component>
      <object_component id="oc-e5">
         <name>.text</name>
         <load_address>0x82492</load_address>
         <run_address>0x82492</run_address>
         <size>0x1d</size>
         <input_file_ref idref="fl-2f"/>
      </object_component>
      <object_component id="oc-2f6">
         <name>.text:GPIO_setQualificationPeriod</name>
         <load_address>0x824af</load_address>
         <run_address>0x824af</run_address>
         <size>0x1b</size>
         <input_file_ref idref="fl-1b"/>
      </object_component>
      <object_component id="oc-1ec">
         <name>.text:A0</name>
         <load_address>0x824ca</load_address>
         <run_address>0x824ca</run_address>
         <size>0x1a</size>
         <input_file_ref idref="fl-5"/>
      </object_component>
      <object_component id="oc-1f8">
         <name>.text:DLOG_2CH_F_init</name>
         <load_address>0x824e4</load_address>
         <run_address>0x824e4</run_address>
         <size>0x1a</size>
         <input_file_ref idref="fl-2"/>
      </object_component>
      <object_component id="oc-256">
         <name>.text:HAL_setupCpuTimer</name>
         <load_address>0x824fe</load_address>
         <run_address>0x824fe</run_address>
         <size>0x1a</size>
         <input_file_ref idref="fl-4"/>
      </object_component>
      <object_component id="oc-2fd">
         <name>.text:ADC_setVREF</name>
         <load_address>0x82518</load_address>
         <run_address>0x82518</run_address>
         <size>0x19</size>
         <input_file_ref idref="fl-16"/>
      </object_component>
      <object_component id="oc-305">
         <name>.text:CMPSS_configFilterHigh</name>
         <load_address>0x82531</load_address>
         <run_address>0x82531</run_address>
         <size>0x19</size>
         <input_file_ref idref="fl-17"/>
      </object_component>
      <object_component id="oc-30b">
         <name>.text:CMPSS_configFilterLow</name>
         <load_address>0x8254a</load_address>
         <run_address>0x8254a</run_address>
         <size>0x19</size>
         <input_file_ref idref="fl-17"/>
      </object_component>
      <object_component id="oc-340">
         <name>.text</name>
         <load_address>0x82563</load_address>
         <run_address>0x82563</run_address>
         <size>0x19</size>
         <input_file_ref idref="fl-21"/>
      </object_component>
      <object_component id="oc-297">
         <name>.text:B0</name>
         <load_address>0x8257c</load_address>
         <run_address>0x8257c</run_address>
         <size>0x17</size>
         <input_file_ref idref="fl-5"/>
      </object_component>
      <object_component id="oc-119">
         <name>.text</name>
         <load_address>0x82593</load_address>
         <run_address>0x82593</run_address>
         <size>0x17</size>
         <input_file_ref idref="fl-2d"/>
      </object_component>
      <object_component id="oc-351">
         <name>.text:ADC_setOffsetTrimAll</name>
         <load_address>0x825aa</load_address>
         <run_address>0x825aa</run_address>
         <size>0x15</size>
         <input_file_ref idref="fl-16"/>
      </object_component>
      <object_component id="oc-d0">
         <name>.text:Interrupt_initVectorTable</name>
         <load_address>0x825bf</load_address>
         <run_address>0x825bf</run_address>
         <size>0x15</size>
         <input_file_ref idref="fl-1c"/>
      </object_component>
      <object_component id="oc-204">
         <name>.text:HAL_enableInterrupts</name>
         <load_address>0x825d4</load_address>
         <run_address>0x825d4</run_address>
         <size>0x12</size>
         <input_file_ref idref="fl-4"/>
      </object_component>
      <object_component id="oc-2b5">
         <name>.text:HAL_setupCMPSS_DACValue</name>
         <load_address>0x825e6</load_address>
         <run_address>0x825e6</run_address>
         <size>0x11</size>
         <input_file_ref idref="fl-4"/>
      </object_component>
      <object_component id="oc-24a">
         <name>.text:Device_initGPIO</name>
         <load_address>0x825f7</load_address>
         <run_address>0x825f7</run_address>
         <size>0x10</size>
         <input_file_ref idref="fl-a"/>
      </object_component>
      <object_component id="oc-323">
         <name>.text:A3</name>
         <load_address>0x82607</load_address>
         <run_address>0x82607</run_address>
         <size>0xe</size>
         <input_file_ref idref="fl-5"/>
      </object_component>
      <object_component id="oc-1c2">
         <name>.text:HAL_setMotorParams</name>
         <load_address>0x82615</load_address>
         <run_address>0x82615</run_address>
         <size>0xc</size>
         <input_file_ref idref="fl-4"/>
      </object_component>
      <object_component id="oc-dc">
         <name>.text:Interrupt_defaultHandler</name>
         <load_address>0x82621</load_address>
         <run_address>0x82621</run_address>
         <size>0xc</size>
         <input_file_ref idref="fl-1c"/>
      </object_component>
      <object_component id="oc-135">
         <name>.text</name>
         <load_address>0x8262d</load_address>
         <run_address>0x8262d</run_address>
         <size>0xc</size>
         <input_file_ref idref="fl-37"/>
      </object_component>
      <object_component id="oc-d6">
         <name>.text:Interrupt_illegalOperationHandler</name>
         <load_address>0x82639</load_address>
         <run_address>0x82639</run_address>
         <size>0xa</size>
         <input_file_ref idref="fl-1c"/>
      </object_component>
      <object_component id="oc-ca">
         <name>.text:Interrupt_nmiHandler</name>
         <load_address>0x82643</load_address>
         <run_address>0x82643</run_address>
         <size>0xa</size>
         <input_file_ref idref="fl-1c"/>
      </object_component>
      <object_component id="oc-a0">
         <name>.text:decompress:none</name>
         <load_address>0x8264d</load_address>
         <run_address>0x8264d</run_address>
         <size>0x8</size>
         <input_file_ref idref="fl-33"/>
      </object_component>
      <object_component id="oc-f8">
         <name>.text</name>
         <load_address>0x82655</load_address>
         <run_address>0x82655</run_address>
         <size>0x8</size>
         <input_file_ref idref="fl-b"/>
      </object_component>
      <object_component id="oc-1aa">
         <name>.text:HAL_clearDataRAM</name>
         <load_address>0x8265d</load_address>
         <run_address>0x8265d</run_address>
         <size>0x7</size>
         <input_file_ref idref="fl-4"/>
      </object_component>
      <object_component id="oc-1f2">
         <name>.text:A1</name>
         <load_address>0x82664</load_address>
         <run_address>0x82664</run_address>
         <size>0x6</size>
         <input_file_ref idref="fl-5"/>
      </object_component>
      <object_component id="oc-29e">
         <name>.text:A2</name>
         <load_address>0x8266a</load_address>
         <run_address>0x8266a</run_address>
         <size>0x6</size>
         <input_file_ref idref="fl-5"/>
      </object_component>
      <object_component id="oc-1e6">
         <name>.text:B1</name>
         <load_address>0x82670</load_address>
         <run_address>0x82670</run_address>
         <size>0x6</size>
         <input_file_ref idref="fl-5"/>
      </object_component>
      <object_component id="oc-28d">
         <name>.text:B2</name>
         <load_address>0x82676</load_address>
         <run_address>0x82676</run_address>
         <size>0x6</size>
         <input_file_ref idref="fl-5"/>
      </object_component>
      <object_component id="oc-316">
         <name>.text:B3</name>
         <load_address>0x8267c</load_address>
         <run_address>0x8267c</run_address>
         <size>0x6</size>
         <input_file_ref idref="fl-5"/>
      </object_component>
      <object_component id="oc-2d7">
         <name>.text:CPUTimer_setEmulationMode</name>
         <load_address>0x82682</load_address>
         <run_address>0x82682</run_address>
         <size>0x6</size>
         <input_file_ref idref="fl-18"/>
      </object_component>
      <object_component id="oc-f2">
         <name>.text:decompress:ZI</name>
         <load_address>0x82688</load_address>
         <run_address>0x82688</run_address>
         <size>0x6</size>
         <input_file_ref idref="fl-32"/>
      </object_component>
      <object_component id="oc-1e0">
         <name>.text:FCL_getSwVersion</name>
         <load_address>0x8268e</load_address>
         <run_address>0x8268e</run_address>
         <size>0x3</size>
         <input_file_ref idref="fl-7"/>
      </object_component>
      <object_component id="oc-12e">
         <name>.text</name>
         <load_address>0x82691</load_address>
         <run_address>0x82691</run_address>
         <size>0x2</size>
         <input_file_ref idref="fl-30"/>
      </object_component>
      <object_component id="oc-21c">
         <name>.text</name>
         <load_address>0x82693</load_address>
         <run_address>0x82693</run_address>
         <size>0x1</size>
         <input_file_ref idref="fl-36"/>
      </object_component>
      <object_component id="oc-186">
         <name>.text</name>
         <load_address>0x82694</load_address>
         <run_address>0x82694</run_address>
         <size>0x1</size>
         <input_file_ref idref="fl-3a"/>
      </object_component>
      <object_component id="oc-428">
         <name>.cinit.ramInitVars.load</name>
         <load_address>0x82b50</load_address>
         <run_address>0x82b50</run_address>
         <size>0x1d</size>
      </object_component>
      <object_component id="oc-427">
         <name>.cinit..data.load</name>
         <load_address>0x82b6d</load_address>
         <run_address>0x82b6d</run_address>
         <size>0x9</size>
      </object_component>
      <object_component id="oc-424">
         <name>__TI_handler_table</name>
         <load_address>0x82b76</load_address>
         <run_address>0x82b76</run_address>
         <size>0x6</size>
      </object_component>
      <object_component id="oc-426">
         <name>.cinit..bss.load</name>
         <load_address>0x82b7c</load_address>
         <run_address>0x82b7c</run_address>
         <size>0x4</size>
      </object_component>
      <object_component id="oc-42a">
         <name>.cinit.datalog_data.load</name>
         <load_address>0x82b80</load_address>
         <run_address>0x82b80</run_address>
         <size>0x4</size>
      </object_component>
      <object_component id="oc-429">
         <name>.cinit.motor_data.load</name>
         <load_address>0x82b84</load_address>
         <run_address>0x82b84</run_address>
         <size>0x4</size>
      </object_component>
      <object_component id="oc-425">
         <name>__TI_cinit_table</name>
         <load_address>0x82b88</load_address>
         <run_address>0x82b88</run_address>
         <size>0x14</size>
      </object_component>
      <object_component id="oc-e2">
         <name>.stack</name>
         <uninitialized>true</uninitialized>
         <run_address>0x50</run_address>
         <size>0x0</size>
         <input_file_ref idref="fl-2d"/>
      </object_component>
      <object_component id="oc-42b">
         <name>.stack</name>
         <uninitialized>true</uninitialized>
         <run_address>0x50</run_address>
         <size>0x0</size>
      </object_component>
      <object_component id="oc-1a1">
         <name>.bss</name>
         <uninitialized>true</uninitialized>
         <run_address>0x5d8</run_address>
         <size>0xc</size>
         <input_file_ref idref="fl-5"/>
      </object_component>
      <object_component id="oc-294">
         <name>.bss:vTimer0</name>
         <uninitialized>true</uninitialized>
         <run_address>0x5bc</run_address>
         <size>0x4</size>
         <input_file_ref idref="fl-5"/>
      </object_component>
      <object_component id="oc-31f">
         <name>.bss:vTimer1</name>
         <uninitialized>true</uninitialized>
         <run_address>0x5e4</run_address>
         <size>0x4</size>
         <input_file_ref idref="fl-5"/>
      </object_component>
      <object_component id="oc-19e">
         <name>.bss</name>
         <uninitialized>true</uninitialized>
         <run_address>0x5c0</run_address>
         <size>0x18</size>
         <input_file_ref idref="fl-3"/>
      </object_component>
      <object_component id="oc-105">
         <name>.bss:halMtrHandle</name>
         <uninitialized>true</uninitialized>
         <run_address>0x5b8</run_address>
         <size>0x4</size>
         <input_file_ref idref="fl-3"/>
      </object_component>
      <object_component id="oc-108">
         <name>.bss:halMtr</name>
         <uninitialized>true</uninitialized>
         <run_address>0x594</run_address>
         <size>0x24</size>
         <input_file_ref idref="fl-3"/>
      </object_component>
      <object_component id="oc-19b">
         <name>.data</name>
         <load_address>0x5ee</load_address>
         <run_address>0x5ee</run_address>
         <size>0x4</size>
         <input_file_ref idref="fl-5"/>
      </object_component>
      <object_component id="oc-17e">
         <name>.data</name>
         <load_address>0x5e8</load_address>
         <run_address>0x5e8</run_address>
         <size>0x6</size>
         <input_file_ref idref="fl-35"/>
      </object_component>
      <object_component id="oc-2a6">
         <name>.data</name>
         <load_address>0x5f4</load_address>
         <run_address>0x5f4</run_address>
         <size>0x1</size>
         <input_file_ref idref="fl-6"/>
      </object_component>
      <object_component id="oc-181">
         <name>.data:_lock</name>
         <load_address>0x5f2</load_address>
         <run_address>0x5f2</run_address>
         <size>0x2</size>
         <input_file_ref idref="fl-36"/>
      </object_component>
      <object_component id="oc-2b1">
         <name>ramInitVars</name>
         <load_address>0x180</load_address>
         <run_address>0x180</run_address>
         <size>0x1c</size>
         <input_file_ref idref="fl-3"/>
      </object_component>
      <object_component id="oc-ff">
         <name>motor_data</name>
         <uninitialized>true</uninitialized>
         <run_address>0x200</run_address>
         <size>0x394</size>
         <input_file_ref idref="fl-3"/>
      </object_component>
      <object_component id="oc-102">
         <name>datalog_data</name>
         <uninitialized>true</uninitialized>
         <run_address>0xc000</run_address>
         <size>0x336</size>
         <input_file_ref idref="fl-5"/>
      </object_component>
      <object_component id="oc-10c">
         <name>.debug_types</name>
         <load_address>0x0</load_address>
         <run_address>0x0</run_address>
         <size>0x48e3</size>
         <input_file_ref idref="fl-4"/>
      </object_component>
      <object_component id="oc-123">
         <name>.debug_types</name>
         <load_address>0x48e3</load_address>
         <run_address>0x48e3</run_address>
         <size>0x394d</size>
         <input_file_ref idref="fl-5"/>
      </object_component>
      <object_component id="oc-246">
         <name>.debug_types</name>
         <load_address>0x8230</load_address>
         <run_address>0x8230</run_address>
         <size>0x36e</size>
         <input_file_ref idref="fl-a"/>
      </object_component>
      <object_component id="oc-358">
         <name>.debug_types</name>
         <load_address>0x859e</load_address>
         <run_address>0x859e</run_address>
         <size>0xe7</size>
         <input_file_ref idref="fl-16"/>
      </object_component>
      <object_component id="oc-35a">
         <name>.debug_types</name>
         <load_address>0x8685</load_address>
         <run_address>0x8685</run_address>
         <size>0x2f</size>
         <input_file_ref idref="fl-17"/>
      </object_component>
      <object_component id="oc-34a">
         <name>.debug_types</name>
         <load_address>0x86b4</load_address>
         <run_address>0x86b4</run_address>
         <size>0x2f</size>
         <input_file_ref idref="fl-18"/>
      </object_component>
      <object_component id="oc-2c1">
         <name>.debug_types</name>
         <load_address>0x86e3</load_address>
         <run_address>0x86e3</run_address>
         <size>0x1d7</size>
         <input_file_ref idref="fl-1a"/>
      </object_component>
      <object_component id="oc-34c">
         <name>.debug_types</name>
         <load_address>0x88ba</load_address>
         <run_address>0x88ba</run_address>
         <size>0x227</size>
         <input_file_ref idref="fl-1b"/>
      </object_component>
      <object_component id="oc-10f">
         <name>.debug_types</name>
         <load_address>0x0</load_address>
         <run_address>0x0</run_address>
         <size>0x0</size>
         <input_file_ref idref="fl-1c"/>
      </object_component>
      <object_component id="oc-2d0">
         <name>.debug_types</name>
         <load_address>0x8ae1</load_address>
         <run_address>0x8ae1</run_address>
         <size>0x7a3</size>
         <input_file_ref idref="fl-1e"/>
      </object_component>
      <object_component id="oc-315">
         <name>.debug_types</name>
         <load_address>0x9284</load_address>
         <run_address>0x9284</run_address>
         <size>0x1721</size>
         <input_file_ref idref="fl-1f"/>
      </object_component>
      <object_component id="oc-18d">
         <name>.debug_types</name>
         <load_address>0xa9a5</load_address>
         <run_address>0xa9a5</run_address>
         <size>0x46c</size>
         <input_file_ref idref="fl-31"/>
      </object_component>
      <object_component id="oc-185">
         <name>.debug_types</name>
         <load_address>0xae11</load_address>
         <run_address>0xae11</run_address>
         <size>0xbf</size>
         <input_file_ref idref="fl-35"/>
      </object_component>
      <object_component id="oc-17d">
         <name>.debug_types</name>
         <load_address>0xaed0</load_address>
         <run_address>0xaed0</run_address>
         <size>0xe1</size>
         <input_file_ref idref="fl-37"/>
      </object_component>
      <object_component id="oc-228">
         <name>.debug_types</name>
         <load_address>0x0</load_address>
         <run_address>0x0</run_address>
         <size>0x0</size>
         <input_file_ref idref="fl-3a"/>
      </object_component>
      <object_component id="oc-e4">
         <name>.debug_types</name>
         <load_address>0xafb1</load_address>
         <run_address>0xafb1</run_address>
         <size>0x5bab1</size>
         <input_file_ref idref="fl-3b"/>
      </object_component>
      <object_component id="oc-278">
         <name>.debug_info</name>
         <load_address>0x0</load_address>
         <run_address>0x0</run_address>
         <size>0x1cc</size>
         <input_file_ref idref="fl-4"/>
      </object_component>
      <object_component id="oc-26c">
         <name>.debug_info</name>
         <load_address>0x1cc</load_address>
         <run_address>0x1cc</run_address>
         <size>0x1ee</size>
         <input_file_ref idref="fl-4"/>
      </object_component>
      <object_component id="oc-1d7">
         <name>.debug_info</name>
         <load_address>0x3ba</load_address>
         <run_address>0x3ba</run_address>
         <size>0x32f</size>
         <input_file_ref idref="fl-4"/>
      </object_component>
      <object_component id="oc-c2">
         <name>.debug_info</name>
         <load_address>0x6e9</load_address>
         <run_address>0x6e9</run_address>
         <size>0x1ca</size>
         <input_file_ref idref="fl-4"/>
      </object_component>
      <object_component id="oc-25f">
         <name>.debug_info</name>
         <load_address>0x8b3</load_address>
         <run_address>0x8b3</run_address>
         <size>0xfaa</size>
         <input_file_ref idref="fl-4"/>
      </object_component>
      <object_component id="oc-259">
         <name>.debug_info</name>
         <load_address>0x185d</load_address>
         <run_address>0x185d</run_address>
         <size>0x228</size>
         <input_file_ref idref="fl-4"/>
      </object_component>
      <object_component id="oc-2b8">
         <name>.debug_info</name>
         <load_address>0x1a85</load_address>
         <run_address>0x1a85</run_address>
         <size>0x206</size>
         <input_file_ref idref="fl-4"/>
      </object_component>
      <object_component id="oc-272">
         <name>.debug_info</name>
         <load_address>0x1c8b</load_address>
         <run_address>0x1c8b</run_address>
         <size>0x3c0</size>
         <input_file_ref idref="fl-4"/>
      </object_component>
      <object_component id="oc-264">
         <name>.debug_info</name>
         <load_address>0x204b</load_address>
         <run_address>0x204b</run_address>
         <size>0x246</size>
         <input_file_ref idref="fl-4"/>
      </object_component>
      <object_component id="oc-1be">
         <name>.debug_info</name>
         <load_address>0x2291</load_address>
         <run_address>0x2291</run_address>
         <size>0x268</size>
         <input_file_ref idref="fl-4"/>
      </object_component>
      <object_component id="oc-1c4">
         <name>.debug_info</name>
         <load_address>0x24f9</load_address>
         <run_address>0x24f9</run_address>
         <size>0x1f6</size>
         <input_file_ref idref="fl-4"/>
      </object_component>
      <object_component id="oc-1b2">
         <name>.debug_info</name>
         <load_address>0x26ef</load_address>
         <run_address>0x26ef</run_address>
         <size>0x1d4</size>
         <input_file_ref idref="fl-4"/>
      </object_component>
      <object_component id="oc-206">
         <name>.debug_info</name>
         <load_address>0x28c3</load_address>
         <run_address>0x28c3</run_address>
         <size>0x1d0</size>
         <input_file_ref idref="fl-4"/>
      </object_component>
      <object_component id="oc-1ac">
         <name>.debug_info</name>
         <load_address>0x2a93</load_address>
         <run_address>0x2a93</run_address>
         <size>0x1d3</size>
         <input_file_ref idref="fl-4"/>
      </object_component>
      <object_component id="oc-1b8">
         <name>.debug_info</name>
         <load_address>0x2c66</load_address>
         <run_address>0x2c66</run_address>
         <size>0x1ef</size>
         <input_file_ref idref="fl-4"/>
      </object_component>
      <object_component id="oc-1a2">
         <name>.debug_info</name>
         <load_address>0x2e55</load_address>
         <run_address>0x2e55</run_address>
         <size>0x273</size>
         <input_file_ref idref="fl-5"/>
      </object_component>
      <object_component id="oc-19c">
         <name>.debug_info</name>
         <load_address>0x30c8</load_address>
         <run_address>0x30c8</run_address>
         <size>0x163</size>
         <input_file_ref idref="fl-5"/>
      </object_component>
      <object_component id="oc-103">
         <name>.debug_info</name>
         <load_address>0x322b</load_address>
         <run_address>0x322b</run_address>
         <size>0x1e3</size>
         <input_file_ref idref="fl-5"/>
      </object_component>
      <object_component id="oc-295">
         <name>.debug_info</name>
         <load_address>0x340e</load_address>
         <run_address>0x340e</run_address>
         <size>0x14b</size>
         <input_file_ref idref="fl-5"/>
      </object_component>
      <object_component id="oc-320">
         <name>.debug_info</name>
         <load_address>0x3559</load_address>
         <run_address>0x3559</run_address>
         <size>0x14b</size>
         <input_file_ref idref="fl-5"/>
      </object_component>
      <object_component id="oc-317">
         <name>.debug_info</name>
         <load_address>0x36a4</load_address>
         <run_address>0x36a4</run_address>
         <size>0x17e</size>
         <input_file_ref idref="fl-5"/>
      </object_component>
      <object_component id="oc-28e">
         <name>.debug_info</name>
         <load_address>0x3822</load_address>
         <run_address>0x3822</run_address>
         <size>0x17e</size>
         <input_file_ref idref="fl-5"/>
      </object_component>
      <object_component id="oc-324">
         <name>.debug_info</name>
         <load_address>0x39a0</load_address>
         <run_address>0x39a0</run_address>
         <size>0x17e</size>
         <input_file_ref idref="fl-5"/>
      </object_component>
      <object_component id="oc-2a1">
         <name>.debug_info</name>
         <load_address>0x3b1e</load_address>
         <run_address>0x3b1e</run_address>
         <size>0x17e</size>
         <input_file_ref idref="fl-5"/>
      </object_component>
      <object_component id="oc-1ea">
         <name>.debug_info</name>
         <load_address>0x3c9c</load_address>
         <run_address>0x3c9c</run_address>
         <size>0x17e</size>
         <input_file_ref idref="fl-5"/>
      </object_component>
      <object_component id="oc-1f5">
         <name>.debug_info</name>
         <load_address>0x3e1a</load_address>
         <run_address>0x3e1a</run_address>
         <size>0x17e</size>
         <input_file_ref idref="fl-5"/>
      </object_component>
      <object_component id="oc-1ef">
         <name>.debug_info</name>
         <load_address>0x3f98</load_address>
         <run_address>0x3f98</run_address>
         <size>0x183</size>
         <input_file_ref idref="fl-5"/>
      </object_component>
      <object_component id="oc-29a">
         <name>.debug_info</name>
         <load_address>0x411b</load_address>
         <run_address>0x411b</run_address>
         <size>0x183</size>
         <input_file_ref idref="fl-5"/>
      </object_component>
      <object_component id="oc-179">
         <name>.debug_info</name>
         <load_address>0x429e</load_address>
         <run_address>0x429e</run_address>
         <size>0x3dc</size>
         <input_file_ref idref="fl-5"/>
      </object_component>
      <object_component id="oc-24c">
         <name>.debug_info</name>
         <load_address>0x467a</load_address>
         <run_address>0x467a</run_address>
         <size>0x206</size>
         <input_file_ref idref="fl-a"/>
      </object_component>
      <object_component id="oc-241">
         <name>.debug_info</name>
         <load_address>0x4880</load_address>
         <run_address>0x4880</run_address>
         <size>0x21e</size>
         <input_file_ref idref="fl-a"/>
      </object_component>
      <object_component id="oc-1a7">
         <name>.debug_info</name>
         <load_address>0x4a9e</load_address>
         <run_address>0x4a9e</run_address>
         <size>0x256</size>
         <input_file_ref idref="fl-a"/>
      </object_component>
      <object_component id="oc-aa">
         <name>.debug_info</name>
         <load_address>0x4cf4</load_address>
         <run_address>0x4cf4</run_address>
         <size>0x1f9</size>
         <input_file_ref idref="fl-b"/>
      </object_component>
      <object_component id="oc-f9">
         <name>.debug_info</name>
         <load_address>0x4eed</load_address>
         <run_address>0x4eed</run_address>
         <size>0x1fa</size>
         <input_file_ref idref="fl-b"/>
      </object_component>
      <object_component id="oc-353">
         <name>.debug_info</name>
         <load_address>0x50e7</load_address>
         <run_address>0x50e7</run_address>
         <size>0x205</size>
         <input_file_ref idref="fl-16"/>
      </object_component>
      <object_component id="oc-2ff">
         <name>.debug_info</name>
         <load_address>0x52ec</load_address>
         <run_address>0x52ec</run_address>
         <size>0x217</size>
         <input_file_ref idref="fl-16"/>
      </object_component>
      <object_component id="oc-30f">
         <name>.debug_info</name>
         <load_address>0x5503</load_address>
         <run_address>0x5503</run_address>
         <size>0x262</size>
         <input_file_ref idref="fl-17"/>
      </object_component>
      <object_component id="oc-309">
         <name>.debug_info</name>
         <load_address>0x5765</load_address>
         <run_address>0x5765</run_address>
         <size>0x264</size>
         <input_file_ref idref="fl-17"/>
      </object_component>
      <object_component id="oc-2d8">
         <name>.debug_info</name>
         <load_address>0x59c9</load_address>
         <run_address>0x59c9</run_address>
         <size>0x201</size>
         <input_file_ref idref="fl-18"/>
      </object_component>
      <object_component id="oc-237">
         <name>.debug_info</name>
         <load_address>0x5bca</load_address>
         <run_address>0x5bca</run_address>
         <size>0x224</size>
         <input_file_ref idref="fl-1a"/>
      </object_component>
      <object_component id="oc-2f7">
         <name>.debug_info</name>
         <load_address>0x5dee</load_address>
         <run_address>0x5dee</run_address>
         <size>0x204</size>
         <input_file_ref idref="fl-1b"/>
      </object_component>
      <object_component id="oc-2f1">
         <name>.debug_info</name>
         <load_address>0x5ff2</load_address>
         <run_address>0x5ff2</run_address>
         <size>0x20b</size>
         <input_file_ref idref="fl-1b"/>
      </object_component>
      <object_component id="oc-2e1">
         <name>.debug_info</name>
         <load_address>0x61fd</load_address>
         <run_address>0x61fd</run_address>
         <size>0x1d5</size>
         <input_file_ref idref="fl-1b"/>
      </object_component>
      <object_component id="oc-2ec">
         <name>.debug_info</name>
         <load_address>0x63d2</load_address>
         <run_address>0x63d2</run_address>
         <size>0x219</size>
         <input_file_ref idref="fl-1b"/>
      </object_component>
      <object_component id="oc-2e7">
         <name>.debug_info</name>
         <load_address>0x65eb</load_address>
         <run_address>0x65eb</run_address>
         <size>0x21c</size>
         <input_file_ref idref="fl-1b"/>
      </object_component>
      <object_component id="oc-cd">
         <name>.debug_info</name>
         <load_address>0x6807</load_address>
         <run_address>0x6807</run_address>
         <size>0x1af</size>
         <input_file_ref idref="fl-1c"/>
      </object_component>
      <object_component id="oc-d1">
         <name>.debug_info</name>
         <load_address>0x69b6</load_address>
         <run_address>0x69b6</run_address>
         <size>0x1c5</size>
         <input_file_ref idref="fl-1c"/>
      </object_component>
      <object_component id="oc-251">
         <name>.debug_info</name>
         <load_address>0x6b7b</load_address>
         <run_address>0x6b7b</run_address>
         <size>0x1b9</size>
         <input_file_ref idref="fl-1c"/>
      </object_component>
      <object_component id="oc-d8">
         <name>.debug_info</name>
         <load_address>0x6d34</load_address>
         <run_address>0x6d34</run_address>
         <size>0x1c9</size>
         <input_file_ref idref="fl-1c"/>
      </object_component>
      <object_component id="oc-2ab">
         <name>.debug_info</name>
         <load_address>0x6efd</load_address>
         <run_address>0x6efd</run_address>
         <size>0x201</size>
         <input_file_ref idref="fl-1c"/>
      </object_component>
      <object_component id="oc-de">
         <name>.debug_info</name>
         <load_address>0x70fe</load_address>
         <run_address>0x70fe</run_address>
         <size>0x1b7</size>
         <input_file_ref idref="fl-1c"/>
      </object_component>
      <object_component id="oc-367">
         <name>.debug_info</name>
         <load_address>0x72b5</load_address>
         <run_address>0x72b5</run_address>
         <size>0x20c</size>
         <input_file_ref idref="fl-1e"/>
      </object_component>
      <object_component id="oc-337">
         <name>.debug_info</name>
         <load_address>0x74c1</load_address>
         <run_address>0x74c1</run_address>
         <size>0x1f1</size>
         <input_file_ref idref="fl-1e"/>
      </object_component>
      <object_component id="oc-33c">
         <name>.debug_info</name>
         <load_address>0x76b2</load_address>
         <run_address>0x76b2</run_address>
         <size>0x20a</size>
         <input_file_ref idref="fl-1e"/>
      </object_component>
      <object_component id="oc-2c5">
         <name>.debug_info</name>
         <load_address>0x78bc</load_address>
         <run_address>0x78bc</run_address>
         <size>0x207</size>
         <input_file_ref idref="fl-1e"/>
      </object_component>
      <object_component id="oc-2cb">
         <name>.debug_info</name>
         <load_address>0x7ac3</load_address>
         <run_address>0x7ac3</run_address>
         <size>0x30c</size>
         <input_file_ref idref="fl-1e"/>
      </object_component>
      <object_component id="oc-23c">
         <name>.debug_info</name>
         <load_address>0x7dcf</load_address>
         <run_address>0x7dcf</run_address>
         <size>0x32b</size>
         <input_file_ref idref="fl-1e"/>
      </object_component>
      <object_component id="oc-285">
         <name>.debug_info</name>
         <load_address>0x80fa</load_address>
         <run_address>0x80fa</run_address>
         <size>0x20d</size>
         <input_file_ref idref="fl-1f"/>
      </object_component>
      <object_component id="oc-341">
         <name>.debug_info</name>
         <load_address>0x8307</load_address>
         <run_address>0x8307</run_address>
         <size>0x181</size>
         <input_file_ref idref="fl-21"/>
      </object_component>
      <object_component id="oc-11a">
         <name>.debug_info</name>
         <load_address>0x8488</load_address>
         <run_address>0x8488</run_address>
         <size>0x147</size>
         <input_file_ref idref="fl-2d"/>
      </object_component>
      <object_component id="oc-147">
         <name>.debug_info</name>
         <load_address>0x85cf</load_address>
         <run_address>0x85cf</run_address>
         <size>0x1ae</size>
         <input_file_ref idref="fl-31"/>
      </object_component>
      <object_component id="oc-17f">
         <name>.debug_info</name>
         <load_address>0x877d</load_address>
         <run_address>0x877d</run_address>
         <size>0x18d</size>
         <input_file_ref idref="fl-35"/>
      </object_component>
      <object_component id="oc-13e">
         <name>.debug_info</name>
         <load_address>0x890a</load_address>
         <run_address>0x890a</run_address>
         <size>0x198</size>
         <input_file_ref idref="fl-35"/>
      </object_component>
      <object_component id="oc-136">
         <name>.debug_info</name>
         <load_address>0x8aa2</load_address>
         <run_address>0x8aa2</run_address>
         <size>0x14c</size>
         <input_file_ref idref="fl-37"/>
      </object_component>
      <object_component id="oc-187">
         <name>.debug_info</name>
         <load_address>0x8bee</load_address>
         <run_address>0x8bee</run_address>
         <size>0x136</size>
         <input_file_ref idref="fl-3a"/>
      </object_component>
      <object_component id="oc-19f">
         <name>.debug_info</name>
         <load_address>0x8d24</load_address>
         <run_address>0x8d24</run_address>
         <size>0x1b1</size>
         <input_file_ref idref="fl-3b"/>
      </object_component>
      <object_component id="oc-2a7">
         <name>.debug_info</name>
         <load_address>0x8ed5</load_address>
         <run_address>0x8ed5</run_address>
         <size>0x131</size>
         <input_file_ref idref="fl-3b"/>
      </object_component>
      <object_component id="oc-2b2">
         <name>.debug_info</name>
         <load_address>0x9006</load_address>
         <run_address>0x9006</run_address>
         <size>0x1f3</size>
         <input_file_ref idref="fl-3b"/>
      </object_component>
      <object_component id="oc-182">
         <name>.debug_info</name>
         <load_address>0x91f9</load_address>
         <run_address>0x91f9</run_address>
         <size>0x11b</size>
         <input_file_ref idref="fl-3b"/>
      </object_component>
      <object_component id="oc-106">
         <name>.debug_info</name>
         <load_address>0x9314</load_address>
         <run_address>0x9314</run_address>
         <size>0x129</size>
         <input_file_ref idref="fl-3b"/>
      </object_component>
      <object_component id="oc-109">
         <name>.debug_info</name>
         <load_address>0x943d</load_address>
         <run_address>0x943d</run_address>
         <size>0x11d</size>
         <input_file_ref idref="fl-3b"/>
      </object_component>
      <object_component id="oc-100">
         <name>.debug_info</name>
         <load_address>0x955a</load_address>
         <run_address>0x955a</run_address>
         <size>0x123</size>
         <input_file_ref idref="fl-3b"/>
      </object_component>
      <object_component id="oc-202">
         <name>.debug_info</name>
         <load_address>0x967d</load_address>
         <run_address>0x967d</run_address>
         <size>0x1bc</size>
         <input_file_ref idref="fl-3b"/>
      </object_component>
      <object_component id="oc-214">
         <name>.debug_info</name>
         <load_address>0x9839</load_address>
         <run_address>0x9839</run_address>
         <size>0x272</size>
         <input_file_ref idref="fl-3b"/>
      </object_component>
      <object_component id="oc-20e">
         <name>.debug_info</name>
         <load_address>0x9aab</load_address>
         <run_address>0x9aab</run_address>
         <size>0x162</size>
         <input_file_ref idref="fl-3b"/>
      </object_component>
      <object_component id="oc-1de">
         <name>.debug_info</name>
         <load_address>0x9c0d</load_address>
         <run_address>0x9c0d</run_address>
         <size>0x192</size>
         <input_file_ref idref="fl-3b"/>
      </object_component>
      <object_component id="oc-bc">
         <name>.debug_info</name>
         <load_address>0x9d9f</load_address>
         <run_address>0x9d9f</run_address>
         <size>0x169</size>
         <input_file_ref idref="fl-3b"/>
      </object_component>
      <object_component id="oc-c8">
         <name>.debug_info</name>
         <load_address>0x9f08</load_address>
         <run_address>0x9f08</run_address>
         <size>0x275</size>
         <input_file_ref idref="fl-3b"/>
      </object_component>
      <object_component id="oc-e9">
         <name>.debug_info</name>
         <load_address>0xa17d</load_address>
         <run_address>0xa17d</run_address>
         <size>0x1a3</size>
         <input_file_ref idref="fl-3b"/>
      </object_component>
      <object_component id="oc-280">
         <name>.debug_info</name>
         <load_address>0xa320</load_address>
         <run_address>0xa320</run_address>
         <size>0x1f4</size>
         <input_file_ref idref="fl-3b"/>
      </object_component>
      <object_component id="oc-1cc">
         <name>.debug_info</name>
         <load_address>0xa514</load_address>
         <run_address>0xa514</run_address>
         <size>0x1d2</size>
         <input_file_ref idref="fl-3b"/>
      </object_component>
      <object_component id="oc-1d2">
         <name>.debug_info</name>
         <load_address>0xa6e6</load_address>
         <run_address>0xa6e6</run_address>
         <size>0x190</size>
         <input_file_ref idref="fl-3b"/>
      </object_component>
      <object_component id="oc-220">
         <name>.debug_info</name>
         <load_address>0xa876</load_address>
         <run_address>0xa876</run_address>
         <size>0x130</size>
         <input_file_ref idref="fl-3b"/>
      </object_component>
      <object_component id="oc-132">
         <name>.debug_info</name>
         <load_address>0xa9a6</load_address>
         <run_address>0xa9a6</run_address>
         <size>0x153</size>
         <input_file_ref idref="fl-3b"/>
      </object_component>
      <object_component id="oc-f6">
         <name>.debug_info</name>
         <load_address>0xaaf9</load_address>
         <run_address>0xaaf9</run_address>
         <size>0x1a0</size>
         <input_file_ref idref="fl-3b"/>
      </object_component>
      <object_component id="oc-a4">
         <name>.debug_info</name>
         <load_address>0xac99</load_address>
         <run_address>0xac99</run_address>
         <size>0x1b1</size>
         <input_file_ref idref="fl-3b"/>
      </object_component>
      <object_component id="oc-9e">
         <name>.debug_info</name>
         <load_address>0xae4a</load_address>
         <run_address>0xae4a</run_address>
         <size>0x206</size>
         <input_file_ref idref="fl-3b"/>
      </object_component>
      <object_component id="oc-1e4">
         <name>.debug_info</name>
         <load_address>0xb050</load_address>
         <run_address>0xb050</run_address>
         <size>0x164</size>
         <input_file_ref idref="fl-3b"/>
      </object_component>
      <object_component id="oc-1fc">
         <name>.debug_info</name>
         <load_address>0xb1b4</load_address>
         <run_address>0xb1b4</run_address>
         <size>0x170</size>
         <input_file_ref idref="fl-3b"/>
      </object_component>
      <object_component id="oc-42c">
         <name>.debug_info</name>
         <load_address>0xb324</load_address>
         <run_address>0xb324</run_address>
         <size>0xf7</size>
      </object_component>
      <object_component id="oc-276">
         <name>.debug_line</name>
         <load_address>0x0</load_address>
         <run_address>0x0</run_address>
         <size>0x184</size>
         <input_file_ref idref="fl-4"/>
      </object_component>
      <object_component id="oc-26a">
         <name>.debug_line</name>
         <load_address>0x184</load_address>
         <run_address>0x184</run_address>
         <size>0x255</size>
         <input_file_ref idref="fl-4"/>
      </object_component>
      <object_component id="oc-1d6">
         <name>.debug_line</name>
         <load_address>0x3d9</load_address>
         <run_address>0x3d9</run_address>
         <size>0x287</size>
         <input_file_ref idref="fl-4"/>
      </object_component>
      <object_component id="oc-c0">
         <name>.debug_line</name>
         <load_address>0x660</load_address>
         <run_address>0x660</run_address>
         <size>0x1bf</size>
         <input_file_ref idref="fl-4"/>
      </object_component>
      <object_component id="oc-25e">
         <name>.debug_line</name>
         <load_address>0x81f</load_address>
         <run_address>0x81f</run_address>
         <size>0x196</size>
         <input_file_ref idref="fl-4"/>
      </object_component>
      <object_component id="oc-257">
         <name>.debug_line</name>
         <load_address>0x9b5</load_address>
         <run_address>0x9b5</run_address>
         <size>0x106</size>
         <input_file_ref idref="fl-4"/>
      </object_component>
      <object_component id="oc-2b6">
         <name>.debug_line</name>
         <load_address>0xabb</load_address>
         <run_address>0xabb</run_address>
         <size>0xde</size>
         <input_file_ref idref="fl-4"/>
      </object_component>
      <object_component id="oc-271">
         <name>.debug_line</name>
         <load_address>0xb99</load_address>
         <run_address>0xb99</run_address>
         <size>0x29a</size>
         <input_file_ref idref="fl-4"/>
      </object_component>
      <object_component id="oc-263">
         <name>.debug_line</name>
         <load_address>0xe33</load_address>
         <run_address>0xe33</run_address>
         <size>0x195</size>
         <input_file_ref idref="fl-4"/>
      </object_component>
      <object_component id="oc-1bd">
         <name>.debug_line</name>
         <load_address>0xfc8</load_address>
         <run_address>0xfc8</run_address>
         <size>0xd0</size>
         <input_file_ref idref="fl-4"/>
      </object_component>
      <object_component id="oc-1c3">
         <name>.debug_line</name>
         <load_address>0x1098</load_address>
         <run_address>0x1098</run_address>
         <size>0x60</size>
         <input_file_ref idref="fl-4"/>
      </object_component>
      <object_component id="oc-1b1">
         <name>.debug_line</name>
         <load_address>0x10f8</load_address>
         <run_address>0x10f8</run_address>
         <size>0xe5</size>
         <input_file_ref idref="fl-4"/>
      </object_component>
      <object_component id="oc-205">
         <name>.debug_line</name>
         <load_address>0x11dd</load_address>
         <run_address>0x11dd</run_address>
         <size>0x131</size>
         <input_file_ref idref="fl-4"/>
      </object_component>
      <object_component id="oc-1ab">
         <name>.debug_line</name>
         <load_address>0x130e</load_address>
         <run_address>0x130e</run_address>
         <size>0x61</size>
         <input_file_ref idref="fl-4"/>
      </object_component>
      <object_component id="oc-1b7">
         <name>.debug_line</name>
         <load_address>0x136f</load_address>
         <run_address>0x136f</run_address>
         <size>0x72</size>
         <input_file_ref idref="fl-4"/>
      </object_component>
      <object_component id="oc-129">
         <name>.debug_line</name>
         <load_address>0x13e1</load_address>
         <run_address>0x13e1</run_address>
         <size>0x36c</size>
         <input_file_ref idref="fl-4"/>
      </object_component>
      <object_component id="oc-232">
         <name>.debug_line</name>
         <load_address>0x174d</load_address>
         <run_address>0x174d</run_address>
         <size>0x50</size>
         <input_file_ref idref="fl-5"/>
      </object_component>
      <object_component id="oc-22e">
         <name>.debug_line</name>
         <load_address>0x179d</load_address>
         <run_address>0x179d</run_address>
         <size>0x50</size>
         <input_file_ref idref="fl-5"/>
      </object_component>
      <object_component id="oc-122">
         <name>.debug_line</name>
         <load_address>0x17ed</load_address>
         <run_address>0x17ed</run_address>
         <size>0x50</size>
         <input_file_ref idref="fl-5"/>
      </object_component>
      <object_component id="oc-31e">
         <name>.debug_line</name>
         <load_address>0x183d</load_address>
         <run_address>0x183d</run_address>
         <size>0x50</size>
         <input_file_ref idref="fl-5"/>
      </object_component>
      <object_component id="oc-361">
         <name>.debug_line</name>
         <load_address>0x188d</load_address>
         <run_address>0x188d</run_address>
         <size>0x50</size>
         <input_file_ref idref="fl-5"/>
      </object_component>
      <object_component id="oc-31b">
         <name>.debug_line</name>
         <load_address>0x18dd</load_address>
         <run_address>0x18dd</run_address>
         <size>0x63</size>
         <input_file_ref idref="fl-5"/>
      </object_component>
      <object_component id="oc-292">
         <name>.debug_line</name>
         <load_address>0x1940</load_address>
         <run_address>0x1940</run_address>
         <size>0x63</size>
         <input_file_ref idref="fl-5"/>
      </object_component>
      <object_component id="oc-328">
         <name>.debug_line</name>
         <load_address>0x19a3</load_address>
         <run_address>0x19a3</run_address>
         <size>0xcf</size>
         <input_file_ref idref="fl-5"/>
      </object_component>
      <object_component id="oc-2a3">
         <name>.debug_line</name>
         <load_address>0x1a72</load_address>
         <run_address>0x1a72</run_address>
         <size>0x63</size>
         <input_file_ref idref="fl-5"/>
      </object_component>
      <object_component id="oc-1e9">
         <name>.debug_line</name>
         <load_address>0x1ad5</load_address>
         <run_address>0x1ad5</run_address>
         <size>0x63</size>
         <input_file_ref idref="fl-5"/>
      </object_component>
      <object_component id="oc-1f7">
         <name>.debug_line</name>
         <load_address>0x1b38</load_address>
         <run_address>0x1b38</run_address>
         <size>0x63</size>
         <input_file_ref idref="fl-5"/>
      </object_component>
      <object_component id="oc-1f1">
         <name>.debug_line</name>
         <load_address>0x1b9b</load_address>
         <run_address>0x1b9b</run_address>
         <size>0xea</size>
         <input_file_ref idref="fl-5"/>
      </object_component>
      <object_component id="oc-29c">
         <name>.debug_line</name>
         <load_address>0x1c85</load_address>
         <run_address>0x1c85</run_address>
         <size>0xea</size>
         <input_file_ref idref="fl-5"/>
      </object_component>
      <object_component id="oc-17b">
         <name>.debug_line</name>
         <load_address>0x1d6f</load_address>
         <run_address>0x1d6f</run_address>
         <size>0x314</size>
         <input_file_ref idref="fl-5"/>
      </object_component>
      <object_component id="oc-143">
         <name>.debug_line</name>
         <load_address>0x2083</load_address>
         <run_address>0x2083</run_address>
         <size>0xb3</size>
         <input_file_ref idref="fl-5"/>
      </object_component>
      <object_component id="oc-24f">
         <name>.debug_line</name>
         <load_address>0x2136</load_address>
         <run_address>0x2136</run_address>
         <size>0xfe</size>
         <input_file_ref idref="fl-a"/>
      </object_component>
      <object_component id="oc-244">
         <name>.debug_line</name>
         <load_address>0x2234</load_address>
         <run_address>0x2234</run_address>
         <size>0x105</size>
         <input_file_ref idref="fl-a"/>
      </object_component>
      <object_component id="oc-1a9">
         <name>.debug_line</name>
         <load_address>0x2339</load_address>
         <run_address>0x2339</run_address>
         <size>0x17d</size>
         <input_file_ref idref="fl-a"/>
      </object_component>
      <object_component id="oc-2d3">
         <name>.debug_line</name>
         <load_address>0x24b6</load_address>
         <run_address>0x24b6</run_address>
         <size>0x144</size>
         <input_file_ref idref="fl-a"/>
      </object_component>
      <object_component id="oc-a8">
         <name>.debug_line</name>
         <load_address>0x25fa</load_address>
         <run_address>0x25fa</run_address>
         <size>0xa6</size>
         <input_file_ref idref="fl-b"/>
      </object_component>
      <object_component id="oc-fc">
         <name>.debug_line</name>
         <load_address>0x26a0</load_address>
         <run_address>0x26a0</run_address>
         <size>0xae</size>
         <input_file_ref idref="fl-b"/>
      </object_component>
      <object_component id="oc-352">
         <name>.debug_line</name>
         <load_address>0x274e</load_address>
         <run_address>0x274e</run_address>
         <size>0x88</size>
         <input_file_ref idref="fl-16"/>
      </object_component>
      <object_component id="oc-2fe">
         <name>.debug_line</name>
         <load_address>0x27d6</load_address>
         <run_address>0x27d6</run_address>
         <size>0x92</size>
         <input_file_ref idref="fl-16"/>
      </object_component>
      <object_component id="oc-374">
         <name>.debug_line</name>
         <load_address>0x2868</load_address>
         <run_address>0x2868</run_address>
         <size>0xbd</size>
         <input_file_ref idref="fl-16"/>
      </object_component>
      <object_component id="oc-30d">
         <name>.debug_line</name>
         <load_address>0x2925</load_address>
         <run_address>0x2925</run_address>
         <size>0x8b</size>
         <input_file_ref idref="fl-17"/>
      </object_component>
      <object_component id="oc-306">
         <name>.debug_line</name>
         <load_address>0x29b0</load_address>
         <run_address>0x29b0</run_address>
         <size>0x8a</size>
         <input_file_ref idref="fl-17"/>
      </object_component>
      <object_component id="oc-377">
         <name>.debug_line</name>
         <load_address>0x2a3a</load_address>
         <run_address>0x2a3a</run_address>
         <size>0x21</size>
         <input_file_ref idref="fl-17"/>
      </object_component>
      <object_component id="oc-2db">
         <name>.debug_line</name>
         <load_address>0x2a5b</load_address>
         <run_address>0x2a5b</run_address>
         <size>0x86</size>
         <input_file_ref idref="fl-18"/>
      </object_component>
      <object_component id="oc-36d">
         <name>.debug_line</name>
         <load_address>0x2ae1</load_address>
         <run_address>0x2ae1</run_address>
         <size>0xc7</size>
         <input_file_ref idref="fl-18"/>
      </object_component>
      <object_component id="oc-236">
         <name>.debug_line</name>
         <load_address>0x2ba8</load_address>
         <run_address>0x2ba8</run_address>
         <size>0xff</size>
         <input_file_ref idref="fl-1a"/>
      </object_component>
      <object_component id="oc-331">
         <name>.debug_line</name>
         <load_address>0x2ca7</load_address>
         <run_address>0x2ca7</run_address>
         <size>0xc1</size>
         <input_file_ref idref="fl-1a"/>
      </object_component>
      <object_component id="oc-2fa">
         <name>.debug_line</name>
         <load_address>0x2d68</load_address>
         <run_address>0x2d68</run_address>
         <size>0x8a</size>
         <input_file_ref idref="fl-1b"/>
      </object_component>
      <object_component id="oc-2f4">
         <name>.debug_line</name>
         <load_address>0x2df2</load_address>
         <run_address>0x2df2</run_address>
         <size>0x8a</size>
         <input_file_ref idref="fl-1b"/>
      </object_component>
      <object_component id="oc-2df">
         <name>.debug_line</name>
         <load_address>0x2e7c</load_address>
         <run_address>0x2e7c</run_address>
         <size>0x8b</size>
         <input_file_ref idref="fl-1b"/>
      </object_component>
      <object_component id="oc-2ef">
         <name>.debug_line</name>
         <load_address>0x2f07</load_address>
         <run_address>0x2f07</run_address>
         <size>0xa1</size>
         <input_file_ref idref="fl-1b"/>
      </object_component>
      <object_component id="oc-2e5">
         <name>.debug_line</name>
         <load_address>0x2fa8</load_address>
         <run_address>0x2fa8</run_address>
         <size>0x8c</size>
         <input_file_ref idref="fl-1b"/>
      </object_component>
      <object_component id="oc-370">
         <name>.debug_line</name>
         <load_address>0x3034</load_address>
         <run_address>0x3034</run_address>
         <size>0xbf</size>
         <input_file_ref idref="fl-1b"/>
      </object_component>
      <object_component id="oc-cb">
         <name>.debug_line</name>
         <load_address>0x30f3</load_address>
         <run_address>0x30f3</run_address>
         <size>0x88</size>
         <input_file_ref idref="fl-1c"/>
      </object_component>
      <object_component id="oc-d4">
         <name>.debug_line</name>
         <load_address>0x317b</load_address>
         <run_address>0x317b</run_address>
         <size>0x9b</size>
         <input_file_ref idref="fl-1c"/>
      </object_component>
      <object_component id="oc-254">
         <name>.debug_line</name>
         <load_address>0x3216</load_address>
         <run_address>0x3216</run_address>
         <size>0x10a</size>
         <input_file_ref idref="fl-1c"/>
      </object_component>
      <object_component id="oc-d7">
         <name>.debug_line</name>
         <load_address>0x3320</load_address>
         <run_address>0x3320</run_address>
         <size>0x88</size>
         <input_file_ref idref="fl-1c"/>
      </object_component>
      <object_component id="oc-2ae">
         <name>.debug_line</name>
         <load_address>0x33a8</load_address>
         <run_address>0x33a8</run_address>
         <size>0x109</size>
         <input_file_ref idref="fl-1c"/>
      </object_component>
      <object_component id="oc-dd">
         <name>.debug_line</name>
         <load_address>0x34b1</load_address>
         <run_address>0x34b1</run_address>
         <size>0x89</size>
         <input_file_ref idref="fl-1c"/>
      </object_component>
      <object_component id="oc-12c">
         <name>.debug_line</name>
         <load_address>0x353a</load_address>
         <run_address>0x353a</run_address>
         <size>0x21</size>
         <input_file_ref idref="fl-1c"/>
      </object_component>
      <object_component id="oc-365">
         <name>.debug_line</name>
         <load_address>0x355b</load_address>
         <run_address>0x355b</run_address>
         <size>0xc0</size>
         <input_file_ref idref="fl-1e"/>
      </object_component>
      <object_component id="oc-336">
         <name>.debug_line</name>
         <load_address>0x361b</load_address>
         <run_address>0x361b</run_address>
         <size>0xf7</size>
         <input_file_ref idref="fl-1e"/>
      </object_component>
      <object_component id="oc-33e">
         <name>.debug_line</name>
         <load_address>0x3712</load_address>
         <run_address>0x3712</run_address>
         <size>0x115</size>
         <input_file_ref idref="fl-1e"/>
      </object_component>
      <object_component id="oc-2c7">
         <name>.debug_line</name>
         <load_address>0x3827</load_address>
         <run_address>0x3827</run_address>
         <size>0x9c</size>
         <input_file_ref idref="fl-1e"/>
      </object_component>
      <object_component id="oc-2cd">
         <name>.debug_line</name>
         <load_address>0x38c3</load_address>
         <run_address>0x38c3</run_address>
         <size>0x1e5</size>
         <input_file_ref idref="fl-1e"/>
      </object_component>
      <object_component id="oc-23e">
         <name>.debug_line</name>
         <load_address>0x3aa8</load_address>
         <run_address>0x3aa8</run_address>
         <size>0x205</size>
         <input_file_ref idref="fl-1e"/>
      </object_component>
      <object_component id="oc-347">
         <name>.debug_line</name>
         <load_address>0x3cad</load_address>
         <run_address>0x3cad</run_address>
         <size>0x72</size>
         <input_file_ref idref="fl-1e"/>
      </object_component>
      <object_component id="oc-289">
         <name>.debug_line</name>
         <load_address>0x3d1f</load_address>
         <run_address>0x3d1f</run_address>
         <size>0x8c</size>
         <input_file_ref idref="fl-1f"/>
      </object_component>
      <object_component id="oc-35d">
         <name>.debug_line</name>
         <load_address>0x3dab</load_address>
         <run_address>0x3dab</run_address>
         <size>0xbf</size>
         <input_file_ref idref="fl-1f"/>
      </object_component>
      <object_component id="oc-344">
         <name>.debug_line</name>
         <load_address>0x3e6a</load_address>
         <run_address>0x3e6a</run_address>
         <size>0x8f</size>
         <input_file_ref idref="fl-21"/>
      </object_component>
      <object_component id="oc-11d">
         <name>.debug_line</name>
         <load_address>0x3ef9</load_address>
         <run_address>0x3ef9</run_address>
         <size>0x4f</size>
[...]
      <symbol id="sm-9">
         <name>ctrlfuncsLoadEnd</name>
         <value>0xa000</value>
      </symbol>
      <symbol id="sm-a">
         <name>ctrlfuncsRunStart</name>
         <value>0xa000</value>
      </symbol>
      <symbol id="sm-b">
         <name>ctrlfuncsRunSize</name>
         <value>0x0</value>
      </symbol>
      <symbol id="sm-c">
         <name>ctrlfuncsRunEnd</name>
         <value>0xa000</value>
      </symbol>
      <symbol id="sm-d">
         <name>__TI_CINIT_Base</name>
         <value>0x82b88</value>
      </symbol>
      <symbol id="sm-e">
         <name>__TI_CINIT_Limit</name>
         <value>0x82b9c</value>
      </symbol>
      <symbol id="sm-f">
         <name>__TI_CINIT_Warm</name>
         <value>0x82b9c</value>
      </symbol>
      <symbol id="sm-10">
         <name>__TI_Handler_Table_Base</name>
         <value>0x82b76</value>
      </symbol>
      <symbol id="sm-11">
         <name>__TI_Handler_Table_Limit</name>
         <value>0x82b7c</value>
      </symbol>
      <symbol id="sm-12">
         <name>__TI_STACK_SIZE</name>
         <value>0x120</value>
      </symbol>
      <symbol id="sm-13">
         <name>__TI_STACK_END</name>
         <value>0x170</value>
      </symbol>
      <symbol id="sm-14">
         <name>__TI_pprof_out_hndl</name>
         <value>0xffffffff</value>
      </symbol>
      <symbol id="sm-15">
         <name>__TI_prof_data_start</name>
         <value>0xffffffff</value>
      </symbol>
      <symbol id="sm-16">
         <name>__TI_prof_data_size</name>
         <value>0xffffffff</value>
      </symbol>
      <symbol id="sm-19b">
         <name>offsetCalCounter</name>
         <value>0x5f4</value>
         <object_component_ref idref="oc-2a6"/>
      </symbol>
      <symbol id="sm-19c">
         <name>FCL_getSwVersion</name>
         <value>0x8268e</value>
         <object_component_ref idref="oc-1e0"/>
      </symbol>
      <symbol id="sm-19d">
         <name>halMtr</name>
         <value>0x594</value>
         <object_component_ref idref="oc-108"/>
      </symbol>
      <symbol id="sm-19e">
         <name>runOffsetsCalculation</name>
         <value>0x8142c</value>
         <object_component_ref idref="oc-1fe"/>
      </symbol>
      <symbol id="sm-19f">
         <name>halMtrHandle</name>
         <value>0x5b8</value>
         <object_component_ref idref="oc-105"/>
      </symbol>
      <symbol id="sm-1a0">
         <name>memcpy</name>
         <value>0x82492</value>
         <object_component_ref idref="oc-e5"/>
      </symbol>
      <symbol id="sm-1a1">
         <name>DLOG_2CH_F_init</name>
         <value>0x824e4</value>
         <object_component_ref idref="oc-1f8"/>
      </symbol>
      <symbol id="sm-1a2">
         <name>runMotor</name>
         <value>0x5c0</value>
         <object_component_ref idref="oc-19e"/>
      </symbol>
      <symbol id="sm-1a3">
         <name>IdRef</name>
         <value>0x188</value>
         <object_component_ref idref="oc-2b1"/>
      </symbol>
      <symbol id="sm-1a4">
         <name>_nop</name>
         <value>0x82693</value>
         <object_component_ref idref="oc-21c"/>
      </symbol>
      <symbol id="sm-1a5">
         <name>hal</name>
         <value>0x5c6</value>
         <object_component_ref idref="oc-19e"/>
      </symbol>
      <symbol id="sm-1a6">
         <name>motorVars</name>
         <value>0x200</value>
         <object_component_ref idref="oc-ff"/>
      </symbol>
      <symbol id="sm-1a7">
         <name>VdTesting</name>
         <value>0x180</value>
         <object_component_ref idref="oc-2b1"/>
      </symbol>
      <symbol id="sm-1a8">
         <name>speedRef</name>
         <value>0x186</value>
         <object_component_ref idref="oc-2b1"/>
      </symbol>
      <symbol id="sm-1a9">
         <name>_lock</name>
         <value>0x5f2</value>
         <object_component_ref idref="oc-181"/>
      </symbol>
      <symbol id="sm-1aa">
         <name>halHandle</name>
         <value>0x5c4</value>
         <object_component_ref idref="oc-19e"/>
      </symbol>
      <symbol id="sm-1ab">
         <name>runControl</name>
         <value>0x82240</value>
         <object_component_ref idref="oc-20a"/>
      </symbol>
      <symbol id="sm-1ac">
         <name>VqTesting</name>
         <value>0x182</value>
         <object_component_ref idref="oc-2b1"/>
      </symbol>
      <symbol id="sm-1ad">
         <name>runMotorControl</name>
         <value>0x81596</value>
         <object_component_ref idref="oc-210"/>
      </symbol>
      <symbol id="sm-1ae">
         <name>FCL_initPWM</name>
         <value>0x81fac</value>
         <object_component_ref idref="oc-27c"/>
      </symbol>
      <symbol id="sm-1af">
         <name>__TI_decompress_lzss</name>
         <value>0x822d3</value>
         <object_component_ref idref="oc-9a"/>
      </symbol>
      <symbol id="sm-1b0">
         <name>initControlVars</name>
         <value>0x8129f</value>
         <object_component_ref idref="oc-1ce"/>
      </symbol>
      <symbol id="sm-1b1">
         <name>motor1ControlISR</name>
         <value>0xaf00</value>
         <object_component_ref idref="oc-be"/>
      </symbol>
      <symbol id="sm-1b2">
         <name>initMotorParameters</name>
         <value>0x816f4</value>
         <object_component_ref idref="oc-1c8"/>
      </symbol>
      <symbol id="sm-1b3">
         <name>motor2ControlISR</name>
         <value>0xb3ab</value>
         <object_component_ref idref="oc-b8"/>
      </symbol>
      <symbol id="sm-1b4">
         <name>posArray</name>
         <value>0x18c</value>
         <object_component_ref idref="oc-2b1"/>
      </symbol>
      <symbol id="sm-1b5">
         <name>flagSyncRun</name>
         <value>0x5c2</value>
         <object_component_ref idref="oc-19e"/>
      </symbol>
      <symbol id="sm-1b6">
         <name>IqRef</name>
         <value>0x18a</value>
         <object_component_ref idref="oc-2b1"/>
      </symbol>
      <symbol id="sm-1b7">
         <name>resetControlVars</name>
         <value>0x82301</value>
         <object_component_ref idref="oc-1da"/>
      </symbol>
      <symbol id="sm-1b8">
         <name>__TI_decompress_none</name>
         <value>0x8264d</value>
         <object_component_ref idref="oc-a0"/>
      </symbol>
      <symbol id="sm-1b9">
         <name>_system_pre_init</name>
         <value>0x82691</value>
         <object_component_ref idref="oc-12e"/>
      </symbol>
      <symbol id="sm-1ba">
         <name>posPtrMax</name>
         <value>0x184</value>
         <object_component_ref idref="oc-2b1"/>
      </symbol>
      <symbol id="sm-1bb">
         <name>ctrlState</name>
         <value>0x5c1</value>
         <object_component_ref idref="oc-19e"/>
      </symbol>
      <symbol id="sm-1bc">
         <name>__TI_zero_init</name>
         <value>0x82688</value>
         <object_component_ref idref="oc-f2"/>
      </symbol>
      <symbol id="sm-23e">
         <name>HAL_clearDataRAM</name>
         <value>0x8265d</value>
         <object_component_ref idref="oc-1aa"/>
      </symbol>
      <symbol id="sm-23f">
         <name>HAL_MTR_init</name>
         <value>0x823dc</value>
         <object_component_ref idref="oc-1b6"/>
      </symbol>
      <symbol id="sm-240">
         <name>HAL_setupADCs</name>
         <value>0x81b78</value>
         <object_component_ref idref="oc-262"/>
      </symbol>
      <symbol id="sm-241">
         <name>HAL_init</name>
         <value>0x822a4</value>
         <object_component_ref idref="oc-1b0"/>
      </symbol>
      <symbol id="sm-242">
         <name>HAL_setupQEP</name>
         <value>0x82036</value>
         <object_component_ref idref="oc-275"/>
      </symbol>
      <symbol id="sm-243">
         <name>HAL_setupMotorPWMs</name>
         <value>0x81c6e</value>
         <object_component_ref idref="oc-269"/>
      </symbol>
      <symbol id="sm-244">
         <name>HAL_setMotorParams</name>
         <value>0x82615</value>
         <object_component_ref idref="oc-1c2"/>
      </symbol>
      <symbol id="sm-245">
         <name>HAL_enableInterrupts</name>
         <value>0x825d4</value>
         <object_component_ref idref="oc-204"/>
      </symbol>
      <symbol id="sm-246">
         <name>HAL_setupGPIOs</name>
         <value>0x81000</value>
         <object_component_ref idref="oc-25c"/>
      </symbol>
      <symbol id="sm-247">
         <name>HAL_setParams</name>
         <value>0x8232f</value>
         <object_component_ref idref="oc-1bc"/>
      </symbol>
      <symbol id="sm-248">
         <name>HAL_setupCMPSS</name>
         <value>0x81965</value>
         <object_component_ref idref="oc-26f"/>
      </symbol>
      <symbol id="sm-249">
         <name>HAL_setupCpuTimer</name>
         <value>0x824fe</value>
         <object_component_ref idref="oc-256"/>
      </symbol>
      <symbol id="sm-24a">
         <name>HAL_setupMotorFaultProtection</name>
         <value>0x81e4a</value>
         <object_component_ref idref="oc-1d4"/>
      </symbol>
      <symbol id="sm-24b">
         <name>HAL_setupInterrupts</name>
         <value>0x82196</value>
         <object_component_ref idref="oc-bf"/>
      </symbol>
      <symbol id="sm-24c">
         <name>HAL_setupCMPSS_DACValue</name>
         <value>0x825e6</value>
         <object_component_ref idref="oc-2b5"/>
      </symbol>
      <symbol id="sm-2b4">
         <name>vTimer1</name>
         <value>0x5e4</value>
         <object_component_ref idref="oc-31f"/>
      </symbol>
      <symbol id="sm-2b5">
         <name>vTimer0</name>
         <value>0x5bc</value>
         <object_component_ref idref="oc-294"/>
      </symbol>
      <symbol id="sm-2b6">
         <name>B_Task_Ptr</name>
         <value>0x5e2</value>
         <object_component_ref idref="oc-1a1"/>
      </symbol>
      <symbol id="sm-2b7">
         <name>test2</name>
         <value>0x5ee</value>
         <object_component_ref idref="oc-19b"/>
      </symbol>
      <symbol id="sm-2b8">
         <name>A_Task_Ptr</name>
         <value>0x5e0</value>
         <object_component_ref idref="oc-1a1"/>
      </symbol>
      <symbol id="sm-2b9">
         <name>Alpha_State_Ptr</name>
         <value>0x5de</value>
         <object_component_ref idref="oc-1a1"/>
      </symbol>
      <symbol id="sm-2ba">
         <name>serialCommsTimer</name>
         <value>0x5d8</value>
         <object_component_ref idref="oc-1a1"/>
      </symbol>
      <symbol id="sm-2bb">
         <name>dlogCh1</name>
         <value>0xc000</value>
         <object_component_ref idref="oc-102"/>
      </symbol>
      <symbol id="sm-2bc">
         <name>dlogCh2</name>
         <value>0xc002</value>
         <object_component_ref idref="oc-102"/>
      </symbol>
      <symbol id="sm-2bd">
         <name>main</name>
         <value>0x81a71</value>
         <object_component_ref idref="oc-176"/>
      </symbol>
      <symbol id="sm-2be">
         <name>led2Cnt</name>
         <value>0x5dc</value>
         <object_component_ref idref="oc-1a1"/>
      </symbol>
      <symbol id="sm-2bf">
         <name>B3</name>
         <value>0x8267c</value>
         <object_component_ref idref="oc-316"/>
      </symbol>
      <symbol id="sm-2c0">
         <name>B2</name>
         <value>0x82676</value>
         <object_component_ref idref="oc-28d"/>
      </symbol>
      <symbol id="sm-2c1">
         <name>B1</name>
         <value>0x82670</value>
         <object_component_ref idref="oc-1e6"/>
      </symbol>
      <symbol id="sm-2c2">
         <name>B0</name>
         <value>0x8257c</value>
         <object_component_ref idref="oc-297"/>
      </symbol>
      <symbol id="sm-2c3">
         <name>A3</name>
         <value>0x82607</value>
         <object_component_ref idref="oc-323"/>
      </symbol>
      <symbol id="sm-2c4">
         <name>A2</name>
         <value>0x8266a</value>
         <object_component_ref idref="oc-29e"/>
      </symbol>
      <symbol id="sm-2c5">
         <name>A1</name>
         <value>0x82664</value>
         <object_component_ref idref="oc-1f2"/>
      </symbol>
      <symbol id="sm-2c6">
         <name>A0</name>
         <value>0x824ca</value>
         <object_component_ref idref="oc-1ec"/>
      </symbol>
      <symbol id="sm-2c7">
         <name>dlog_2ch1</name>
         <value>0xc004</value>
         <object_component_ref idref="oc-102"/>
      </symbol>
      <symbol id="sm-2c8">
         <name>backTicker</name>
         <value>0x5da</value>
         <object_component_ref idref="oc-1a1"/>
      </symbol>
      <symbol id="sm-2c9">
         <name>led1Cnt</name>
         <value>0x5db</value>
         <object_component_ref idref="oc-1a1"/>
      </symbol>
      <symbol id="sm-2ca">
         <name>test</name>
         <value>0x5f0</value>
         <object_component_ref idref="oc-19b"/>
      </symbol>
      <symbol id="sm-2cb">
         <name>DBUFF_4CH1</name>
         <value>0xc016</value>
         <object_component_ref idref="oc-102"/>
      </symbol>
      <symbol id="sm-2cc">
         <name>DBUFF_4CH2</name>
         <value>0xc1a6</value>
         <object_component_ref idref="oc-102"/>
      </symbol>
      <symbol id="sm-2cd">
         <name>enableFlag</name>
         <value>0x5d9</value>
         <object_component_ref idref="oc-1a1"/>
      </symbol>
      <symbol id="sm-2e9">
         <name>Device_enableAllPeripherals</name>
         <value>0x81f0c</value>
         <object_component_ref idref="oc-23f"/>
      </symbol>
      <symbol id="sm-2ea">
         <name>Device_initGPIO</name>
         <value>0x825f7</value>
         <object_component_ref idref="oc-24a"/>
      </symbol>
      <symbol id="sm-2eb">
         <name>Device_init</name>
         <value>0x821d3</value>
         <object_component_ref idref="oc-1a4"/>
      </symbol>
      <symbol id="sm-2fa">
         <name>code_start</name>
         <value>0x80000</value>
         <object_component_ref idref="oc-a7"/>
      </symbol>
      <symbol id="sm-314">
         <name>ADC_setOffsetTrimAll</name>
         <value>0x825aa</value>
         <object_component_ref idref="oc-351"/>
      </symbol>
      <symbol id="sm-315">
         <name>ADC_setVREF</name>
         <value>0x82518</value>
         <object_component_ref idref="oc-2fd"/>
      </symbol>
      <symbol id="sm-329">
         <name>CMPSS_configFilterHigh</name>
         <value>0x82531</value>
         <object_component_ref idref="oc-305"/>
      </symbol>
      <symbol id="sm-32a">
         <name>CMPSS_configFilterLow</name>
         <value>0x8254a</value>
         <object_component_ref idref="oc-30b"/>
      </symbol>
      <symbol id="sm-337">
         <name>CPUTimer_setEmulationMode</name>
         <value>0x82682</value>
         <object_component_ref idref="oc-2d7"/>
      </symbol>
      <symbol id="sm-345">
         <name>Flash_initModule</name>
         <value>0xb36c</value>
         <object_component_ref idref="oc-233"/>
      </symbol>
      <symbol id="sm-376">
         <name>GPIO_setQualificationMode</name>
         <value>0x8242f</value>
         <object_component_ref idref="oc-2f0"/>
      </symbol>
      <symbol id="sm-377">
         <name>GPIO_setPadConfig</name>
         <value>0x82119</value>
         <object_component_ref idref="oc-2ea"/>
      </symbol>
      <symbol id="sm-378">
         <name>GPIO_setDirectionMode</name>
         <value>0x82472</value>
         <object_component_ref idref="oc-2e4"/>
      </symbol>
      <symbol id="sm-379">
         <name>GPIO_setQualificationPeriod</name>
         <value>0x824af</value>
         <object_component_ref idref="oc-2f6"/>
      </symbol>
      <symbol id="sm-37a">
         <name>GPIO_setPinConfig</name>
         <value>0x82274</value>
         <object_component_ref idref="oc-2de"/>
      </symbol>
      <symbol id="sm-3b1">
         <name>Interrupt_defaultHandler</name>
         <value>0x82621</value>
         <object_component_ref idref="oc-dc"/>
      </symbol>
      <symbol id="sm-3b2">
         <name>Interrupt_initModule</name>
         <value>0x820d8</value>
         <object_component_ref idref="oc-250"/>
      </symbol>
      <symbol id="sm-3b3">
         <name>Interrupt_nmiHandler</name>
         <value>0x82643</value>
         <object_component_ref idref="oc-ca"/>
      </symbol>
      <symbol id="sm-3b4">
         <name>Interrupt_enable</name>
         <value>0x8220a</value>
         <object_component_ref idref="oc-2aa"/>
      </symbol>
      <symbol id="sm-3b5">
         <name>Interrupt_initVectorTable</name>
         <value>0x825bf</value>
         <object_component_ref idref="oc-d0"/>
      </symbol>
      <symbol id="sm-3b6">
         <name>Interrupt_illegalOperationHandler</name>
         <value>0x82639</value>
         <object_component_ref idref="oc-d6"/>
      </symbol>
      <symbol id="sm-416">
         <name>SysCtl_isPLLValid</name>
         <value>0x81d61</value>
         <object_component_ref idref="oc-2c9"/>
      </symbol>
      <symbol id="sm-417">
         <name>SysCtl_delay</name>
         <value>0xb3b3</value>
         <object_component_ref idref="oc-2c2"/>
      </symbol>
      <symbol id="sm-418">
         <name>SysCtl_selectXTALSingleEnded</name>
         <value>0x82451</value>
         <object_component_ref idref="oc-333"/>
      </symbol>
      <symbol id="sm-419">
         <name>SysCtl_selectXTAL</name>
         <value>0x82093</value>
         <object_component_ref idref="oc-339"/>
      </symbol>
      <symbol id="sm-41a">
         <name>SysCtl_selectOscSource</name>
         <value>0x8235b</value>
         <object_component_ref idref="oc-2c3"/>
      </symbol>
      <symbol id="sm-41b">
         <name>SysCtl_setClock</name>
         <value>0x81848</value>
         <object_component_ref idref="oc-239"/>
      </symbol>
      <symbol id="sm-428">
         <name>XBAR_setEPWMMuxConfig</name>
         <value>0x82386</value>
         <object_component_ref idref="oc-284"/>
      </symbol>
      <symbol id="sm-431">
         <name>__c28xabi_divf</name>
         <value>0x82563</value>
         <object_component_ref idref="oc-340"/>
      </symbol>
      <symbol id="sm-43b">
         <name>_c_int00</name>
         <value>0x82593</value>
         <object_component_ref idref="oc-119"/>
      </symbol>
      <symbol id="sm-43c">
         <name>__stack</name>
         <value>0x50</value>
         <object_component_ref idref="oc-e2"/>
      </symbol>
      <symbol id="sm-44c">
         <name>__TI_auto_init_nobinit_nopinit</name>
         <value>0x823b1</value>
         <object_component_ref idref="oc-146"/>
      </symbol>
      <symbol id="sm-462">
         <name>C$$EXIT</name>
         <value>0x82406</value>
         <object_component_ref idref="oc-13b"/>
      </symbol>
      <symbol id="sm-463">
         <name>abort</name>
         <value>0x82406</value>
         <object_component_ref idref="oc-13b"/>
      </symbol>
      <symbol id="sm-464">
         <name>exit</name>
         <value>0x82408</value>
         <object_component_ref idref="oc-13b"/>
      </symbol>
      <symbol id="sm-465">
         <name>__TI_dtors_ptr</name>
         <value>0x5ec</value>
         <object_component_ref idref="oc-17e"/>
      </symbol>
      <symbol id="sm-466">
         <name>__TI_cleanup_ptr</name>
         <value>0x5ea</value>
         <object_component_ref idref="oc-17e"/>
      </symbol>
      <symbol id="sm-467">
         <name>__TI_enable_exit_profile_output</name>
         <value>0x5e8</value>
         <object_component_ref idref="oc-17e"/>
      </symbol>
      <symbol id="sm-476">
         <name>_args_main</name>
         <value>0x8262d</value>
         <object_component_ref idref="oc-135"/>
      </symbol>
      <symbol id="sm-483">
         <name>_system_post_cinit</name>
         <value>0x82694</value>
         <object_component_ref idref="oc-186"/>
      </symbol>
      <symbol id="sm-485">
         <name>__c_args__</name>
         <value>0x0</value>
      </symbol>
   </symbol_table>
   <title>Link successful</title>
</link_info>
